
























































[   79.902086] platform_load_finish

[1] 3101
root@nutshell:/ # I/start   (  137): [TC:70227][TT:47] [nhsysctrl] Awake start, collected linux crash dump, awake database, set bootmode/bootsubmode to sysinfo firs
I/start   (  137): [TC:70231][TT:51] [nhsysctrl] intracall to uCom to do connection with micon first
I/start   (  137): [TC:70238][TT:55] [nhsysctrl] database awake start
I/start   (  147): [TC:70241][TT:503] [OpeningService] 70241 : correct time
I/start   (  147): [TC:70241][TT:503] [OpeningService] opening onAwake
I/start   (  147): [TC:70241][TT:503] [OpeningService] plcaution do not start : sys.nutshell.plcaution
I/start   (  138): [TC:70237][TT:6] [NHuCom] recevie awake command from SysCtrl, open device, send connect command to micon
I/start   (  147): [TC:70242][TT:504] [OpeningService] 70242 : isStartOpening time
I/start   (  147): [TC:70242][TT:292] [OpeningService] 70242 : correct time
I/start   (  147): [TC:70242][TT:292] [OpeningService] OpeningThreadJobMoviePlayer Start
I/start   (  147): [TC:70242][TT:292] [OpeningService] 70242 : correct time
I/start   (  147): [TC:70242][TT:292] [OpeningPlayer] Prepare Enter
I/start   (  137): [TC:70416][TT:55] [nhsysctrl] database awake end
I/start   (  137): [TC:70424][TT:59] [nhsysctrl] at the same time, set propety to notify init to do mount
I/start   (  138): [TC:70439][TT:8] [NHuCom] receive initial value
I/start   (  138): [TC:70795][TT:13] [NHuCom] send coorperation opening command for B OFF startup
I/start   (  147): [TC:71095][TT:299] [OpeningPlayer] Prepare finished
I/start   (  147): [TC:71095][TT:299] [OpeningPlayer] First Frame Appeared
I/start   (  147): [TC:71095][TT:299] [OpeningService] 71095 : correct time
I/start   (  137): [TC:71469][TT:70] [nhsysctrl] notify awake event to system server, ucom communication OK
I/start   (  146): [TC:71475][TT:7] [ServiceManager] scheduleAwake
I/start   (  137): [TC:71473][TT:72] [nhsysctrl] bootmode is normal && bootSubMode is snapshot start, notify HAL awake
I/start   (  138): [TC:71531][TT:2] [NHAvcH] start onAwake
I/start   (  138): [TC:71531][TT:2] [NHAvcH] start check Model Info
I/start   (  138): [TC:71531][TT:2] [NHAvcH] end check Model Info
I/start   (  138): [TC:71550][TT:2] [NHAvcH] start loadFromBackup
I/start   (  138): [TC:71578][TT:3] [NHAvcH] end loadFromBackup
I/start   (  138): [TC:71578][TT:3] [NHAvcH] DCU run individually!!
I/start   (  146): [TC:71580][TT:176] [ServiceManager] askStartService [nutshell.common.system:2]
I/start   (  146): [TC:71580][TT:177] [ServiceManager] askStartService [nutshell.appmanager:2]
I/start   (  146): [TC:71580][TT:177] [ServiceManager] askStartService [nutshell.appframework.packagemanager:2]
I/start   (  146): [TC:71580][TT:177] [ServiceManager] askStartService [nutshell.common.system:2]
I/start   (  146): [TC:71580][TT:177] [ServiceManager] askStartService [nutshell.policymanager:2]
I/start   (  146): [TC:71581][TT:177] [ServiceManager] askStartService [nutshell.windowmanager:2]
I/start   (  146): [TC:71581][TT:177] [ServiceManager] askStartService [nutshell.media.audioservice:2]
I/start   (  146): [TC:71581][TT:177] [ServiceManager] askStartService [nutshell.media.mediaplayer:2]
I/start   (  146): [TC:71581][TT:177] [ServiceManager] askStartService [nutshell.vehicleinfo:2]
I/start   (  146): [TC:71581][TT:177] [ServiceManager] askStartService [nutshell.providermanager:2]
I/start   (  146): [TC:71581][TT:177] [ServiceManager] askStartService [nutshell.common.connect:2]
I/start   (  146): [TC:71581][TT:177] [ServiceManager] askStartService [nutshell.common.networkmanager:2]
I/start   (  146): [TC:71581][TT:178] [ServiceManager] askStartService [nutshell.media.infoprovider:2]
I/start   (  146): [TC:71581][TT:178] [ServiceManager] askStartService [nutshell.media.provider:2]
I/start   (  146): [TC:71581][TT:178] [ServiceManager] askStartService [nutshell.common.storagescanner:2]
I/start   (  146): [TC:71581][TT:178] [ServiceManager] askStartService [nutshell.camera.camera:2]
I/start   (  146): [TC:71581][TT:178] [ServiceManager] askStartService [nutshell.media.beepservice:2]
I/start   (  148): [TC:71583][TT:87] [Service] Before onAwake [nutshell.appframework.packagemanager]
I/start   (  148): [TC:71583][TT:87] [PackageManager] onAwake
I/start   (  149): [TC:71584][TT:80] [Service] Before onAwake [nutshell.appmanager]
I/start   (  149): [TC:71584][TT:80] [AppManager] onAwake start
I/start   (  149): [TC:71584][TT:80] [AppManager] awake set AppServer in awake status.
I/start   (  149): [TC:71584][TT:80] [AppManager] awake start SystemUI task
I/start   (  149): [TC:71584][TT:80] [AppManager] awake start SystemUI task successful.
I/start   (  149): [TC:71584][TT:80] [AppManager] onAwake end
I/start   (  149): [TC:71584][TT:80] [Service] After onAwake [nutshell.appmanager]
I/start   (  149): [TC:71584][TT:59] [AppManager] waitBootComplete begin
I/start   (  148): [TC:71584][TT:88] [PackageManager] onAwakeOK
I/start   (  148): [TC:71584][TT:88] [Service] After onAwake [nutshell.appframework.packagemanager]
I/start   (  161): [TC:71586][TT:273] [Service] Before onAwake [nutshell.media.audioservice]
I/start   (  160): [TC:71586][TT:365] [Service] Before onAwake [nutshell.media.infoprovider]
I/start   (  160): [TC:71586][TT:365] [Service] After onAwake [nutshell.media.infoprovider]
I/start   (  161): [TC:71586][TT:273] [Service] After onAwake [nutshell.media.audioservice]
I/start   (  158): [TC:71586][TT:83] [Service] Before onAwake [nutshell.vehicleinfo]
I/start   (  158): [TC:71587][TT:84] [Service] After onAwake [nutshell.vehicleinfo]
I/start   (  149): [TC:71598][TT:80] [Service] notify status ready [nutshell.appmanager]
I/start   (  158): [TC:71603][TT:84] [Service] notify status ready [nutshell.vehicleinfo]
I/start   (  148): [TC:71604][TT:89] [Service] notify status ready [nutshell.appframework.packagemanager]
I/start   (  160): [TC:71606][TT:366] [Service] notify status ready [nutshell.media.infoprovider]
I/start   (  161): [TC:71606][TT:274] [Service] notify status ready [nutshell.media.audioservice]
I/start   (  150): [TC:71622][TT:504] [Service] Before onAwake [nutshell.common.system]
I/start   (  150): [TC:71622][TT:504] [SystemService] onAwake
I/start   (  146): [TC:71628][TT:15] [ServiceManager] ServiceStatusChanged [nutshell.appmanager:3]
I/start   (  146): [TC:71629][TT:15] [ServiceManager] ServiceStatusChanged [nutshell.vehicleinfo:3]
I/start   (  138): [TC:71629][TT:3] [NHAvcH] end onAwake
I/start   (  146): [TC:71635][TT:16] [ServiceManager] ServiceStatusChanged [nutshell.appframework.packagemanager:3]
I/start   (  146): [TC:71636][TT:15] [ServiceManager] ServiceStatusChanged [nutshell.media.infoprovider:3]
I/start   (  160): [TC:71636][TT:367] [Service] Before onAwake [nutshell.media.provider]
I/start   (  160): [TC:71636][TT:367] [Service] After onAwake [nutshell.media.provider]
I/start   (  147): [TC:71646][TT:299] [OpeningService] OpeningMoviePlayer::play start
I/start   (  147): [TC:71646][TT:299] [OpeningService] OK : iauto.opening.movie.prepare
I/start   (  147): [TC:71652][TT:302] [OpeningPlayer] now playing
I/start   (  147): [TC:71652][TT:302] [OpeningService] 3404 : correct time
I/start   (  147): [TC:71652][TT:302] [OpeningService] OpeningThreadJobMoviePlayer End
I/start   (  150): [TC:71653][TT:505] [PowerManager] get boot submode ok.
I/start   (  150): [TC:71654][TT:506] [PowerManager] get startup type ok.
I/start   (  150): [TC:71656][TT:506] [PowerManager] start Awake.
I/start   (  146): [TC:71661][TT:15] [ServiceManager] ServiceStatusChanged [nutshell.media.audioservice:3]
I/start   (  161): [TC:71661][TT:275] [Service] Before onAwake [nutshell.media.mediaplayer]
I/start   (  161): [TC:71661][TT:275] [Service] After onAwake [nutshell.media.mediaplayer]
I/start   (  160): [TC:71663][TT:367] [Service] notify status ready [nutshell.media.provider]
I/start   (  161): [TC:71666][TT:275] [Service] notify status ready [nutshell.media.mediaplayer]
I/start   (  146): [TC:71666][TT:15] [ServiceManager] ServiceStatusChanged [nutshell.media.provider:3]
I/start   (  160): [TC:71667][TT:368] [Service] Before onAwake [nutshell.common.storagescanner]
I/start   (  160): [TC:71671][TT:369] [Service] After onAwake [nutshell.common.storagescanner]
I/start   (  146): [TC:71672][TT:16] [ServiceManager] ServiceStatusChanged [nutshell.media.mediaplayer:3]
I/start   (  161): [TC:71672][TT:276] [Service] Before onAwake [nutshell.camera.camera]
I/start   (  161): [TC:71672][TT:276] [NCCameraService] NCCameraService::onAwake start
I/start   (  160): [TC:71674][TT:370] [Service] notify status ready [nutshell.common.storagescanner]
I/start   (  150): [TC:71676][TT:506] [SystemService] awaken power manager
I/start   (  150): [TC:71676][TT:37] [PowerManager] Start Awake.
I/start   (  150): [TC:71678][TT:508] [SystemService] awaken storage manager
I/start   (  150): [TC:71678][TT:508] [SystemService] UserManager start.
I/start   (  150): [TC:71679][TT:509] [SystemService] UserManager read BootParameter start.
I/start   (  146): [TC:71682][TT:15] [ServiceManager] ServiceStatusChanged [nutshell.common.storagescanner:3]
I/start   (  150): [TC:71685][TT:509] [SystemService] UserManager read BootParameter end.
I/start   (  150): [TC:71687][TT:509] [SystemService] UserManager check current User.
I/start   (  150): [TC:71689][TT:511] [SystemService] UserManager check User link.
I/start   (  150): [TC:71692][TT:513] [SystemService] UserManager check User link OK.
I/start   (  150): [TC:71694][TT:514] [SystemService] UserManager check current User finished.
I/start   (  150): [TC:71694][TT:514] [SystemService] UserManager notifyUserLogin start.
I/start   (  150): [TC:71733][TT:515] [SystemService] start SettingService after User login.
I/start   (  161): [TC:71742][TT:283] [NCCameraService] NCCameraService::onAwake end
I/start   (  161): [TC:71743][TT:283] [Service] After onAwake [nutshell.camera.camera]
I/start   (  146): [TC:71743][TT:181] [ServiceManager] askStartService [nutshell.common.setting:2]
I/start   (  150): [TC:71745][TT:517] [SystemService] UserManager start OK.
I/start   (  150): [TC:71745][TT:517] [SystemService] awaken user manager
I/start   (  161): [TC:71745][TT:283] [Service] notify status ready [nutshell.camera.camera]
I/start   (  150): [TC:71746][TT:517] [SystemService] awaken rstorage manager
I/start   (  146): [TC:71748][TT:16] [ServiceManager] ServiceStatusChanged [nutshell.camera.camera:3]
I/start   (  161): [TC:71749][TT:284] [Service] Before onAwake [nutshell.media.beepservice]
I/start   (  161): [TC:71749][TT:284] [Service] After onAwake [nutshell.media.beepservice]
I/start   (  150): [TC:71746][TT:517] [SystemService] update tcoffset property[fffef568]-[-68248]
I/start   (  150): [TC:71752][TT:519] [SystemService] awaken env manager
I/start   (  161): [TC:71753][TT:285] [Service] notify status ready [nutshell.media.beepservice]
I/start   (  146): [TC:71754][TT:15] [ServiceManager] ServiceStatusChanged [nutshell.media.beepservice:3]
I/start   (  150): [TC:72108][TT:0] [SystemService] update property by environment.ini start.
I/start   (  150): [TC:72121][TT:522] [SystemService] register eventhandler filter
I/start   (  150): [TC:72121][TT:522] [SystemService] onAwakeOK
I/start   (  150): [TC:72121][TT:522] [Service] After onAwake [nutshell.common.system]
I/start   (  150): [TC:72121][TT:522] [Service] notify status ready [nutshell.common.system]
I/start   (  146): [TC:72134][TT:16] [ServiceManager] ServiceStatusChanged [nutshell.common.system:3]
I/start   (  150): [TC:72137][TT:523] [Service] Before onAwake [nutshell.policymanager]
I/start   (  150): [TC:72137][TT:523] [Service] After onAwake [nutshell.policymanager]
I/start   (  150): [TC:72138][TT:524] [Service] notify status ready [nutshell.policymanager]
I/start   (  146): [TC:72154][TT:16] [ServiceManager] ServiceStatusChanged [nutshell.policymanager:3]
I/start   (  150): [TC:72154][TT:524] [Service] Before onAwake [nutshell.windowmanager]
I/start   (  150): [TC:72161][TT:7] [SystemService] update property by environment.ini end.
I/start   (  150): [TC:72161][TT:7] [SystemService] update property device.xm by hal opt [0]
I/start   (  150): [TC:72162][TT:8] [SystemService] update property soft.hddata by hal opt [0]
I/start   (  150): [TC:72162][TT:8] [SystemService] update property soft.tsl by hal opt [0]
I/start   (  150): [TC:72174][TT:524] [Service] After onAwake [nutshell.windowmanager]
I/start   (  150): [TC:72174][TT:525] [Service] notify status ready [nutshell.windowmanager]
I/start   (  150): [TC:72140][TT:0] [SystemService] recover or clear backupmemory from files - begin
I/start   (  146): [TC:72179][TT:16] [ServiceManager] ServiceStatusChanged [nutshell.windowmanager:3]
I/start   (  150): [TC:72180][TT:525] [Service] Before onAwake [nutshell.providermanager]
I/start   (  150): [TC:72180][TT:525] [Service] After onAwake [nutshell.providermanager]
I/start   (  150): [TC:72180][TT:526] [Service] notify status ready [nutshell.providermanager]
I/start   (  146): [TC:72181][TT:16] [ServiceManager] ServiceStatusChanged [nutshell.providermanager:3]
I/start   (  150): [TC:72182][TT:526] [Service] Before onAwake [nutshell.common.connect]
I/start   (  150): [TC:72182][TT:527] [Service] After onAwake [nutshell.common.connect]
I/start   (  150): [TC:72244][TT:528] [Service] notify status ready [nutshell.common.connect]
I/start   (  146): [TC:72245][TT:16] [ServiceManager] ServiceStatusChanged [nutshell.common.connect:3]
I/start   (  150): [TC:72246][TT:528] [Service] Before onAwake [nutshell.common.networkmanager]
I/start   (  150): [TC:72247][TT:530] [Service] After onAwake [nutshell.common.networkmanager]
I/start   (  150): [TC:72250][TT:6] [SystemService] recover or clear backupmemory from files - end
I/start   (  137): [TC:72509][TT:83] [nhsysctrl] onNotifyAck(NHNT_NOTIFYID_PM_AWAKE), 0x10c15
I/start   (  150): [TC:72521][TT:533] [Service] notify status ready [nutshell.common.networkmanager]
I/start   (  150): [TC:72522][TT:35] [SystemService] EnvManager update over.
I/start   (  146): [TC:72524][TT:16] [ServiceManager] ServiceStatusChanged [nutshell.common.networkmanager:3]
I/start   (  150): [TC:72697][TT:537] [Service] Before onAwake [nutshell.common.setting]
I/start   (  150): [TC:72697][TT:537] [SettingService] onAwake
I/start   (  150): [TC:72699][TT:539] [SettingService] provider check product country
I/start   (  150): [TC:72699][TT:539] [SettingService] provider find extra plist
I/start   (  150): [TC:72699][TT:539] [SettingService] provider check apl version
I/start   (  150): [TC:72699][TT:539] [SettingService] provider open database
I/start   (  150): [TC:72719][TT:542] [SettingService] provider database create table
I/start   (  150): [TC:72737][TT:544] [SettingService] provider check boot mode
I/start   (  150): [TC:72739][TT:545] [SettingService] provider open bonclear database
I/start   (  150): [TC:72773][TT:547] [SettingService] provider bonclear database create table
I/start   (  150): [TC:73959][TT:823] [SettingService] all table done
I/start   (  150): [TC:73959][TT:823] [SettingService] provider prepare finish
I/start   (  150): [TC:73959][TT:823] [SettingService] onAwake provider prepare finish
I/start   (  150): [TC:73959][TT:823] [SettingService] plugin setCallback
I/start   (  150): [TC:73964][TT:827] [SettingService] plugin setCallback
I/start   (  150): [TC:73964][TT:827] [SettingService] plugin setCallback
I/start   (  150): [TC:73964][TT:827] [SettingService] plugin onAwake
I/start   (  150): [TC:73964][TT:827] [SettingService] plugin onAwake
I/start   (  150): [TC:73970][TT:827] [SettingService] plugin onAwake
I/start   (  150): [TC:74059][TT:844] [SettingService] onAwake setting stub awaken
I/start   (  150): [TC:74059][TT:845] [SettingService] onAwake settingmenu stub awaken
I/start   (  150): [TC:74076][TT:845] [PowerManager] Setting service ready.
I/start   (  150): [TC:74118][TT:847] [PowerManager] Start MediaManager.
I/start   (  146): [TC:74126][TT:187] [ServiceManager] askStartService [nutshell.media.mediamanager:2]
I/start   (  163): [TC:74128][TT:144] [Service] Before onAwake [nutshell.media.mediamanager]
I/start   (  150): [TC:74127][TT:849] [PowerManager] Start FCService.
I/start   (  146): [TC:74141][TT:187] [ServiceManager] askStartService [nutshell.systemui.fcservice:2]
I/start   (  225): [TC:74143][TT:592] [Service] Before onAwake [nutshell.systemui.fcservice]
I/start   (  225): [TC:74143][TT:592] [fcservice] [onAwake] 
I/start   (  225): [TC:74143][TT:592] [fcservice] [onAwake] after constructor
I/start   (  225): [TC:74143][TT:592] [AppControl] Appcontroller onAwake start
I/start   (  225): [TC:74143][TT:592] [AppControl] Appcontroller onAwake start updateProductCity
I/start   (  225): [TC:74143][TT:592] [AppControl] getProduct prodcut : [China]
I/start   (  225): [TC:74143][TT:592] [AppControl] Appcontroller onAwake start updateDCUVRInfo
I/start   (  225): [TC:74144][TT:592] [AppControl] Appcontroller onAwake start getBoardType
I/start   (  225): [TC:74144][TT:592] [AppControl] Appcontroller onAwake start syncData
I/start   (  225): [TC:74144][TT:592] [AppControl] [syncData] begin
I/start   (  150): [TC:74148][TT:850] [Service] After onAwake [nutshell.common.setting]
I/start   (  150): [TC:74152][TT:851] [Service] notify status ready [nutshell.common.setting]
I/start   (  150): [TC:74156][TT:33] [PowerManager] Media services ready.
I/start   (  150): [TC:74159][TT:38] [PowerManager] Notify HAL Awoken.
I/start   (  146): [TC:74161][TT:16] [ServiceManager] ServiceStatusChanged [nutshell.common.setting:3]
I/start   (  137): [TC:74164][TT:3] [nhsysctrl] notifyPowerProcess(awake end, process:11) status:0x10e15
I/start   (  138): [TC:74167][TT:20] [NHuCom] send version info/ecode/product info request when send apl enable
I/start   (  150): [TC:74170][TT:40] [SystemService] notifyBootCompleted
I/start   (  150): [TC:74170][TT:40] [PowerManager] Start other preload services.
I/start   (  149): [TC:74267][TT:79] [AppManager] waitBootComplete OK
I/start   (  149): [TC:74267][TT:79] [AppManager] waitBootComplete set AppServer in Running status.
I/start   (  149): [TC:74267][TT:79] [AppManager] waitBootComplete end
I/start   (  149): [TC:74268][TT:74] [AppManager]   handle request startApplication, appid net.suntec.app.TDSystemUI.application
I/start   (  149): [TC:74268][TT:74] [AppManager]  send req InitUI Awake, appid net.suntec.app.TDSystemUI.application
I/start   (  146): [TC:74273][TT:188] [ServiceManager] askStartService [nutshell.media.mediamanager:2]
I/start   (  146): [TC:74274][TT:188] [ServiceManager] askStartService [nutshell.iovmanager:2]
I/start   (  146): [TC:74274][TT:188] [ServiceManager] askStartService [nutshell.media.iapservice:2]
I/start   (  146): [TC:74274][TT:188] [ServiceManager] askStartService [nutshell.diag.sysdiag:2]
I/start   (  146): [TC:74274][TT:188] [ServiceManager] askStartService [nutshell.commu.bluetooth:2]
I/start   (  146): [TC:74274][TT:189] [ServiceManager] askStartService [nutshell.pmcs.pmcs:2]
I/start   (  146): [TC:74274][TT:189] [ServiceManager] askStartService [nutshell.systemui.fcservice:2]
I/start   (  146): [TC:74274][TT:189] [ServiceManager] askStartService [nutshell.ngserver.ngservice:2]
I/start   (  146): [TC:74274][TT:189] [ServiceManager] askStartService [nutshell.ics.ics:2]
I/start   (  146): [TC:74275][TT:189] [ServiceManager] askStartService [nutshell.ipa.ipa:2]
I/start   (  146): [TC:74275][TT:189] [ServiceManager] askStartService [nutshell.media.a2dpservice:2]
I/start   (  146): [TC:74275][TT:189] [ServiceManager] askStartService [nutshell.security.security:2]
I/start   (  146): [TC:74275][TT:189] [ServiceManager] askStartService [nutshell.common.exthal:2]
I/start   (  146): [TC:74275][TT:190] [ServiceManager] askStartService [nutshell.localproxy:0]
I/start   (  159): [TC:74293][TT:110] [Service] Before onAwake [nutshell.iovmanager]
I/start   (  159): [TC:74293][TT:110] [Service] After onAwake [nutshell.iovmanager]
I/start   (  162): [TC:74296][TT:82] [Service] Before onAwake [nutshell.media.iapservice]
I/start   (  157): [TC:74300][TT:58] [Service] Before onAwake [nutshell.common.exthal]
I/start   (  157): [TC:74300][TT:58] [Service] After onAwake [nutshell.common.exthal]
I/start   (  161): [TC:74302][TT:285] [Service] Before onAwake [nutshell.media.a2dpservice]
I/start   (  206): [TC:74312][TT:164] [Service] Before onAwake [nutshell.diag.sysdiag]
I/start   (  206): [TC:74313][TT:164] [NCDIAGService] NCDIAGService::onAwake Start
I/start   (  157): [TC:74318][TT:59] [Service] notify status ready [nutshell.common.exthal]
I/start   (  150): [TC:74321][TT:41] [PowerManager] Awake finished.
I/start   (  150): [TC:74321][TT:41] [PowerManager] Start Updating.
I/start   (  159): [TC:74362][TT:112] [Service] notify status ready [nutshell.iovmanager]
I/start   (  146): [TC:74372][TT:17] [ServiceManager] ServiceStatusChanged [nutshell.common.exthal:3]
I/start   (  146): [TC:74374][TT:17] [ServiceManager] ServiceStatusChanged [nutshell.iovmanager:3]
I/start   (  207): [TC:74428][TT:122] [Service] Before onAwake [nutshell.pmcs.pmcs]
I/start   (  161): [TC:74436][TT:290] [Service] After onAwake [nutshell.media.a2dpservice]
I/start   (  206): [TC:74439][TT:169] [NCDIAGService] NCDIAGService::onAwake End
I/start   (  206): [TC:74439][TT:169] [Service] After onAwake [nutshell.diag.sysdiag]
I/start   (  207): [TC:74441][TT:123] [nutshell.pmcs.pmcs] onAwake, begin!
I/start   (  207): [TC:74441][TT:123] [nutshell.pmcs.pmcs] onAwake, end!
I/start   (  207): [TC:74441][TT:123] [Service] After onAwake [nutshell.pmcs.pmcs]
I/start   (  161): [TC:74521][TT:291] [Service] notify status ready [nutshell.media.a2dpservice]
I/start   (  146): [TC:74521][TT:17] [ServiceManager] ServiceStatusChanged [nutshell.media.a2dpservice:3]
I/start   (  871): [TC:74582][TT:9755] [AppLauncher] [AppContext::onUIAwake][begin] !!![net.suntec.app.TDSystemUI.application]
I/start   (  871): [TC:74584][TT:9756] [AppLauncher] [AppContext::onUIAwake]][PrivateAPP::SyncThemeAndLanguage][begin] !!![net.suntec.app.TDSystem
I/start   (  871): [TC:74585][TT:9758] [UIFrameworkBase] [NGStatusManager::syncThemeAndLanguage][begin]
I/start   (  871): [TC:74586][TT:9758] [UIFrameworkBase] [NGStatusManager::syncThemeAndLanguage][NGIAppCtrlInterface::getCurrentLanguageAndTheme][
I/start   (  871): [TC:74588][TT:9759] [UIFrameworkBase] [NGStatusManager::syncThemeAndLanguage][NGIAppCtrlInterface::getCurrentLanguageAndTheme][
I/start   (  871): [TC:74594][TT:9764] [UIFrameworkBase] [NGStatusManager::syncThemeAndLanguage][language sync][begin]
I/start   (  871): [TC:74594][TT:9764] [UIFrameworkBase] [NGResourceManager::setLanguage][begin] language = 
I/start   (  871): [TC:74594][TT:9765] [UIFrameworkBase] [NGResourceManager::loadResAfterSnapshot][begin]
I/start   (  871): [TC:74596][TT:9766] [UIFrameworkBase] [NGResourceManager::strReaderIdx][begin]
I/start   (  871): [TC:74597][TT:9767] [UIFrameworkBase] [NGResourceManager::strReaderIdx][end]
I/start   (  871): [TC:74598][TT:9768] [UIFrameworkBase] [NGResourceManager::strReaderIdx][begin]
I/start   (  146): [TC:74601][TT:17] [ServiceManager] ServiceStatusChanged [nutshell.localproxy:3]
I/start   (  206): [TC:74633][TT:172] [Service] notify status ready [nutshell.diag.sysdiag]
I/start   (  146): [TC:74693][TT:17] [ServiceManager] ServiceStatusChanged [nutshell.diag.sysdiag:3]
I/start   (  207): [TC:74705][TT:136] [Service] notify status ready [nutshell.pmcs.pmcs]
I/start   (  206): [TC:74710][TT:7] [NCDIAGService] NCDIAG_InitProcess::onMiconCommunicationSetup
I/start   (  146): [TC:74714][TT:17] [ServiceManager] ServiceStatusChanged [nutshell.pmcs.pmcs:3]
I/start   (  207): [TC:74722][TT:138] [Service] Before onAwake [nutshell.ics.ics]
I/start   (  207): [TC:74722][TT:138] [nutshell.ics.ics] onAwake begin!
I/start   (  207): [TC:74722][TT:138] [nutshell.ics.ics] onAwake end!
I/start   (  207): [TC:74722][TT:138] [Service] After onAwake [nutshell.ics.ics]
I/start   (  207): [TC:74805][TT:142] [Service] notify status ready [nutshell.ics.ics]
I/start   (  163): [TC:74878][TT:153] [Service] After onAwake [nutshell.media.mediamanager]
I/start   (  163): [TC:74878][TT:154] [Service] notify status ready [nutshell.media.mediamanager]
I/start   (  146): [TC:74904][TT:17] [ServiceManager] ServiceStatusChanged [nutshell.media.mediamanager:3]
I/start   (  146): [TC:75044][TT:17] [ServiceManager] ServiceStatusChanged [nutshell.ics.ics:3]
I/start   (  207): [TC:75044][TT:143] [Service] Before onAwake [nutshell.ipa.ipa]
I/start   (  207): [TC:75044][TT:143] [nutshell.ipa.ipa] onAwake begin!
I/start   (  207): [TC:75044][TT:143] [nutshell.ipa.ipa] onAwake end!
I/start   (  207): [TC:75044][TT:143] [Service] After onAwake [nutshell.ipa.ipa]
I/start   (  207): [TC:75045][TT:144] [Service] notify status ready [nutshell.ipa.ipa]
I/start   (  146): [TC:75046][TT:17] [ServiceManager] ServiceStatusChanged [nutshell.ipa.ipa:3]
I/start   (  871): [TC:75096][TT:9893] [UIFrameworkBase] [NGResourceManager::strReaderIdx][end]
I/start   (  871): [TC:75096][TT:9893] [UIFrameworkBase] [NGResourceManager::updateStrPriotyLayers][begin]
I/start   (  871): [TC:75096][TT:9894] [UIFrameworkBase] [NGResourceManager::strReaderIdx][begin]
I/start   (  871): [TC:75096][TT:9894] [UIFrameworkBase] [NGResourceManager::strReaderIdx][end]
I/start   (  871): [TC:75096][TT:9894] [UIFrameworkBase] [NGResourceManager::strReaderIdx][begin]
I/start   (  871): [TC:75097][TT:9894] [UIFrameworkBase] [NGResourceManager::strReaderIdx][end]
I/start   (  871): [TC:75097][TT:9894] [UIFrameworkBase] [NGResourceManager::updateStrPriotyLayers][end]
I/start   (  871): [TC:75119][TT:9897] [UIFrameworkBase] [NGResourceManager::loadResAfterSnapshot][end]
I/start   (  871): [TC:75119][TT:9897] [UIFrameworkBase] [NGStatusManager::syncThemeAndLanguage][language sync][end]
I/start   (  871): [TC:75119][TT:9897] [UIFrameworkBase] [NGStatusManager::syncThemeAndLanguage][theme sync][begin]
I/start   (  871): [TC:75119][TT:9898] [UIFrameworkBase] [NGResourceManager::setTheme][begin] theme = _Day
I/start   (  871): [TC:75121][TT:9899] [UIFrameworkBase] [NGStatusManager::syncThemeAndLanguage][theme sync][end]
I/start   (  871): [TC:75121][TT:9899] [UIFrameworkBase] [NGStatusManager::onStrValueChanged][begin]
I/start   (  225): [TC:75252][TT:594] [AppControl] [syncData] sync setting info
I/start   (  871): [TC:75272][TT:9904] [UIFrameworkBase] [NGStatusManager::onStrValueChanged][end]
I/start   (  871): [TC:75272][TT:9904] [UIFrameworkBase] [NGStatusManager::syncThemeAndLanguage][end]
I/start   (  871): [TC:75273][TT:9904] [AppLauncher] [AppContext::onUIAwake][PrivateAPP::SyncThemeAndLanguage][end] !!![net.suntec.app.TDSystemUI.
I/start   (  871): [TC:75274][TT:9906] [SystemUI] [NativeApp_SystemUI::onAwake] [begin]
I/start   (  871): [TC:75275][TT:9906] [SystemUI] [SystemUICommon::initFrameCallback] [begin]
I/start   (  871): [TC:75297][TT:9918] [SystemUI] [SystemUICommon::initFrameCallback] [end]
I/start   (  871): [TC:75297][TT:9918] [SystemUI] [SystemUICommon::onAwake] [begin]
I/start   (  871): [TC:75306][TT:9924] [FCBase] [fnctl.pmcs onAwake] [begin]
I/start   (  871): [TC:75306][TT:9924] [FCBase] [fnctl.pmcs onAwake] [end]
I/start   (  871): [TC:75307][TT:9925] [FCBase] [fnctl.system.info onAwake] [begin]
I/start   (  871): [TC:75307][TT:9925] [SystemInfoFunctionControl] [SystemInfo onAwake][begin]
I/start   (  225): [TC:75314][TT:596] [AppControl] [notifySyncInfo] theme: [PureWhite_Day]
I/start   (  225): [TC:75314][TT:596] [AppControl] [notifySyncInfo] language: [en-us]
I/start   (  225): [TC:75314][TT:596] [AppControl] Appcontroller onAwake start syncPattern
I/start   (  871): [TC:75357][TT:9928] [SystemInfoFunctionControl] [SystemInfo onAwake][pre: updateProductCountryEnd & getSoftNaviBegin]
I/start   (  225): [TC:75365][TT:599] [AppControl] Appcontroller onAwake start startLastModeT
I/start   (  225): [TC:75365][TT:599] [AppControl] [prepareHomeIntent] begin
I/start   (  225): [TC:75365][TT:599] [AppControl] [prepareHomeIntent] finish
I/start   (  225): [TC:75365][TT:599] [AppControl] Start app pre:net.suntec.app.TDHome.application
I/start   (  225): [TC:75366][TT:599] [AppControl] Start app post:net.suntec.app.TDHome.application
I/start   (  225): [TC:75366][TT:745] [AppControl] LastMode Begin
I/start   (  149): [TC:75371][TT:38] [AppManager]   receive launchApp, appid net.suntec.app.TDHome.application
I/start   (  149): [TC:75374][TT:75] [AppManager]   handle request startApplication, appid net.suntec.app.TDHome.application
I/start   (  149): [TC:75375][TT:75] [AppManager]  send req InitUI Awake, appid net.suntec.app.TDHome.application
I/start   (  225): [TC:75377][TT:600] [AppControl] Appcontroller onAwake start syncSystemInfo
I/start   (  871): [TC:75405][TT:9930] [SystemInfoFunctionControl] [SystemInfo onAwake][end]
I/start   (  871): [TC:75405][TT:9930] [FCBase] [fnctl.system.info onAwake] [end]
I/start   (  871): [TC:75409][TT:9934] [FCBase] [fnctl.setting onAwake] [begin]
I/start   (  871): [TC:75410][TT:9935] [FCBase] [fnctl.setting onAwake] [end]
I/start   (  871): [TC:75412][TT:9936] [FCBase] [fnctl.vehicle.aircon onAwake] [begin]
I/start   (  871): [TC:75412][TT:9936] [FCBase] [fnctl.vehicle.aircon onAwake] [end]
I/start   (  871): [TC:75415][TT:9940] [FCBase] [fnctl.media.disc onAwake] [begin]
I/start   (  871): [TC:75416][TT:9941] [FCBase] [fnctl.media.disc onAwake] [end]
I/start   (  871): [TC:75430][TT:9943] [FCBase] [fnctl.media.rse onAwake] [begin]
I/start   (  871): [TC:75435][TT:9944] [FCBase] [fnctl.media.rse onAwake] [end]
I/start   (  871): [TC:75439][TT:9947] [FCBase] [fnctl.media.btaudio onAwake] [begin]
I/start   (  871): [TC:75439][TT:9948] [FCBase] [fnctl.media.btaudio onAwake] [end]
I/start   (  225): [TC:75448][TT:603] [AppControl] Appcontroller onAwake end
I/start   (  225): [TC:75448][TT:603] [fcservice] [onAwake] finished
I/start   (  225): [TC:75448][TT:603] [Service] After onAwake [nutshell.systemui.fcservice]
I/start   (  225): [TC:75448][TT:603] [Service] notify status ready [nutshell.systemui.fcservice]
I/start   (  871): [TC:75456][TT:9952] [FCBase] [fnctl.media.dab onAwake] [begin]
I/start   (  871): [TC:75458][TT:9953] [FCBase] [fnctl.media.dab onAwake] [end]
I/start   (  146): [TC:75469][TT:17] [ServiceManager] ServiceStatusChanged [nutshell.systemui.fcservice:3]
I/start   (  225): [TC:75470][TT:604] [Service] Before onAwake [nutshell.ngserver.ngservice]
I/start   (  225): [TC:75470][TT:604] [NGServer] NGService::onAwake() 
I/start   (  225): [TC:75470][TT:604] [Service] After onAwake [nutshell.ngserver.ngservice]
I/start   (  225): [TC:75475][TT:605] [Service] notify status ready [nutshell.ngserver.ngservice]
I/start   (  146): [TC:75476][TT:17] [ServiceManager] ServiceStatusChanged [nutshell.ngserver.ngservice:3]
I/start   (  225): [TC:75477][TT:606] [Service] Before onAwake [nutshell.security.security]
I/start   (  225): [TC:75477][TT:606] [Service] After onAwake [nutshell.security.security]
I/start   (  225): [TC:75478][TT:607] [Service] notify status ready [nutshell.security.security]
I/start   (  146): [TC:75478][TT:18] [ServiceManager] ServiceStatusChanged [nutshell.security.security:3]
I/start   (  162): [TC:75483][TT:117] [Service] After onAwake [nutshell.media.iapservice]
I/start   (  162): [TC:75484][TT:117] [Service] notify status ready [nutshell.media.iapservice]
I/start   (  871): [TC:75486][TT:9958] [FCBase] [fnctl.telema.remote onAwake] [begin]
I/start   (  871): [TC:75486][TT:9959] [FCBase] [fnctl.telema.remote onAwake] [end]
I/start   (  225): [TC:75506][TT:796] [AppControl] LastMode End
I/start   (  226): [TC:75506][TT:287] [Service] Before onAwake [nutshell.commu.bluetooth]
I/start   (  226): [TC:75509][TT:289] [BtService] NCBtSettingModule onAwake begin
I/start   (  226): [TC:75510][TT:290] [BtService] NCBtGeneralManager init begin
I/start   (  226): [TC:75512][TT:292] [BtService] NCBtGeneralManager initSupportedAvailableService begin
I/start   (  226): [TC:75512][TT:292] [BtService] NCBtGeneralManager initSupportedAvailableService end & initSupportedAvailableFunction begin
I/start   (  226): [TC:75513][TT:293] [BtService] NCBtGeneralManager initSupportedAvailableFunction end & initAvailableService begin
I/start   (  871): [TC:75520][TT:9962] [FCBase] [fnctl.media.tsl onAwake] [begin]
I/start   (  871): [TC:75524][TT:9965] [FCBase] [fnctl.media.tsl onAwake] [end]
I/start   (  146): [TC:75525][TT:18] [ServiceManager] ServiceStatusChanged [nutshell.media.iapservice:3]
I/start   (  871): [TC:75544][TT:9969] [FCBase] [fnctl.navi.traffic onAwake] [begin]
I/start   (  871): [TC:75545][TT:9969] [FCBase] [fnctl.navi.traffic onAwake] [end]
I/start   (  871): [TC:75552][TT:9975] [FCBase] [fnctl.picturechange onAwake] [begin]
I/start   (  871): [TC:75553][TT:9975] [PictureChangeFC] [PictureChange onAwake][begin]
I/start   (  871): [TC:75553][TT:9975] [PictureChangeFC] [PictureChange onAwake][pre: bindSignals]
I/start   (  149): [TC:75556][TT:73] [AppManager]   receive broadcast, appid nutshell.intent.br.BOOT_COMPLETED
I/start   (  226): [TC:75630][TT:295] [BtService] NCBtGeneralManager initAvailableService end & initAvailableFunction begin
I/start   (  226): [TC:75631][TT:295] [BtService] NCBtGeneralManager initAvailableFunction end & initSppServer begin
I/start   (  226): [TC:75631][TT:295] [BtService] NCBtGeneralManager initSppServer end & checkMicroPhoneValid begin
I/start   (  871): [TC:75691][TT:9987] [PictureChangeFC] [PictureChange onAwake][end]
I/start   (  871): [TC:75691][TT:9987] [FCBase] [fnctl.picturechange onAwake] [end]
I/start   (  871): [TC:75701][TT:9991] [FCBase] [fnctl.media.usb onAwake] [begin]
I/start   (  871): [TC:75705][TT:9993] [FCBase] [fnctl.media.usb onAwake] [end]
I/start   (  226): [TC:75706][TT:297] [BtService] NCBtGeneralManager checkMicroPhoneValid end & checkSafeMode begin
I/start   (  871): [TC:75710][TT:9998] [FCBase] [fnctl.media.dtv onAwake] [begin]
I/start   (  871): [TC:75711][TT:9999] [FCBase] [fnctl.media.dtv onAwake] [end]
I/start   (  226): [TC:75715][TT:298] [BtService] NCBtGeneralManager checkSafeMode end
I/start   (  226): [TC:75715][TT:298] [BtService] NCBtGeneralManager init end & NCBtPairedTable begin
I/start   (  226): [TC:75716][TT:299] [BtService] NCBtPairedTable end & _initialization start
I/start   (  871): [TC:75714][TT:10002] [FCBase] [fnctl.media.otv onAwake] [begin]
I/start   (  871): [TC:75726][TT:10003] [FCBase] [fnctl.media.otv onAwake] [end]
I/start   (  226): [TC:75726][TT:305] [BtService] _initialization end
I/start   (  226): [TC:75726][TT:305] [BtService] NCBtSettingModule onAwake end & NCBtHfpModule begin
I/start   (  871): [TC:75735][TT:10008] [FCBase] [fnctl.media.ipod onAwake] [begin]
I/start   (  871): [TC:75738][TT:10009] [FCBase] [fnctl.media.ipod onAwake] [end]
I/start   (  871): [TC:75757][TT:10013] [FCBase] [fnctl.wifi.setting onAwake] [begin]
I/start   (  226): [TC:75767][TT:310] [BtService] NCBtHfpCallStateManager begin
I/start   (  226): [TC:75772][TT:312] [BtService] NCBtHfpCallStateManager create thread begin
I/start   (  226): [TC:75772][TT:312] [BtService] NCBtHfpCallStateManager create thread end & notifyAllToSystem begin
I/start   (  871): [TC:75784][TT:10028] [FCBase] [fnctl.wifi.setting onAwake] [end]
I/start   (  871): [TC:75792][TT:10034] [FCBase] [fnctl.collection.phonelink onAwake] [begin]
I/start   (  871): [TC:75792][TT:10035] [FCBase] [fnctl.collection.phonelink onAwake] [end]
I/start   (  871): [TC:75793][TT:10036] [FCBase] [fnctl.vehicle.config onAwake] [begin]
I/start   (  871): [TC:75795][TT:10036] [FCBase] [fnctl.vehicle.config onAwake] [end]
I/start   (  871): [TC:75798][TT:10039] [FCBase] [fnctl.security onAwake] [begin]
I/start   (  871): [TC:75801][TT:10041] [Security] [Security onAwake][begin]
I/start   (  871): [TC:75816][TT:10042] [Security] [Security onAwake][step: restoreFromBackupMemory]
I/start   (  871): [TC:75821][TT:10047] [Security] [Security onAwake][step: getProductCountry]
I/start   (  871): [TC:75821][TT:10047] [FCBase] [fnctl.security onAwake] [end]
I/start   (  871): [TC:75826][TT:10051] [FCBase] [fnctl.bt.handsfree onAwake] [begin]
I/start   (  226): [TC:75863][TT:318] [BtService] NCBtHfpCallStateManager notifyAllToSystem end & notifyCallStatusToSystem begin
I/start   (  226): [TC:75918][TT:319] [BtService] NCBtHfpCallStateManager notifyCallStatusToSystem end
I/start   (  226): [TC:75919][TT:319] [BtService] NCBtHfpCallStateManager end
I/start   (  226): [TC:75919][TT:319] [BtService] NCBtHfpModule onAwake end & NCBtPbModule begin
I/start   (  226): [TC:75941][TT:325] [BtService] NCBtPbModule NCBtPbDataManager onAwake begin
I/start   (  226): [TC:75976][TT:330] [BtService] NCBtPbDataManager getSearchHistoryDB begin
I/start   (  226): [TC:75988][TT:336] [BtService] NCBtPbDataManager getSearchHistoryDB end & getPhotoDataDBHelper begin
I/start   (  226): [TC:76000][TT:338] [BtService] NCBtPbDataManager getPhotoDataDBHelper end & createTable begin
I/start   (  226): [TC:76023][TT:341] [BtService] NCBtPbDataManager createTable end & resetSetting first begin
I/start   (  226): [TC:76030][TT:343] [BtService] NCBtPbDataManager resetSetting first end & resetSetting second begin
I/start   (  226): [TC:76030][TT:343] [BtService] NCBtPbDataManager resetSetting second end & deletePhotos begin
I/start   (  226): [TC:76048][TT:351] [BtService] NCBtPbDataManager deletePhotos end & initLanguage begin
I/start   (  226): [TC:76112][TT:353] [BtService] NCBtPbDataManager initLanguage end & initCountryId begin
I/start   (  226): [TC:76113][TT:353] [BtService] NCBtPbDataManager initCountryId end & initDebugMode begin
I/start   (  226): [TC:76114][TT:354] [BtService] NCBtPbDataManager initDebugMode end
I/start   (  226): [TC:76114][TT:354] [BtService] NCBtPbModule NCBtPbDataManager onAwake end & set env1 begin
I/start   (  871): [TC:76146][TT:10063] [FCBase] [fnctl.bt.handsfree onAwake] [end]
I/start   (  871): [TC:76159][TT:10070] [FCBase] [fnctl.bt.map onAwake] [begin]
I/start   (  871): [TC:76163][TT:10074] [FCBase] [fnctl.bt.map onAwake] [end]
I/start   (  871): [TC:76167][TT:10077] [FCBase] [fnctl.media.radio onAwake] [begin]
I/start   (  871): [TC:76168][TT:10079] [FCBase] [fnctl.media.radio onAwake] [end]
I/start   (  871): [TC:76169][TT:10080] [statusbar] [NQStatusBar::updateInitialDisplay()] [initial status bar icon display begin]
I/start   (  871): [TC:76170][TT:10080] [statusbar] [NQStatusBar::updateInitialDisplay()] [get SystemInfo Time Type begin]
I/start   (  871): [TC:76170][TT:10080] [statusbar] [NQStatusBar::updateInitialDisplay()] [get SystemInfo Time Type end]
I/start   (  871): [TC:76170][TT:10080] [statusbar] [NQStatusBar::updateInitialDisplay()] [get SystemInfo clock Type begin]
I/start   (  871): [TC:76171][TT:10081] [statusbar] [NQStatusBar::updateInitialDisplay()] [get SystemInfo clock Type end]
I/start   (  871): [TC:76171][TT:10082] [statusbar] [NQStatusBar::updateInitialDisplay()] [get SystemInfo time format begin]
I/start   (  871): [TC:76172][TT:10082] [statusbar] [NQStatusBar::updateInitialDisplay()] [get SystemInfo time format end]
I/start   (  871): [TC:76172][TT:10082] [statusbar] [NQStatusBar::updateInitialDisplay()] [set uicc img time time format begin]
I/start   (  871): [TC:76175][TT:10085] [statusbar] [NQStatusBar::updateInitialDisplay()] [set uicc img time time format end]
I/start   (  871): [TC:76175][TT:10085] [statusbar] [NQStatusBar::updateInitialDisplay()] [update time display begin]
I/start   (  871): [TC:76175][TT:10085] [statusbar] [NQStatusBar::updateInitialDisplay()] [update time display end]
I/start   (  871): [TC:76175][TT:10085] [statusbar] [NQStatusBar::updateInitialDisplay()] [get system info product country begin]
I/start   (  871): [TC:76175][TT:10085] [statusbar] [NQStatusBar::updateInitialDisplay()] [get system info product country end]
I/start   (  871): [TC:76175][TT:10085] [statusbar] [NQStatusBar::updateInitialDisplay()] [clear all item in statusbar begin]
I/start   (  871): [TC:76175][TT:10085] [statusbar] [NQStatusBar::updateInitialDisplay()] [clear all item in statusbar  end]
I/start   (  871): [TC:76175][TT:10085] [statusbar] [NQStatusBar::updateInitialDisplay()] [check tsl icon display begin]
I/start   (  871): [TC:76176][TT:10086] [statusbar] [NQStatusBar::checkTSL()] [check tsl icon index begin]
I/start   (  871): [TC:76177][TT:10087] [statusbar] [NQStatusBar::checkTSL()] [check tsl icon index end]
I/start   (  871): [TC:76177][TT:10087] [statusbar] [NQStatusBar::checkTSL()] [get product country (getUICFunc isSupportTsl) begin]
I/start   (  871): [TC:76179][TT:10089] [statusbar] [NQStatusBar::checkTSL()] [get product country (getUICFunc isSupportTsl) end]
I/start   (  871): [TC:76179][TT:10089] [statusbar] [NQStatusBar::checkTSL()] [get system info tsl status begin]
I/start   (  226): [TC:76190][TT:360] [BtService] NCBtPbModule set env1 end & set env2 begin
I/start   (  226): [TC:76190][TT:361] [BtService] NCBtPbModule set env2 end & loadDevice begin
I/start   (  226): [TC:76190][TT:361] [BtService] NCBtPbModule getAllDevStatus begin
I/start   (  226): [TC:76191][TT:362] [BtService] NCBtPbModule getAllDevStatus end & create device begin
I/start   (  226): [TC:76191][TT:362] [BtService] NCBtPbModule create device end & first env update begin
I/start   (  871): [TC:76194][TT:10091] [statusbar] [NQStatusBar::checkTSL()] [get system info tsl status end]
I/start   (  871): [TC:76194][TT:10091] [statusbar] [NQStatusBar::checkTSL()] [delete tsl button begin]
I/start   (  871): [TC:76194][TT:10091] [statusbar] [NQStatusBar::checkTSL()] [delete tsl button update position]
I/start   (  871): [TC:76194][TT:10091] [statusbar] [NQStatusBar::updateInitialDisplay()] [check tsl icon display end]
I/start   (  871): [TC:76194][TT:10091] [statusbar] [NQStatusBar::updateInitialDisplay()] [check p2p wifi icon display begin]
I/start   (  871): [TC:76194][TT:10091] [statusbar] [NQStatusBar::checkWifiP2P()] [check p2p wifi icon index begin]
I/start   (  871): [TC:76194][TT:10091] [statusbar] [NQStatusBar::checkWifiP2P()] [check p2p wifi icon index end]
I/start   (  871): [TC:76194][TT:10091] [statusbar] [NQStatusBar::checkWifiP2P()] [get system info wifi status log begin]
I/start   (  871): [TC:76209][TT:10094] [statusbar] [NQStatusBar::checkWifiP2P()] [get system info wifi status log end]
I/start   (  871): [TC:76213][TT:10095] [statusbar] [NQStatusBar::checkWifiP2P()] [delete p2p wifi icon display begin]
I/start   (  871): [TC:76213][TT:10095] [statusbar] [NQStatusBar::checkWifiP2P()] [delete p2p wifi icon display end]
I/start   (  871): [TC:76213][TT:10095] [statusbar] [NQStatusBar::updateInitialDisplay()] [check p2p wifi icon display end]
I/start   (  871): [TC:76213][TT:10095] [statusbar] [NQStatusBar::updateInitialDisplay()] [check sta wifi icon display begin]
I/start   (  871): [TC:76213][TT:10095] [statusbar] [NQStatusBar::checkWifiConn()] [check sta wifi icon index begin]
I/start   (  871): [TC:76213][TT:10095] [statusbar] [NQStatusBar::checkWifiConn()] [check sta wifi icon index end]
I/start   (  871): [TC:76213][TT:10095] [statusbar] [NQStatusBar::checkWifiConn()] [get system info wifi status log begin]
I/start   (  871): [TC:76229][TT:10098] [statusbar] [NQStatusBar::checkWifiConn()] [get system info wifi status log end]
I/start   (  871): [TC:76234][TT:10100] [statusbar] [NQStatusBar::checkWifiConn()] [delete sta wifi icon display begin]
I/start   (  871): [TC:76234][TT:10100] [statusbar] [NQStatusBar::checkWifiConn()] [delete sta wifi icon display end]
I/start   (  871): [TC:76234][TT:10100] [statusbar] [NQStatusBar::updateInitialDisplay()] [check sta wifi icon display end]
I/start   (  871): [TC:76234][TT:10100] [statusbar] [NQStatusBar::updateInitialDisplay()] [check phone connect icon display begin]
I/start   (  871): [TC:76234][TT:10100] [statusbar] [NQStatusBar::checkWifiConn()] [check phone connect icon index begin]
I/start   (  871): [TC:76234][TT:10100] [statusbar] [NQStatusBar::checkWifiConn()] [check phone connect icon index end]
I/start   (  871): [TC:76234][TT:10100] [statusbar] [NQStatusBar::checkWifiConn()] [get system info fc log begin]
I/start   (  871): [TC:76254][TT:10103] [statusbar] [NQStatusBar::checkWifiConn()] [get system info fc log end]
I/start   (  871): [TC:76265][TT:10105] [statusbar] [NQStatusBar::checkWifiConn()] [delete phone con icon display] begin
I/start   (  871): [TC:76265][TT:10105] [statusbar] [NQStatusBar::checkWifiConn()] [delete phone con icon display] end
I/start   (  871): [TC:76265][TT:10105] [statusbar] [NQStatusBar::updateInitialDisplay()] [check phone connect icon display end]
I/start   (  871): [TC:76266][TT:10105] [statusbar] [NQStatusBar::updateInitialDisplay()] [check phone battery icon display begin]
I/start   (  871): [TC:76266][TT:10105] [statusbar] [NQStatusBar::checkPhoneBattery()] [check phone battery icon index begin]
I/start   (  871): [TC:76266][TT:10105] [statusbar] [NQStatusBar::checkPhoneBattery()] [check phone battery icon index end]
I/start   (  871): [TC:76266][TT:10105] [statusbar] [NQStatusBar::checkPhoneBattery()] [get system info fc log begin]
I/start   (  871): [TC:76286][TT:10106] [statusbar] [NQStatusBar::checkPhoneBattery()] [get system info fc log end]
I/start   (  871): [TC:76290][TT:10108] [statusbar] [NQStatusBar::checkPhoneBattery()] [get phone battery icon display index] begin
I/start   (  871): [TC:76290][TT:10108] [statusbar] [NQStatusBar::checkPhoneBattery()] [get phone battery icon display index] end
I/start   (  871): [TC:76290][TT:10108] [statusbar] [NQStatusBar::updateInitialDisplay()] [check phone battery icon display end]
I/start   (  871): [TC:76290][TT:10108] [statusbar] [NQStatusBar::updateInitialDisplay()] [check phone field icon display begin]
I/start   (  871): [TC:76290][TT:10108] [statusbar] [NQStatusBar::checkPhoneEFS()] [check phone field icon index begin]
I/start   (  871): [TC:76290][TT:10108] [statusbar] [NQStatusBar::checkPhoneEFS()] [check phone field icon index end]
I/start   (  871): [TC:76290][TT:10108] [statusbar] [NQStatusBar::checkPhoneEFS()] [get system info fc log begin]
I/start   (  871): [TC:76294][TT:10109] [statusbar] [NQStatusBar::checkPhoneEFS()] [get system info fc log end]
I/start   (  226): [TC:76295][TT:364] [BtService] NCBtPbModule first env update end second env update begin
I/start   (  871): [TC:76309][TT:10110] [statusbar] [NQStatusBar::checkPhoneEFS()] [delete phone field icon display] begin
I/start   (  871): [TC:76309][TT:10110] [statusbar] [NQStatusBar::checkPhoneEFS()] [delete phone field icon display] end
I/start   (  871): [TC:76309][TT:10110] [statusbar] [NQStatusBar::updateInitialDisplay()] [check phone field icon display end]
I/start   (  871): [TC:76309][TT:10110] [statusbar] [NQStatusBar::updateInitialDisplay()] [check dcm connect icon display begin]
I/start   (  871): [TC:76309][TT:10110] [statusbar] [NQStatusBar::checkDCM()] [check dcm icon index begin]
I/start   (  871): [TC:76309][TT:10110] [statusbar] [NQStatusBar::checkDCM()] [check dcm icon index end]
I/start   (  871): [TC:76309][TT:10110] [statusbar] [NQStatusBar::checkDCM()] [get DCM Dev Status] begin
I/start   (  871): [TC:76323][TT:10112] [statusbar] [NQStatusBar::checkDCM()] [get DCM Dev Status] end
I/start   (  871): [TC:76323][TT:10112] [statusbar] [NQStatusBar::checkDCM()] [delete dcm icon display] begin
I/start   (  871): [TC:76323][TT:10112] [statusbar] [NQStatusBar::checkDCM()] [delete dcm icon display] end
I/start   (  871): [TC:76323][TT:10112] [statusbar] [NQStatusBar::updateInitialDisplay()] [check dcm connect icon display end]
I/start   (  871): [TC:76323][TT:10112] [statusbar] [NQStatusBar::updateInitialDisplay()] [check communication icon display begin]
I/start   (  871): [TC:76323][TT:10112] [statusbar] [NQStatusBar::updateInitialDisplay()] [check communication icon display end]
I/start   (  871): [TC:76323][TT:10112] [statusbar] [NQStatusBar::updateInitialDisplay()] [check weather icon display begin]
I/start   (  871): [TC:76323][TT:10112] [statusbar] [NQStatusBar::checkWeather()] [check weather icon index begin]
I/start   (  871): [TC:76323][TT:10112] [statusbar] [NQStatusBar::checkWeather()] [check weather icon index end]
I/start   (  871): [TC:76323][TT:10112] [statusbar] [NQStatusBar::checkWeather()] [getUICFunc isSupportWeather begin]
I/start   (  871): [TC:76323][TT:10112] [statusbar] [NQStatusBar::checkWeather()] [getUICFunc isSupportWeather end]
I/start   (  871): [TC:76323][TT:10112] [statusbar] [NQStatusBar::checkWeather()] [delete weather icon display] begin
I/start   (  871): [TC:76324][TT:10113] [statusbar] [NQStatusBar::checkWeather()] [delete weather icon display] end
I/start   (  871): [TC:76324][TT:10113] [statusbar] [NQStatusBar::updateInitialDisplay()] [check weather icon display end]
I/start   (  871): [TC:76325][TT:10114] [statusbar] [NQStatusBar::updateInitialDisplay()] [initial status bar icon display end]
I/start   (  871): [TC:76326][TT:10115] [appstart] [AppStartCommon::restoreWhenOpeningEnd()] [begin]
I/start   (  871): [TC:76327][TT:10116] [appstart] [AppStartCommon::restoreWhenOpeningEnd()] [restore When Opening End]
I/start   (  871): [TC:76327][TT:10116] [appstart] [AppStartCommon::restoreWhenOpeningEnd()] [getSystemInfoProductName]
I/start   (  871): [TC:76328][TT:10116] [appstart] [AppStartCommon::restoreWhenOpeningEnd()] [getSystemInfoProductCountry]
I/start   (  871): [TC:76328][TT:10117] [appstart] [AppStartCommon::restoreWhenOpeningEnd()] [is need to diag]
I/start   (  226): [TC:76346][TT:365] [BtService] NCBtPbModule second env update end & printInfo begin
I/start   (  226): [TC:76346][TT:365] [BtService] NCBtPbModule printInfo end
I/start   (  226): [TC:76348][TT:365] [BtService] NCBtPbModule loadDevice end & pushEvent begin
