I/start   (  871): [TC:78698][TT:11433] [---------QML---------] [NQText::setColorId] colorId[INVALID_COLORID] is invalid [end]
I/start   (  871): [TC:78698][TT:11433] [---------QML---------] [NQTextExtend::setStrId] [begin]
I/start   (  871): [TC:78698][TT:11433] [---------QML---------] [NQText::setStrId] strId[INVALID_STRID] [begin]
I/start   (  871): [TC:78698][TT:11433] [---------QML---------] [NQText::setText] n[] [begin]
I/start   (  871): [TC:78698][TT:11433] [---------QML---------] [NQText::setText] n[] is the same as before [end]
I/start   (  871): [TC:78698][TT:11433] [---------QML---------] [NQText::setStrId] strId[INVALID_STRID] is invalid [end]
I/start   (  871): [TC:78698][TT:11433] [---------QML---------] [NQTextExtend::setStyleId] [begin]
I/start   (  871): [TC:78698][TT:11433] [---------QML---------] [NQTextExtend::setStyleId] [end]
I/start   (  871): [TC:78698][TT:11433] [---------QML---------] [NQTextExtend::setStrId] [end]
I/start   (  871): [TC:78698][TT:11433] [---------QML---------] [NQText::setColorId] colorId[INVALID_COLORID] [begin]
I/start   (  871): [TC:78698][TT:11433] [---------QML---------] [NQText::setColorId] colorId[INVALID_COLORID] is invalid [end]
I/start   (  871): [TC:78698][TT:11434] [---------QML---------] [NQTextExtend::setStrId] [begin]
I/start   (  871): [TC:78698][TT:11434] [---------QML---------] [NQText::setStrId] strId[INVALID_STRID] [begin]
I/start   (  871): [TC:78698][TT:11434] [---------QML---------] [NQText::setText] n[] [begin]
I/start   (  871): [TC:78698][TT:11434] [---------QML---------] [NQText::setText] n[] is the same as before [end]
I/start   (  871): [TC:78698][TT:11434] [---------QML---------] [NQText::setStrId] strId[INVALID_STRID] is invalid [end]
I/start   (  871): [TC:78698][TT:11434] [---------QML---------] [NQTextExtend::setStyleId] [begin]
I/start   (  871): [TC:78698][TT:11434] [---------QML---------] [NQTextExtend::setStyleId] [end]
I/start   (  871): [TC:78699][TT:11434] [---------QML---------] [NQTextExtend::setStrId] [end]
I/start   (  871): [TC:78699][TT:11434] [---------QML---------] [NQText::setColorId] colorId[INVALID_COLORID] [begin]
I/start   (  871): [TC:78699][TT:11434] [---------QML---------] [NQText::setColorId] colorId[INVALID_COLORID] is invalid [end]
I/start   (  871): [TC:78699][TT:11434] [---------QML---------] [NQTextExtend::setStrId] [begin]
I/start   (  871): [TC:78699][TT:11434] [---------QML---------] [NQText::setStrId] strId[INVALID_STRID] [begin]
I/start   (  871): [TC:78699][TT:11434] [---------QML---------] [NQText::setText] n[] [begin]
I/start   (  871): [TC:78699][TT:11434] [---------QML---------] [NQText::setText] n[] is the same as before [end]
I/start   (  871): [TC:78699][TT:11434] [---------QML---------] [NQText::setStrId] strId[INVALID_STRID] is invalid [end]
I/start   (  871): [TC:78699][TT:11434] [---------QML---------] [NQTextExtend::setStyleId] [begin]
I/start   (  871): [TC:78699][TT:11434] [---------QML---------] [NQTextExtend::setStyleId] [end]
I/start   (  871): [TC:78699][TT:11434] [---------QML---------] [NQTextExtend::setStrId] [end]
I/start   (  871): [TC:78699][TT:11434] [---------QML---------] [NQText::setColorId] colorId[INVALID_COLORID] [begin]
I/start   (  871): [TC:78699][TT:11434] [---------QML---------] [NQText::setColorId] colorId[INVALID_COLORID] is invalid [end]
I/start   (  871): [TC:78699][TT:11434] [---------QML---------] [NQTextExtend::setStrId] [begin]
I/start   (  871): [TC:78699][TT:11434] [---------QML---------] [NQText::setStrId] strId[INVALID_STRID] [begin]
I/start   (  871): [TC:78699][TT:11434] [---------QML---------] [NQText::setText] n[] [begin]
I/start   (  871): [TC:78699][TT:11434] [---------QML---------] [NQText::setText] n[] is the same as before [end]
I/start   (  871): [TC:78699][TT:11434] [---------QML---------] [NQText::setStrId] strId[INVALID_STRID] is invalid [end]
I/start   (  871): [TC:78699][TT:11434] [---------QML---------] [NQTextExtend::setStyleId] [begin]
I/start   (  871): [TC:78699][TT:11434] [---------QML---------] [NQTextExtend::setStyleId] [end]
I/start   (  871): [TC:78699][TT:11434] [---------QML---------] [NQTextExtend::setStrId] [end]
I/start   (  871): [TC:78699][TT:11434] [---------QML---------] [NQText::setColorId] colorId[INVALID_COLORID] [begin]
I/start   (  871): [TC:78699][TT:11435] [---------QML---------] [NQText::setColorId] colorId[INVALID_COLORID] is invalid [end]
I/start   (  871): [TC:78699][TT:11435] [---------QML---------] [NQTextExtend::setStrId] [begin]
I/start   (  871): [TC:78700][TT:11435] [---------QML---------] [NQText::setStrId] strId[INVALID_STRID] [begin]
I/start   (  871): [TC:78703][TT:11435] [---------QML---------] [NQText::setText] n[] [begin]
I/start   (  871): [TC:78703][TT:11435] [---------QML---------] [NQText::setText] n[] is the same as before [end]
I/start   (  871): [TC:78703][TT:11435] [---------QML---------] [NQText::setStrId] strId[INVALID_STRID] is invalid [end]
I/start   (  871): [TC:78703][TT:11435] [---------QML---------] [NQTextExtend::setStyleId] [begin]
I/start   (  871): [TC:78703][TT:11435] [---------QML---------] [NQTextExtend::setStyleId] [end]
I/start   (  871): [TC:78703][TT:11435] [---------QML---------] [NQTextExtend::setStrId] [end]
I/start   (  871): [TC:78703][TT:11435] [---------QML---------] [NQText::setColorId] colorId[INVALID_COLORID] [begin]
I/start   (  871): [TC:78703][TT:11435] [---------QML---------] [NQText::setColorId] colorId[INVALID_COLORID] is invalid [end]
I/start   (  871): [TC:78703][TT:11435] [---------QML---------] [NQTextExtend::setStrId] [begin]
I/start   (  871): [TC:78703][TT:11435] [---------QML---------] [NQText::setStrId] strId[INVALID_STRID] [begin]
I/start   (  871): [TC:78703][TT:11435] [---------QML---------] [NQText::setText] n[] [begin]
I/start   (  871): [TC:78703][TT:11435] [---------QML---------] [NQText::setText] n[] is the same as before [end]
I/start   (  871): [TC:78703][TT:11435] [---------QML---------] [NQText::setStrId] strId[INVALID_STRID] is invalid [end]
I/start   (  871): [TC:78703][TT:11435] [---------QML---------] [NQTextExtend::setStyleId] [begin]
I/start   (  871): [TC:78703][TT:11435] [---------QML---------] [NQTextExtend::setStyleId] [end]
I/start   (  871): [TC:78703][TT:11435] [---------QML---------] [NQTextExtend::setStrId] [end]
I/start   (  871): [TC:78703][TT:11435] [---------QML---------] [NQText::setColorId] colorId[INVALID_COLORID] [begin]
I/start   (  871): [TC:78703][TT:11435] [---------QML---------] [NQText::setColorId] colorId[INVALID_COLORID] is invalid [end]
I/start   (  871): [TC:78703][TT:11435] [---------QML---------] [NQTextExtend::setStrId] [begin]
I/start   (  871): [TC:78703][TT:11436] [---------QML---------] [NQText::setStrId] strId[INVALID_STRID] [begin]
I/start   (  871): [TC:78703][TT:11436] [---------QML---------] [NQText::setText] n[] [begin]
I/start   (  871): [TC:78703][TT:11436] [---------QML---------] [NQText::setText] n[] is the same as before [end]
I/start   (  871): [TC:78703][TT:11436] [---------QML---------] [NQText::setStrId] strId[INVALID_STRID] is invalid [end]
I/start   (  871): [TC:78703][TT:11436] [---------QML---------] [NQTextExtend::setStyleId] [begin]
I/start   (  871): [TC:78703][TT:11436] [---------QML---------] [NQTextExtend::setStyleId] [end]
I/start   (  871): [TC:78703][TT:11436] [---------QML---------] [NQTextExtend::setStrId] [end]
I/start   (  871): [TC:78703][TT:11436] [---------QML---------] [NQText::setColorId] colorId[INVALID_COLORID] [begin]
I/start   (  871): [TC:78703][TT:11436] [---------QML---------] [NQText::setColorId] colorId[INVALID_COLORID] is invalid [end]
I/start   (  871): [TC:78703][TT:11436] [---------QML---------] [NQTextExtend::setStrId] [begin]
I/start   (  871): [TC:78704][TT:11436] [---------QML---------] [NQText::setStrId] strId[INVALID_STRID] [begin]
I/start   (  871): [TC:78704][TT:11436] [---------QML---------] [NQText::setText] n[] [begin]
I/start   (  871): [TC:78704][TT:11436] [---------QML---------] [NQText::setText] n[] is the same as before [end]
I/start   (  871): [TC:78704][TT:11436] [---------QML---------] [NQText::setStrId] strId[INVALID_STRID] is invalid [end]
I/start   (  871): [TC:78704][TT:11436] [---------QML---------] [NQTextExtend::setStyleId] [begin]
I/start   (  871): [TC:78704][TT:11436] [---------QML---------] [NQTextExtend::setStyleId] [end]
I/start   (  871): [TC:78704][TT:11436] [---------QML---------] [NQTextExtend::setStrId] [end]
I/start   (  871): [TC:78706][TT:11438] [---------QML---------] [NQViewBase::active] [end]
I/start   (  871): [TC:78707][TT:11438] [TDHome] [CustomKey::setLayout] [setViewPos step]
I/start   (  871): [TC:78707][TT:11438] [TDHome] [CustomKey::setLayout] [inView step]
I/start   (  147): [TC:78707][TT:613] [OpeningService] plcaution do not start
I/start   (  871): [TC:78708][TT:11439] [---------QML---------] [NQQmlFileLoader::loadQmlView] id[TslHome_1_4_1] [begin]
I/start   (  871): [TC:78708][TT:11439] [---------QML---------] [NQQmlFileLoader::loadCache] qmlName[TslHome_1_4_1] [begin]
I/start   (  871): [TC:78708][TT:11440] [---------QML---------] [NQQmlFileLoader::loadCache] success qmlName[TslHome_1_4_1] [end]
I/start   (  871): [TC:78713][TT:11444] [---------QML---------] [NQQmlFileLoader::loadQmlView] id[TslHome_1_4_1] [end]
I/start   (  871): [TC:78745][TT:11475] [---------QML---------] [NQViewBase::active] [begin]
I/start   (  871): [TC:78745][TT:11475] [---------QML---------] [NQText::setColorId] colorId[INVALID_COLORID] [begin]
I/start   (  871): [TC:78745][TT:11475] [---------QML---------] [NQText::setColorId] colorId[INVALID_COLORID] is invalid [end]
I/start   (  871): [TC:78745][TT:11475] [---------QML---------] [NQTextExtend::setStrId] [begin]
I/start   (  871): [TC:78745][TT:11475] [---------QML---------] [NQText::setStrId] strId[INVALID_STRID] [begin]
I/start   (  871): [TC:78745][TT:11475] [---------QML---------] [NQText::setText] n[to be add] [begin]
I/start   (  871): [TC:78745][TT:11475] [---------QML---------] [NQText::setText] n[to be add] is the same as before [end]
I/start   (  871): [TC:78745][TT:11475] [---------QML---------] [NQText::setStrId] strId[INVALID_STRID] is invalid [end]
I/start   (  871): [TC:78745][TT:11475] [---------QML---------] [NQTextExtend::setStyleId] [begin]
I/start   (  871): [TC:78745][TT:11475] [---------QML---------] [NQTextExtend::setStyleId] [end]
I/start   (  871): [TC:78745][TT:11475] [---------QML---------] [NQTextExtend::setStrId] [end]
I/start   (  871): [TC:78746][TT:11476] [---------QML---------] [NQText::setColorId] colorId[INVALID_COLORID] [begin]
I/start   (  871): [TC:78746][TT:11476] [---------QML---------] [NQText::setColorId] colorId[INVALID_COLORID] is invalid [end]
I/start   (  871): [TC:78746][TT:11476] [---------QML---------] [NQTextExtend::setStrId] [begin]
I/start   (  871): [TC:78746][TT:11476] [---------QML---------] [NQText::setStrId] strId[INVALID_STRID] [begin]
I/start   (  871): [TC:78746][TT:11476] [---------QML---------] [NQText::setText] n[] [begin]
I/start   (  871): [TC:78746][TT:11476] [---------QML---------] [NQText::setText] n[] is the same as before [end]
I/start   (  871): [TC:78746][TT:11476] [---------QML---------] [NQText::setStrId] strId[INVALID_STRID] is invalid [end]
I/start   (  871): [TC:78746][TT:11476] [---------QML---------] [NQTextExtend::setStyleId] [begin]
I/start   (  871): [TC:78746][TT:11476] [---------QML---------] [NQTextExtend::setStyleId] [end]
I/start   (  871): [TC:78747][TT:11476] [---------QML---------] [NQTextExtend::setStrId] [end]
I/start   (  871): [TC:78747][TT:11476] [---------QML---------] [NQText::setColorId] colorId[INVALID_COLORID] [begin]
I/start   (  871): [TC:78747][TT:11476] [---------QML---------] [NQText::setColorId] colorId[INVALID_COLORID] is invalid [end]
I/start   (  871): [TC:78747][TT:11476] [---------QML---------] [NQTextExtend::setStrId] [begin]
I/start   (  871): [TC:78747][TT:11476] [---------QML---------] [NQText::setStrId] strId[INVALID_STRID] [begin]
I/start   (  871): [TC:78747][TT:11476] [---------QML---------] [NQText::setText] n[] [begin]
I/start   (  871): [TC:78747][TT:11477] [---------QML---------] [NQText::setText] n[] is the same as before [end]
I/start   (  871): [TC:78747][TT:11477] [---------QML---------] [NQText::setStrId] strId[INVALID_STRID] is invalid [end]
I/start   (  871): [TC:78747][TT:11477] [---------QML---------] [NQTextExtend::setStyleId] [begin]
I/start   (  871): [TC:78747][TT:11477] [---------QML---------] [NQTextExtend::setStyleId] [end]
I/start   (  871): [TC:78747][TT:11477] [---------QML---------] [NQTextExtend::setStrId] [end]
I/start   (  871): [TC:78749][TT:11478] [---------QML---------] [NQViewBase::active] [end]
I/start   (  871): [TC:78750][TT:11480] [---------QML---------] [NQViewBase::active] [begin]
I/start   (  871): [TC:78750][TT:11480] [---------QML---------] [NQText::setColorId] colorId[INVALID_COLORID] [begin]
I/start   (  871): [TC:78750][TT:11480] [---------QML---------] [NQText::setColorId] colorId[INVALID_COLORID] is invalid [end]
I/start   (  871): [TC:78750][TT:11480] [---------QML---------] [NQTextExtend::setStrId] [begin]
I/start   (  871): [TC:78750][TT:11480] [---------QML---------] [NQText::setStrId] strId[INVALID_STRID] [begin]
I/start   (  871): [TC:78750][TT:11480] [---------QML---------] [NQText::setText] n[to be add] [begin]
I/start   (  871): [TC:78750][TT:11480] [---------QML---------] [NQText::setText] n[to be add] is the same as before [end]
I/start   (  871): [TC:78750][TT:11480] [---------QML---------] [NQText::setStrId] strId[INVALID_STRID] is invalid [end]
I/start   (  871): [TC:78751][TT:11480] [---------QML---------] [NQTextExtend::setStyleId] [begin]
I/start   (  871): [TC:78751][TT:11480] [---------QML---------] [NQTextExtend::setStyleId] [end]
I/start   (  871): [TC:78751][TT:11480] [---------QML---------] [NQTextExtend::setStrId] [end]
I/start   (  871): [TC:78751][TT:11480] [---------QML---------] [NQText::setColorId] colorId[INVALID_COLORID] [begin]
I/start   (  871): [TC:78751][TT:11480] [---------QML---------] [NQText::setColorId] colorId[INVALID_COLORID] is invalid [end]
I/start   (  871): [TC:78751][TT:11480] [---------QML---------] [NQTextExtend::setStrId] [begin]
I/start   (  871): [TC:78751][TT:11480] [---------QML---------] [NQText::setStrId] strId[INVALID_STRID] [begin]
I/start   (  871): [TC:78751][TT:11480] [---------QML---------] [NQText::setText] n[] [begin]
I/start   (  871): [TC:78751][TT:11480] [---------QML---------] [NQText::setText] n[] is the same as before [end]
I/start   (  871): [TC:78751][TT:11480] [---------QML---------] [NQText::setStrId] strId[INVALID_STRID] is invalid [end]
I/start   (  871): [TC:78751][TT:11480] [---------QML---------] [NQTextExtend::setStyleId] [begin]
I/start   (  871): [TC:78751][TT:11480] [---------QML---------] [NQTextExtend::setStyleId] [end]
I/start   (  871): [TC:78751][TT:11481] [---------QML---------] [NQTextExtend::setStrId] [end]
I/start   (  871): [TC:78751][TT:11481] [---------QML---------] [NQText::setColorId] colorId[INVALID_COLORID] [begin]
I/start   (  871): [TC:78751][TT:11481] [---------QML---------] [NQText::setColorId] colorId[INVALID_COLORID] is invalid [end]
I/start   (  871): [TC:78751][TT:11481] [---------QML---------] [NQTextExtend::setStrId] [begin]
I/start   (  871): [TC:78751][TT:11481] [---------QML---------] [NQText::setStrId] strId[INVALID_STRID] [begin]
I/start   (  871): [TC:78751][TT:11481] [---------QML---------] [NQText::setText] n[] [begin]
I/start   (  871): [TC:78751][TT:11481] [---------QML---------] [NQText::setText] n[] is the same as before [end]
I/start   (  871): [TC:78751][TT:11481] [---------QML---------] [NQText::setStrId] strId[INVALID_STRID] is invalid [end]
I/start   (  871): [TC:78751][TT:11481] [---------QML---------] [NQTextExtend::setStyleId] [begin]
I/start   (  871): [TC:78752][TT:11481] [---------QML---------] [NQTextExtend::setStyleId] [end]
I/start   (  871): [TC:78752][TT:11481] [---------QML---------] [NQTextExtend::setStrId] [end]
I/start   (  871): [TC:78752][TT:11482] [---------QML---------] [NQViewBase::active] [end]
I/start   (  871): [TC:78753][TT:11482] [TDHome] [CustomKey::setLayout] [setViewPos step]
I/start   (  871): [TC:78753][TT:11482] [TDHome] [CustomKey::setLayout] [inView step]
I/start   (  871): [TC:78765][TT:11491] [---------QML---------] [NQViewBase::active] [begin]
I/start   (  871): [TC:78765][TT:11491] [---------QML---------] [NQViewBase::active] [end]
I/start   (  871): [TC:78786][TT:11500] [---------QML---------] [NQQmlFileLoader::loadQmlView] id[OffHome_1_2] [begin]
I/start   (  871): [TC:78786][TT:11500] [---------QML---------] [NQQmlFileLoader::loadCache] qmlName[OffHome_1_2] [begin]
I/start   (  871): [TC:78787][TT:11501] [---------QML---------] [NQQmlFileLoader::loadCache] success qmlName[OffHome_1_2] [end]
I/start   (  871): [TC:78788][TT:11502] [---------QML---------] [NQQmlFileLoader::loadQmlView] id[OffHome_1_2] [end]
I/start   (  871): [TC:78791][TT:11504] [---------QML---------] [NQViewBase::active] [begin]
I/start   (  871): [TC:78791][TT:11504] [---------QML---------] [NQText::setColorId] colorId[INVALID_COLORID] [begin]
I/start   (  871): [TC:78791][TT:11504] [---------QML---------] [NQText::setColorId] colorId[INVALID_COLORID] is invalid [end]
I/start   (  871): [TC:78791][TT:11504] [---------QML---------] [NQTextExtend::setStrId] [begin]
I/start   (  871): [TC:78791][TT:11504] [---------QML---------] [NQText::setStrId] strId[STR_MM_11_02_02_RES_00] [begin]
I/start   (  871): [TC:78791][TT:11505] [---------QML---------] [NQText::setStrId] strId[STR_MM_11_02_02_RES_00] is the same as before [end]
I/start   (  871): [TC:78791][TT:11505] [---------QML---------] [NQTextExtend::setStrId] [end]
I/start   (  871): [TC:78791][TT:11505] [---------QML---------] [NQViewBase::active] [end]
I/start   (  871): [TC:78792][TT:11506] [TDHome] [CustomKey::setLayout] [end]
I/start   (  871): [TC:78793][TT:11506] [TDHome] [HomeControl::onPreActive] [setItemIndexHorizontal step]
I/start   (  871): [TC:78838][TT:11543] [TDHome] [HomeControl::onPreActive] [end]
I/start   (  871): [TC:78839][TT:11543] [TDHome] [NativeApp_Home::onAwake] [home onActive begin]
I/start   (  871): [TC:78854][TT:11555] [TDHome] [NativeApp_Home::onAwake] [end]
I/start   (  871): [TC:78854][TT:11555] [AppLauncher] [AppContext::onUIInitialize][begin] !!![net.suntec.app.TDHome.application]
I/start   (  871): [TC:78854][TT:11555] [AppLauncher] [AppContext::onUIInitialize][end] !!![net.suntec.app.TDHome.application]
I/start   (  149): [TC:78856][TT:40] [AppManager]   receive resp4initAppUIAwake, appid net.suntec.app.TDHome.application
I/start   (  871): [TC:78856][TT:11555] [AppLauncher] [AppContext::onUIAwake][end] !!![net.suntec.app.TDHome.application]
I/start   (  871): [TC:78856][TT:11556] [AppLauncher] [AppContext::onUIActiveShow][begin] !!![net.suntec.app.TDSystemUI.application]
I/start   (  871): [TC:78857][TT:11556] [AppLauncher] [App onIntent][begin] !!![net.suntec.app.TDSystemUI.application]
I/start   (  871): [TC:78857][TT:11557] [AppLauncher] [App onIntent][end] !!![net.suntec.app.TDSystemUI.application]
I/start   (  149): [TC:78857][TT:77] [AppManager]   handle resp initui_awake, appid net.suntec.app.TDHome.application
I/start   (  871): [TC:78857][TT:11557] [AppLauncher] [AppContext::onUIActiveShow][end] !!![net.suntec.app.TDSystemUI.application]
I/start   (  871): [TC:78866][TT:11565] [statusbar] [NQStatusBar::checkWifiConn()] [check phone connect icon index begin]
I/start   (  871): [TC:78866][TT:11565] [statusbar] [NQStatusBar::checkWifiConn()] [check phone connect icon index end]
I/start   (  871): [TC:78866][TT:11565] [statusbar] [NQStatusBar::checkWifiConn()] [get system info fc log begin]
I/start   (  149): [TC:78868][TT:78] [AppManager]  send req ActiveShow, appid net.suntec.app.TDHome.application
I/start   (  871): [TC:78880][TT:11568] [statusbar] [NQStatusBar::checkWifiConn()] [get system info fc log end]
I/start   (  871): [TC:78884][TT:11569] [statusbar] [NQStatusBar::checkWifiConn()] [delete phone con icon display] begin
I/start   (  871): [TC:78884][TT:11569] [statusbar] [NQStatusBar::checkWifiConn()] [delete phone con icon display] end
I/start   (  871): [TC:78884][TT:11569] [statusbar] [NQStatusBar::checkPhoneBattery()] [check phone battery icon index begin]
I/start   (  871): [TC:78884][TT:11569] [statusbar] [NQStatusBar::checkPhoneBattery()] [check phone battery icon index end]
I/start   (  871): [TC:78885][TT:11569] [statusbar] [NQStatusBar::checkPhoneBattery()] [get system info fc log begin]
I/start   (  871): [TC:78891][TT:11570] [statusbar] [NQStatusBar::checkPhoneBattery()] [get system info fc log end]
I/start   (  871): [TC:78895][TT:11571] [statusbar] [NQStatusBar::checkPhoneBattery()] [get phone battery icon display index] begin
I/start   (  871): [TC:78895][TT:11571] [statusbar] [NQStatusBar::checkPhoneBattery()] [get phone battery icon display index] end
I/start   (  871): [TC:78895][TT:11572] [statusbar] [NQStatusBar::checkPhoneEFS()] [check phone field icon index begin]
I/start   (  871): [TC:78895][TT:11572] [statusbar] [NQStatusBar::checkPhoneEFS()] [check phone field icon index end]
I/start   (  871): [TC:78895][TT:11572] [statusbar] [NQStatusBar::checkPhoneEFS()] [get system info fc log begin]
I/start   (  871): [TC:78899][TT:11573] [statusbar] [NQStatusBar::checkPhoneEFS()] [get system info fc log end]
I/start   (  871): [TC:78903][TT:11574] [statusbar] [NQStatusBar::checkPhoneEFS()] [delete phone field icon display] begin
I/start   (  871): [TC:78903][TT:11574] [statusbar] [NQStatusBar::checkPhoneEFS()] [delete phone field icon display] end
I/start   (  871): [TC:78903][TT:11574] [statusbar] [NQStatusBar::checkPhoneEFS()] [check phone field icon index begin]
I/start   (  871): [TC:78903][TT:11574] [statusbar] [NQStatusBar::checkPhoneEFS()] [check phone field icon index end]
I/start   (  871): [TC:78903][TT:11574] [statusbar] [NQStatusBar::checkPhoneEFS()] [get system info fc log begin]
I/start   (  871): [TC:78909][TT:11576] [statusbar] [NQStatusBar::checkPhoneEFS()] [get system info fc log end]
I/start   (  871): [TC:78914][TT:11577] [statusbar] [NQStatusBar::checkPhoneEFS()] [delete phone field icon display] begin
I/start   (  871): [TC:78914][TT:11577] [statusbar] [NQStatusBar::checkPhoneEFS()] [delete phone field icon display] end
I/start   (  871): [TC:78916][TT:11579] [PhoneHome_1_4] [PhoneHome_1_4 Screen::setButtonBtnEnabled] [begin]
I/start   (  871): [TC:78921][TT:11582] [PhoneHome_1_4] [PhoneHome_1_4 Screen::setButtonBtnEnabled] [end]
I/start   (  871): [TC:78925][TT:11585] [TDSystemUI] [Caution Screen::onFrameConfirmedSlot()] [property_set(plcaution)] [start]
I/start   (  871): [TC:78929][TT:11588] [TDSystemUI] [Caution Screen::onFrameConfirmedSlot()] [property_set(plcaution)] [end]
I/start   (  871): [TC:78929][TT:11588] [TDSystemUI] [Caution Screen::onFrameConfirmedSlot()] [end]
I/start   (  147): [TC:78930][TT:303] [OpeningService] 10682 : correct time
I/start   (  147): [TC:78930][TT:303] [OpeningService] OpeningThreadJobAnimationFadeOut Start
I/start   (  147): [TC:78930][TT:303] [OpeningService] OpeningAnimationImpl::openingPlayAnimation start
I/start   (  871): [TC:78946][TT:11589] [---------QML---------] [NQGuiApplication::notify] [triggerUpdateEvent] [begin]
I/start   (  871): [TC:78948][TT:11590] [---------QML---------] [NQTextExtend::changeFont] [begin]
I/start   (  871): [TC:79006][TT:11645] [---------QML---------] [NQText::setFont] [begin]
I/start   (  871): [TC:79006][TT:11645] [---------QML---------] [NQText::setFont] [updateLayout] [begin]
I/start   (  871): [TC:79013][TT:11650] [---------QML---------] [NQText::setFont] [updateLayout] [end]
I/start   (  871): [TC:79013][TT:11650] [---------QML---------] [NQText::setFont] [end]
I/start   (  871): [TC:79014][TT:11651] [---------QML---------] [NQTextExtend::changeFont] [end]
I/start   (  871): [TC:79015][TT:11651] [---------QML---------] [NQTextExtend::changeFont] [begin]
I/start   (  871): [TC:79015][TT:11652] [---------QML---------] [NQText::setFont] [begin]
I/start   (  871): [TC:79015][TT:11652] [---------QML---------] [NQText::setFont] [updateLayout] [begin]
I/start   (  871): [TC:79016][TT:11653] [---------QML---------] [NQText::setFont] [updateLayout] [end]
I/start   (  871): [TC:79016][TT:11653] [---------QML---------] [NQText::setFont] [end]
I/start   (  871): [TC:79016][TT:11653] [---------QML---------] [NQTextExtend::changeFont] [end]
I/start   (  871): [TC:79016][TT:11653] [---------QML---------] [NQTextExtend::changeFont] [begin]
I/start   (  871): [TC:79016][TT:11653] [---------QML---------] [NQTextExtend::changeFont] [end]
I/start   (  871): [TC:79018][TT:11654] [---------QML---------] [NQGuiApplication::notify] [triggerUpdateEvent] [end]
I/start   (  871): [TC:79018][TT:11654] [---------QML---------] [QGuiApplication::notify] [begin]
I/start   (  871): [TC:79026][TT:11662] [---------QML---------] [NQImage::updatePaintNode] [begin]
I/start   (  871): [TC:79030][TT:11666] [---------QML---------] [NQImage::updatePaintNode] [end]
I/start   (  871): [TC:79031][TT:11667] [---------QML---------] [NQText::updatePaintNode] [begin]
I/start   (  871): [TC:79057][TT:11691] [---------QML---------] [NQText::updatePaintNode] [end]
I/start   (  871): [TC:79061][TT:11693] [---------QML---------] [NQBorderImage::updatePaintNode] [begin]
I/start   (  871): [TC:79061][TT:11693] [---------QML---------] [NQBorderImage::updatePaintNode] error [end]
I/start   (  871): [TC:79061][TT:11693] [---------QML---------] [NQBorderImage::updatePaintNode] [begin]
I/start   (  871): [TC:79061][TT:11693] [---------QML---------] [NQBorderImage::updatePaintNode] error [end]
I/start   (  871): [TC:79061][TT:11693] [---------QML---------] [NQImage::updatePaintNode] [begin]
I/start   (  871): [TC:79066][TT:11697] [---------QML---------] [NQImage::updatePaintNode] [end]
I/start   (  871): [TC:79066][TT:11697] [---------QML---------] [NQImage::updatePaintNode] [begin]
I/start   (  871): [TC:79076][TT:11700] [---------QML---------] [NQImage::updatePaintNode] [end]
I/start   (  871): [TC:79076][TT:11701] [---------QML---------] [NQImage::updatePaintNode] [begin]
I/start   (  871): [TC:79078][TT:11702] [---------QML---------] [NQImage::updatePaintNode] [end]
I/start   (  871): [TC:79087][TT:11709] [---------QML---------] [NQText::updatePaintNode] [begin]
I/start   (  871): [TC:79087][TT:11709] [---------QML---------] [NQText::updatePaintNode] visible false [end]
I/start   (  871): [TC:79087][TT:11709] [---------QML---------] [NQText::updatePaintNode] [begin]
I/start   (  871): [TC:79087][TT:11709] [---------QML---------] [NQText::updatePaintNode] visible false [end]
I/start   (  871): [TC:79087][TT:11709] [---------QML---------] [NQImage::updatePaintNode] [begin]
I/start   (  871): [TC:79087][TT:11709] [---------QML---------] [NQImage::updatePaintNode] visible is false [end]
I/start   (  871): [TC:79087][TT:11709] [---------QML---------] [NQImage::updatePaintNode] [begin]
I/start   (  871): [TC:79087][TT:11709] [---------QML---------] [NQImage::updatePaintNode] visible is false [end]
I/start   (  871): [TC:79087][TT:11709] [---------QML---------] [NQImage::updatePaintNode] [begin]
I/start   (  871): [TC:79087][TT:11709] [---------QML---------] [NQImage::updatePaintNode] visible is false [end]
I/start   (  871): [TC:79087][TT:11709] [---------QML---------] [NQImage::updatePaintNode] [begin]
I/start   (  871): [TC:79087][TT:11709] [---------QML---------] [NQImage::updatePaintNode] visible is false [end]
I/start   (  871): [TC:79087][TT:11709] [---------QML---------] [NQImage::updatePaintNode] [begin]
I/start   (  871): [TC:79087][TT:11709] [---------QML---------] [NQImage::updatePaintNode] visible is false [end]
I/start   (  871): [TC:79087][TT:11709] [---------QML---------] [NQImage::updatePaintNode] [begin]
I/start   (  871): [TC:79087][TT:11710] [---------QML---------] [NQImage::updatePaintNode] visible is false [end]
I/start   (  871): [TC:79087][TT:11710] [---------QML---------] [NQImage::updatePaintNode] [begin]
I/start   (  871): [TC:79087][TT:11710] [---------QML---------] [NQImage::updatePaintNode] visible is false [end]
I/start   (  871): [TC:79087][TT:11710] [---------QML---------] [NQImage::updatePaintNode] [begin]
I/start   (  871): [TC:79087][TT:11710] [---------QML---------] [NQImage::updatePaintNode] visible is false [end]
I/start   (  871): [TC:79087][TT:11710] [---------QML---------] [NQImage::updatePaintNode] [begin]
I/start   (  871): [TC:79087][TT:11710] [---------QML---------] [NQImage::updatePaintNode] visible is false [end]
I/start   (  871): [TC:79087][TT:11710] [---------QML---------] [NQImage::updatePaintNode] [begin]
I/start   (  871): [TC:79087][TT:11710] [---------QML---------] [NQImage::updatePaintNode] visible is false [end]
I/start   (  871): [TC:79087][TT:11710] [---------QML---------] [NQImage::updatePaintNode] [begin]
I/start   (  871): [TC:79087][TT:11710] [---------QML---------] [NQImage::updatePaintNode] visible is false [end]
I/start   (  871): [TC:79087][TT:11710] [---------QML---------] [NQImage::updatePaintNode] [begin]
I/start   (  871): [TC:79087][TT:11710] [---------QML---------] [NQImage::updatePaintNode] visible is false [end]
I/start   (  871): [TC:79087][TT:11710] [---------QML---------] [NQBorderImage::updatePaintNode] [begin]
I/start   (  871): [TC:79087][TT:11710] [---------QML---------] [NQBorderImage::updatePaintNode] visible is false [end]
I/start   (  871): [TC:79087][TT:11710] [---------QML---------] [NQText::updatePaintNode] [begin]
I/start   (  871): [TC:79089][TT:11712] [---------QML---------] [NQText::updatePaintNode] [end]
I/start   (  871): [TC:79089][TT:11712] [---------QML---------] [NQBorderImage::updatePaintNode] [begin]
I/start   (  871): [TC:79090][TT:11712] [---------QML---------] [NQBorderImage::updatePaintNode] error [end]
I/start   (  871): [TC:79090][TT:11712] [---------QML---------] [NQBorderImage::updatePaintNode] [begin]
I/start   (  871): [TC:79090][TT:11712] [---------QML---------] [NQBorderImage::updatePaintNode] error [end]
I/start   (  871): [TC:79090][TT:11712] [---------QML---------] [NQImage::updatePaintNode] [begin]
I/start   (  871): [TC:79090][TT:11712] [---------QML---------] [NQImage::updatePaintNode] visible is false [end]
I/start   (  871): [TC:79090][TT:11712] [---------QML---------] [NQImage::updatePaintNode] [begin]
I/start   (  871): [TC:79090][TT:11712] [---------QML---------] [NQImage::updatePaintNode] visible is false [end]
I/start   (  871): [TC:79090][TT:11712] [---------QML---------] [NQImage::updatePaintNode] [begin]
I/start   (  871): [TC:79092][TT:11714] [---------QML---------] [NQImage::updatePaintNode] [end]
I/start   (  871): [TC:79094][TT:11717] [---------QML---------] [NQText::updatePaintNode] [begin]
I/start   (  871): [TC:79094][TT:11717] [---------QML---------] [NQText::updatePaintNode] visible false [end]
I/start   (  871): [TC:79095][TT:11717] [---------QML---------] [NQText::updatePaintNode] [begin]
I/start   (  871): [TC:79095][TT:11717] [---------QML---------] [NQText::updatePaintNode] visible false [end]
I/start   (  871): [TC:79095][TT:11717] [---------QML---------] [NQBorderImage::updatePaintNode] [begin]
I/start   (  871): [TC:79095][TT:11717] [---------QML---------] [NQBorderImage::updatePaintNode] visible is false [end]
I/start   (  871): [TC:79095][TT:11717] [---------QML---------] [NQBorderImage::updatePaintNode] [begin]
I/start   (  871): [TC:79095][TT:11717] [---------QML---------] [NQBorderImage::updatePaintNode] visible is false [end]
I/start   (  871): [TC:79095][TT:11717] [---------QML---------] [NQImage::updatePaintNode] [begin]
I/start   (  871): [TC:79095][TT:11717] [---------QML---------] [NQImage::updatePaintNode] visible is false [end]
I/start   (  871): [TC:79095][TT:11717] [---------QML---------] [NQText::updatePaintNode] [begin]
I/start   (  871): [TC:79095][TT:11717] [---------QML---------] [NQText::updatePaintNode] visible false [end]
I/start   (  871): [TC:79095][TT:11717] [---------QML---------] [NQText::updatePaintNode] [begin]
I/start   (  871): [TC:79095][TT:11717] [---------QML---------] [NQText::updatePaintNode] visible false [end]
I/start   (  871): [TC:79095][TT:11717] [---------QML---------] [NQBorderImage::updatePaintNode] [begin]
I/start   (  871): [TC:79095][TT:11717] [---------QML---------] [NQBorderImage::updatePaintNode] visible is false [end]
I/start   (  871): [TC:79095][TT:11717] [---------QML---------] [NQBorderImage::updatePaintNode] [begin]
I/start   (  871): [TC:79095][TT:11717] [---------QML---------] [NQBorderImage::updatePaintNode] visible is false [end]
I/start   (  871): [TC:79095][TT:11717] [---------QML---------] [NQImage::updatePaintNode] [begin]
I/start   (  871): [TC:79095][TT:11717] [---------QML---------] [NQImage::updatePaintNode] visible is false [end]
I/start   (  871): [TC:79095][TT:11717] [---------QML---------] [NQText::updatePaintNode] [begin]
I/start   (  871): [TC:79095][TT:11717] [---------QML---------] [NQText::updatePaintNode] visible false [end]
I/start   (  871): [TC:79095][TT:11718] [---------QML---------] [NQText::updatePaintNode] [begin]
I/start   (  871): [TC:79095][TT:11718] [---------QML---------] [NQText::updatePaintNode] visible false [end]
I/start   (  871): [TC:79095][TT:11718] [---------QML---------] [NQBorderImage::updatePaintNode] [begin]
I/start   (  871): [TC:79095][TT:11718] [---------QML---------] [NQBorderImage::updatePaintNode] visible is false [end]
I/start   (  871): [TC:79096][TT:11718] [---------QML---------] [NQBorderImage::updatePaintNode] [begin]
I/start   (  871): [TC:79096][TT:11718] [---------QML---------] [NQBorderImage::updatePaintNode] visible is false [end]
I/start   (  871): [TC:79096][TT:11718] [---------QML---------] [NQImage::updatePaintNode] [begin]
I/start   (  871): [TC:79096][TT:11718] [---------QML---------] [NQImage::updatePaintNode] visible is false [end]
I/start   (  871): [TC:79096][TT:11718] [---------QML---------] [NQText::updatePaintNode] [begin]
I/start   (  871): [TC:79096][TT:11718] [---------QML---------] [NQText::updatePaintNode] visible false [end]
I/start   (  871): [TC:79097][TT:11718] [---------QML---------] [NQText::updatePaintNode] [begin]
I/start   (  871): [TC:79097][TT:11718] [---------QML---------] [NQText::updatePaintNode] visible false [end]
I/start   (  871): [TC:79097][TT:11718] [---------QML---------] [NQBorderImage::updatePaintNode] [begin]
I/start   (  871): [TC:79097][TT:11718] [---------QML---------] [NQBorderImage::updatePaintNode] visible is false [end]
I/start   (  871): [TC:79097][TT:11718] [---------QML---------] [NQBorderImage::updatePaintNode] [begin]
I/start   (  871): [TC:79097][TT:11718] [---------QML---------] [NQBorderImage::updatePaintNode] visible is false [end]
I/start   (  871): [TC:79097][TT:11718] [---------QML---------] [NQImage::updatePaintNode] [begin]
I/start   (  871): [TC:79097][TT:11718] [---------QML---------] [NQImage::updatePaintNode] visible is false [end]
I/start   (  871): [TC:79097][TT:11718] [---------QML---------] [NQText::updatePaintNode] [begin]
I/start   (  871): [TC:79097][TT:11718] [---------QML---------] [NQText::updatePaintNode] visible false [end]
I/start   (  871): [TC:79097][TT:11719] [---------QML---------] [NQBorderImage::updatePaintNode] [begin]
I/start   (  871): [TC:79097][TT:11719] [---------QML---------] [NQBorderImage::updatePaintNode] visible is false [end]
I/start   (  871): [TC:79097][TT:11719] [---------QML---------] [NQBorderImage::updatePaintNode] [begin]
I/start   (  871): [TC:79097][TT:11719] [---------QML---------] [NQBorderImage::updatePaintNode] visible is false [end]
I/start   (  871): [TC:79097][TT:11719] [---------QML---------] [NQText::updatePaintNode] [begin]
I/start   (  871): [TC:79097][TT:11719] [---------QML---------] [NQText::updatePaintNode] visible false [end]
I/start   (  871): [TC:79097][TT:11719] [---------QML---------] [NQText::updatePaintNode] [begin]
I/start   (  871): [TC:79097][TT:11719] [---------QML---------] [NQText::updatePaintNode] visible false [end]
I/start   (  871): [TC:79097][TT:11719] [---------QML---------] [NQBorderImage::updatePaintNode] [begin]
I/start   (  871): [TC:79097][TT:11719] [---------QML---------] [NQBorderImage::updatePaintNode] visible is false [end]
I/start   (  871): [TC:79097][TT:11719] [---------QML---------] [NQBorderImage::updatePaintNode] [begin]
I/start   (  871): [TC:79097][TT:11719] [---------QML---------] [NQBorderImage::updatePaintNode] visible is false [end]
I/start   (  871): [TC:79097][TT:11719] [---------QML---------] [NQText::updatePaintNode] [begin]
I/start   (  871): [TC:79097][TT:11719] [---------QML---------] [NQText::updatePaintNode] visible false [end]
I/start   (  871): [TC:79097][TT:11719] [---------QML---------] [NQText::updatePaintNode] [begin]
I/start   (  871): [TC:79099][TT:11721] [---------QML---------] [NQText::updatePaintNode] [end]
I/start   (  871): [TC:79099][TT:11721] [---------QML---------] [NQBorderImage::updatePaintNode] [begin]
I/start   (  871): [TC:79099][TT:11721] [---------QML---------] [NQBorderImage::updatePaintNode] error [end]
I/start   (  871): [TC:79099][TT:11721] [---------QML---------] [NQBorderImage::updatePaintNode] [begin]
I/start   (  871): [TC:79099][TT:11721] [---------QML---------] [NQBorderImage::updatePaintNode] error [end]
I/start   (  871): [TC:79099][TT:11721] [---------QML---------] [NQImage::updatePaintNode] [begin]
I/start   (  871): [TC:79099][TT:11721] [---------QML---------] [NQImage::updatePaintNode] visible is false [end]
I/start   (  871): [TC:79100][TT:11721] [---------QML---------] [NQImage::updatePaintNode] [begin]
I/start   (  871): [TC:79100][TT:11721] [---------QML---------] [NQImage::updatePaintNode] visible is false [end]
I/start   (  871): [TC:79100][TT:11721] [---------QML---------] [NQImage::updatePaintNode] [begin]
I/start   (  871): [TC:79100][TT:11721] [---------QML---------] [NQImage::updatePaintNode] [end]
I/start   (  147): [TC:79253][TT:370] [OpeningService] OpeningAnimationImpl::openingPlayAnimation end
I/start   (  147): [TC:79253][TT:370] [OpeningService] OpeningThreadJobAnimationFadeOut End
I/start   (  147): [TC:79256][TT:625] [OpeningService] 11008 : correct time
I/start   (  147): [TC:79256][TT:625] [OpeningService] opening process end
I/start   (  147): [TC:79257][TT:625] [OpeningService] *****movie stop start
I/start   (  871): [TC:79368][TT:11907] [---------QML---------] [NQPngTexture::bind] [begin]
I/start   (  871): [TC:79368][TT:11907] [---------QML---------] [NQPngTexture::bind] rebound ok [end]
I/start   (  871): [TC:79368][TT:11907] [---------QML---------] [NQPngTexture::bind] [begin]
I/start   (  871): [TC:79368][TT:11907] [---------QML---------] [NQPngTexture::bind] rebound ok [end]
I/start   (  871): [TC:79368][TT:11907] [---------QML---------] [NQPngTexture::bind] [begin]
I/start   (  871): [TC:79369][TT:11907] [---------QML---------] [NQPngTexture::bind] rebound ok [end]
I/start   (  871): [TC:79369][TT:11908] [---------QML---------] [NQPngTexture::bind] [begin]
I/start   (  871): [TC:79369][TT:11908] [---------QML---------] [NQPngTexture::bind] rebound ok [end]
I/start   (  871): [TC:79369][TT:11908] [---------QML---------] [NQPngTexture::bind] [begin]
I/start   (  147): [TC:79388][TT:640] [OpeningPlayer] now stopped
I/start   (  147): [TC:79388][TT:640] [OpeningService] OpeningMoviePlayer::play stop
I/start   (  147): [TC:79388][TT:640] [OpeningService] *****movie stop end
I/start   (  147): [TC:79388][TT:640] [OpeningService] *****movie unload start
I/start   (  147): [TC:79466][TT:652] [OpeningPlayer] now unloaded
I/start   (  147): [TC:79477][TT:662] [OpeningService] OpeningMoviePlayer::play unload
I/start   (  147): [TC:79477][TT:662] [OpeningService] *****movie unload end
I/start   (  147): [TC:79477][TT:662] [OpeningService] 11229 : correct time
I/start   (  147): [TC:79479][TT:662] [OpeningService] notifyPowerPort | notify PowerProcess_Awaking OK
I/start   (  147): [TC:79479][TT:662] [OpeningService] 11231 : correct time
I/start   (  147): [TC:79479][TT:662] [OpeningService] onDeinit
I/start   (  147): [TC:79482][TT:663] [OpeningService] MainEnd
I/start   (  871): [TC:79495][TT:11983] [---------QML---------] [NQPngTexture::bind] [end]
I/start   (  871): [TC:79512][TT:11997] [---------QML---------] [NQPngTexture::bind] [begin]
I/start   (  871): [TC:79514][TT:11998] [---------QML---------] [NQPngTexture::bind] [end]
I/start   (  871): [TC:79553][TT:12010] [---------QML---------] [NQPngTexture::bind] [begin]
I/start   (  871): [TC:79555][TT:12012] [---------QML---------] [NQPngTexture::bind] [end]
I/start   (  871): [TC:80197][TT:12046] [---------QML---------] [NQPngTexture::bind] [begin]
I/start   (  871): [TC:80230][TT:12061] [---------QML---------] [NQPngTexture::bind] [end]
I/start   (  871): [TC:80243][TT:12073] [---------QML---------] [NQPngTexture::bind] [begin]
I/start   (  871): [TC:80243][TT:12073] [---------QML---------] [NQPngTexture::bind] rebound ok [end]
I/start   (  871): [TC:80244][TT:12074] [---------QML---------] [NQPngTexture::bind] [begin]
I/start   (  871): [TC:80244][TT:12074] [---------QML---------] [NQPngTexture::bind] rebound ok [end]
I/start   (  871): [TC:80244][TT:12074] [---------QML---------] [NQPngTexture::bind] [begin]
I/start   (  871): [TC:80244][TT:12074] [---------QML---------] [NQPngTexture::bind] rebound ok [end]
I/start   (  871): [TC:80244][TT:12074] [---------QML---------] [NQPngTexture::bind] [begin]
I/start   (  871): [TC:80244][TT:12075] [---------QML---------] [NQPngTexture::bind] rebound ok [end]
I/start   (  871): [TC:80245][TT:12075] [---------QML---------] [NQPngTexture::bind] [begin]
I/start   (  871): [TC:80245][TT:12075] [---------QML---------] [NQPngTexture::bind] rebound ok [end]
I/start   (  871): [TC:80246][TT:12075] [---------QML---------] [NQPngTexture::bind] [begin]
I/start   (  871): [TC:80246][TT:12075] [---------QML---------] [NQPngTexture::bind] rebound ok [end]
I/start   (  871): [TC:80249][TT:12077] [---------QML---------] [QGuiApplication::notify] [end]
I/start   (  871): [TC:80249][TT:12078] [AppLauncher] [AppContext::onUIActiveShow][begin] !!![net.suntec.app.TDHome.application]
I/start   (  871): [TC:80250][TT:12078] [AppLauncher] [App onIntent][begin] !!![net.suntec.app.TDHome.application]
I/start   (  871): [TC:80250][TT:12078] [TDHome] [NativeApp_Home::onIntent] [begin]
I/start   (  871): [TC:80250][TT:12078] [TDHome] [NativeApp_Home::onIntent] [readBool begin]
I/start   (  871): [TC:80250][TT:12078] [TDHome] [NativeApp_Home::onIntent] [readBool end]
I/start   (  871): [TC:80255][TT:12079] [TDHome] [NativeApp_Home::onIntent] [isFirstAwake]
I/start   (  871): [TC:80257][TT:12080] [TDHome] [NativeApp_Home::onIntent] [.skipplcaution is NULL]
I/start   (  871): [TC:80257][TT:12080] [TDHome] [NativeApp_Home::onIntent] [end]
I/start   (  871): [TC:80257][TT:12080] [AppLauncher] [App onIntent][end] !!![net.suntec.app.TDHome.application]
I/start   (  871): [TC:80260][TT:12082] [AppLauncher] [AppContext::onUIActiveShow][end] !!![net.suntec.app.TDHome.application]
I/start   (  871): [TC:80406][TT:12195] [---------QML---------] [NQGuiApplication::notify] [triggerUpdateEvent] [begin]
I/start   (  871): [TC:80409][TT:12197] [---------QML---------] [NQGuiApplication::notify] [triggerUpdateEvent] [end]
I/start   (  871): [TC:80409][TT:12198] [---------QML---------] [QGuiApplication::notify] [begin]
I/start   (  871): [TC:80419][TT:12206] [---------QML---------] [NQPngTexture::bind] [begin]
I/start   (  871): [TC:80419][TT:12206] [---------QML---------] [NQPngTexture::bind] rebound ok [end]
I/start   (  871): [TC:80419][TT:12207] [---------QML---------] [NQPngTexture::bind] [begin]
I/start   (  871): [TC:80419][TT:12207] [---------QML---------] [NQPngTexture::bind] rebound ok [end]
I/start   (  871): [TC:80419][TT:12207] [---------QML---------] [NQPngTexture::bind] [begin]
I/start   (  871): [TC:80419][TT:12207] [---------QML---------] [NQPngTexture::bind] rebound ok [end]
I/start   (  871): [TC:80419][TT:12207] [---------QML---------] [NQPngTexture::bind] [begin]
I/start   (  871): [TC:80419][TT:12207] [---------QML---------] [NQPngTexture::bind] rebound ok [end]
I/start   (  871): [TC:80419][TT:12207] [---------QML---------] [NQPngTexture::bind] [begin]
I/start   (  871): [TC:80419][TT:12207] [---------QML---------] [NQPngTexture::bind] rebound ok [end]
I/start   (  871): [TC:80420][TT:12207] [---------QML---------] [NQPngTexture::bind] [begin]
I/start   (  871): [TC:80420][TT:12207] [---------QML---------] [NQPngTexture::bind] rebound ok [end]
I/start   (  871): [TC:80420][TT:12208] [---------QML---------] [NQPngTexture::bind] [begin]
I/start   (  871): [TC:80420][TT:12208] [---------QML---------] [NQPngTexture::bind] rebound ok [end]
I/start   (  871): [TC:80420][TT:12208] [---------QML---------] [NQPngTexture::bind] [begin]
I/start   (  871): [TC:80420][TT:12208] [---------QML---------] [NQPngTexture::bind] rebound ok [end]
I/start   (  871): [TC:80420][TT:12208] [---------QML---------] [NQPngTexture::bind] [begin]
I/start   (  871): [TC:80420][TT:12208] [---------QML---------] [NQPngTexture::bind] rebound ok [end]
I/start   (  871): [TC:80421][TT:12208] [---------QML---------] [NQPngTexture::bind] [begin]
I/start   (  871): [TC:80421][TT:12208] [---------QML---------] [NQPngTexture::bind] rebound ok [end]
I/start   (  871): [TC:80421][TT:12208] [---------QML---------] [NQPngTexture::bind] [begin]
I/start   (  871): [TC:80421][TT:12208] [---------QML---------] [NQPngTexture::bind] rebound ok [end]
I/start   (  871): [TC:80421][TT:12209] [---------QML---------] [NQPngTexture::bind] [begin]
I/start   (  871): [TC:80421][TT:12209] [---------QML---------] [NQPngTexture::bind] rebound ok [end]
I/start   (  871): [TC:80421][TT:12209] [---------QML---------] [NQPngTexture::bind] [begin]
I/start   (  871): [TC:80421][TT:12209] [---------QML---------] [NQPngTexture::bind] rebound ok [end]
I/start   (  871): [TC:80422][TT:12209] [---------QML---------] [NQPngTexture::bind] [begin]
I/start   (  871): [TC:80422][TT:12209] [---------QML---------] [NQPngTexture::bind] rebound ok [end]
I/start   (  871): [TC:80424][TT:12211] [---------QML---------] [QGuiApplication::notify] [end]
I/start   (  871): [TC:80424][TT:12212] [AppLauncher] [AppContext::onFrameConfirmed][begin] !!!
I/start   (  871): [TC:80425][TT:12212] [AppLauncher] [AppContext::onFrameConfirmed][end] !!!
I/start   (  149): [TC:80429][TT:41] [AppManager]   receive resp4activeShowApp, appid net.suntec.app.TDSystemUI.application
I/start   (  149): [TC:80429][TT:79] [AppManager]   handle resp activeshow, appid net.suntec.app.TDSystemUI.application
I/start   (  149): [TC:80438][TT:81] [AppManager]  send finished request, appid net.suntec.app.TDSystemUI.application
I/start   (  149): [TC:80439][TT:81] [AppManager] systemui has launched
I/start   (  871): [TC:80442][TT:12223] [PhoneHome_1_4] [PhoneHome_1_4 Screen:: notify [FC_BT_PHONEBOOK_RES_WIDGET_INFO] [begin]
I/start   (  871): [TC:80452][TT:12232] [---------QML---------] [NQTextExtend::setStyleId] [begin]
I/start   (  871): [TC:80456][TT:12234] [---------QML---------] [NQTextExtend::initText] [begin]
I/start   (  871): [TC:80458][TT:12236] [---------QML---------] [NQText::setAscent] [begin]
I/start   (  871): [TC:80458][TT:12236] [---------QML---------] [NQText::setAscent] [end]
I/start   (  871): [TC:80458][TT:12236] [---------QML---------] [NQTextExtend::setTextColor] [begin]
I/start   (  871): [TC:80458][TT:12236] [---------QML---------] [NQTextExtend::setTextColor] [end]
I/start   (  871): [TC:80458][TT:12236] [---------QML---------] [NQTextExtend::setTextEffect] [begin]
I/start   (  871): [TC:80458][TT:12236] [---------QML---------] [NQTextExtend::setTextEffect] [end]
I/start   (  871): [TC:80458][TT:12236] [---------QML---------] [NQTextExtend::initText] [end]
I/start   (  871): [TC:80458][TT:12236] [---------QML---------] [NQTextExtend::setStyleId] [end]
I/start   (  871): [TC:80463][TT:12240] [---------QML---------] [NQTextExtend::setStrId] [begin]
I/start   (  871): [TC:80463][TT:12240] [---------QML---------] [NQText::setStrId] strId[STR_MM_10_01_28_RES_00] [begin]
I/start   (  871): [TC:80469][TT:12246] [---------QML---------] [NQTextExtend::notifyTextChanged] text[Press & Hold to
I/start   (  871): Select Contact] [begin]
I/start   (  871): [TC:80470][TT:12246] [---------QML---------] [NQTextExtend::recalcSearchText] [begin]
I/start   (  871): [TC:80470][TT:12246] [---------QML---------] [NQTextExtend::recalcSearchText] [end]
I/start   (  871): [TC:80470][TT:12247] [---------QML---------] [NQTextExtend::notifyTextChanged] text[Press & Hold to
I/start   (  871): Select Contact] [end]
I/start   (  871): [TC:80470][TT:12247] [---------QML---------] [NQText::setStrId] strId[STR_MM_10_01_28_RES_00] [end]
I/start   (  871): [TC:80470][TT:12247] [---------QML---------] [NQTextExtend::setStrId] [end]
I/start   (  871): [TC:80489][TT:12264] [---------QML---------] [NQImageBase::setImage] imgId[INVALID_IMAGEID] [begin]
I/start   (  871): [TC:80490][TT:12265] [---------QML---------] [NQImageBase::setSource] url[] [begin]
I/start   (  871): [TC:80491][TT:12266] [---------QML---------] [NQImageBase::setSource] url[] is the same as before [end]
I/start   (  871): [TC:80491][TT:12266] [---------QML---------] [NQImageBase::setImage] imgId[INVALID_IMAGEID] d->m_LstImgSrcType[2] [end]
I/start   (  871): [TC:80491][TT:12266] [---------QML---------] [NQTextExtend::setStyleId] [begin]
I/start   (  871): [TC:80491][TT:12266] [---------QML---------] [NQTextExtend::initText] [begin]
I/start   (  871): [TC:80491][TT:12266] [---------QML---------] [NQText::setAscent] [begin]
I/start   (  871): [TC:80491][TT:12266] [---------QML---------] [NQText::setAscent] [end]
