I/start   (  226): [TC:76349][TT:366] [BtService] NCBtPbModule pushEvent end & m_intThread.onAwake begin
I/start   (  226): [TC:76353][TT:366] [BtService] NCBtPbModule m_intThread.onAwake end
I/start   (  226): [TC:76353][TT:366] [BtService] NCBtPbModule onAwake end & NCBtMapModule begin
I/start   (  226): [TC:76354][TT:366] [BtService] NCBtMapModule NCBtMapProvider begin
I/start   (  226): [TC:76355][TT:367] [BtService] NCBtMapModule NCBtMapProvider end & NCBtMapSoundManager begin
I/start   (  871): [TC:76359][TT:10119] [appstart] [AppStartCommon::restoreWhenOpeningEnd()] [reqLastMode begin]
I/start   (  225): [TC:76365][TT:2] [AppControl] [startLastMode] notifyStartLastMode
I/start   (  225): [TC:76365][TT:2] [AppControl] get Last info
I/start   (  226): [TC:76371][TT:368] [BtService] NCBtMapSoundManager new NCBtMapPlayer  begin
I/start   (  225): [TC:76430][TT:4] [AppControl] after get sub last info
I/start   (  225): [TC:76438][TT:11] [AppControl] get Last info finish
I/start   (  225): [TC:76438][TT:11] [AppControl] [HMStartupPlugin] notifyStartLastMode mode : [0]
I/start   (  871): [TC:76442][TT:10120] [appstart] [AppStartCommon::restoreWhenOpeningEnd()] [reqLastMode end]
I/start   (  871): [TC:76442][TT:10120] [appstart] [AppStartCommon::restoreWhenOpeningEnd()] getSecurityStatus
I/start   (  871): [TC:76522][TT:10130] [appstart] [AppStartCommon::restoreWhenOpeningEnd()] [is in valet mode]
I/start   (  871): [TC:76522][TT:10130] [appstart] [AppStartCommon::restoreWhenOpeningEnd()] [restoreAfterValetMode begin]
I/start   (  871): [TC:76522][TT:10130] [appstart] [AppStartCommon::restoreAfterValetMode()] [begin]
I/start   (  871): [TC:76525][TT:10134] [TDSystemUI] [Caution Screen::onNotifyUpdateCautionDisplay()] [begin]
I/start   (  871): [TC:76525][TT:10134] [TDSystemUI] [Caution Screen::onNotifyUpdateCautionDisplay()] [set text visivle] [start]
I/start   (  871): [TC:76551][TT:10157] [TDSystemUI] [Caution Screen::onNotifyUpdateCautionDisplay()] [set text visivle] [end]
I/start   (  871): [TC:76551][TT:10157] [appstart] [AppStartCommon::restoreAfterValetMode()] [end]
I/start   (  871): [TC:76551][TT:10157] [appstart] [AppStartCommon::restoreWhenOpeningEnd()] [restoreAfterValetMode end]
I/start   (  871): [TC:76551][TT:10157] [appstart] [AppStartCommon::restoreWhenOpeningEnd()] [end]
I/start   (  871): [TC:76554][TT:10159] [SystemUI] [SystemUICommon::onAwake] [end]
I/start   (  871): [TC:76555][TT:10159] [SystemUI] [NativeApp_SystemUI::onAwake] [end]
I/start   (  871): [TC:76556][TT:10160] [AppLauncher] [AppContext::onUIInitialize][begin] !!![net.suntec.app.TDSystemUI.application]
I/start   (  871): [TC:76566][TT:10161] [AppLauncher] [AppContext::onUIInitialize][end] !!![net.suntec.app.TDSystemUI.application]
I/start   (  149): [TC:76570][TT:39] [AppManager]   receive resp4initAppUIAwake, appid net.suntec.app.TDSystemUI.application
I/start   (  149): [TC:76570][TT:75] [AppManager]   handle resp initui_awake, appid net.suntec.app.TDSystemUI.application
I/start   (  871): [TC:76572][TT:10162] [AppLauncher] [AppContext::onUIAwake][end] !!![net.suntec.app.TDSystemUI.application]
I/start   (  871): [TC:76573][TT:10163] [---------QML---------] [NQGuiApplication::notify] [triggerUpdateEvent] [begin]
I/start   (  149): [TC:76592][TT:76] [AppManager]  send req ActiveShow, appid net.suntec.app.TDSystemUI.application
I/start   (  871): [TC:77361][TT:10737] [---------QML---------] [NQGuiApplication::notify] [triggerUpdateEvent] [end]
I/start   (  871): [TC:77361][TT:10737] [---------QML---------] [QGuiApplication::notify] [begin]
I/start   (  871): [TC:77444][TT:10812] [---------QML---------] [NQPngTexture::bind] [begin]
I/start   (  871): [TC:77446][TT:10814] [---------QML---------] [NQPngTexture::bind] rebound ok [end]
I/start   (  871): [TC:77456][TT:10823] [---------QML---------] [NQPngTexture::bind] [begin]
I/start   (  871): [TC:77456][TT:10823] [---------QML---------] [NQPngTexture::bind] rebound ok [end]
I/start   (  871): [TC:77457][TT:10824] [---------QML---------] [NQPngTexture::bind] [begin]
I/start   (  871): [TC:77457][TT:10824] [---------QML---------] [NQPngTexture::bind] rebound ok [end]
I/start   (  871): [TC:77457][TT:10824] [---------QML---------] [NQPngTexture::bind] [begin]
I/start   (  871): [TC:77457][TT:10824] [---------QML---------] [NQPngTexture::bind] rebound ok [end]
I/start   (  871): [TC:77461][TT:10828] [---------QML---------] [NQPngTexture::bind] [begin]
I/start   (  871): [TC:77461][TT:10828] [---------QML---------] [NQPngTexture::bind] rebound ok [end]
I/start   (  871): [TC:77461][TT:10828] [---------QML---------] [NQPngTexture::bind] [begin]
I/start   (  871): [TC:77461][TT:10828] [---------QML---------] [NQPngTexture::bind] rebound ok [end]
I/start   (  871): [TC:77462][TT:10829] [---------QML---------] [NQPngTexture::bind] [begin]
I/start   (  871): [TC:77462][TT:10829] [---------QML---------] [NQPngTexture::bind] rebound ok [end]
I/start   (  871): [TC:77462][TT:10829] [---------QML---------] [NQPngTexture::bind] [begin]
I/start   (  871): [TC:77462][TT:10829] [---------QML---------] [NQPngTexture::bind] rebound ok [end]
I/start   (  871): [TC:77463][TT:10830] [---------QML---------] [NQPngTexture::bind] [begin]
I/start   (  871): [TC:77463][TT:10830] [---------QML---------] [NQPngTexture::bind] rebound ok [end]
I/start   (  871): [TC:77522][TT:10859] [---------QML---------] [QGuiApplication::notify] [end]
I/start   (  871): [TC:77526][TT:10859] [AppLauncher] [AppMediaInterface::notifySoundModeChanged][begin] !!!
I/start   (  871): [TC:77526][TT:10860] [AppLauncher] [AppMediaInterface::notifySoundModeChanged -- Callback]!!!
I/start   (  871): [TC:77526][TT:10860] [AppLauncher] [AppMediaInterface::notifySoundModeChanged -- Callback]!!!
I/start   (  871): [TC:77526][TT:10860] [AppLauncher] [AppMediaInterface::notifySoundModeChanged -- Callback]!!!
I/start   (  226): [TC:77600][TT:441] [BtService] NCBtMapSoundManager new NCBtMapPlayer end
I/start   (  226): [TC:77600][TT:441] [BtService] NCBtMapModule NCBtMapSoundManager end
I/start   (  226): [TC:77600][TT:441] [BtService] NCBtMapModule onAwake end
I/start   (  226): [TC:77601][TT:442] [Service] After onAwake [nutshell.commu.bluetooth]
I/start   (  226): [TC:77610][TT:443] [Service] notify status ready [nutshell.commu.bluetooth]
I/start   (  871): [TC:77613][TT:10878] [AppLauncher] [AppMediaInterface::notifySoundModeChanged -- Callback]!!!
I/start   (  147): [TC:77616][TT:10] [OpeningPlayer] eos
I/start   (  147): [TC:77617][TT:0] [OpeningService] 9369 : correct time
I/start   (  147): [TC:77617][TT:0] [OpeningService] OpeningMoviePlayer::play end
I/start   (  147): [TC:77618][TT:0] [OpeningService] NG : iauto.opening.movie.prepare
I/start   (  146): [TC:77619][TT:18] [ServiceManager] ServiceStatusChanged [nutshell.commu.bluetooth:3]
I/start   (  147): [TC:77623][TT:598] [OpeningService] *end1 DrawLastFrame*
I/start   (  871): [TC:77669][TT:10912] [AppLauncher] [AppMediaInterface::notifySoundModeChanged -- Callback]!!!
I/start   (  871): [TC:77670][TT:10913] [AppLauncher] [AppMediaInterface::notifySoundModeChanged -- Callback]!!!
I/start   (  871): [TC:77670][TT:10913] [AppLauncher] [AppMediaInterface::notifySoundModeChanged -- Callback]!!!
I/start   (  871): [TC:77672][TT:10915] [AppLauncher] [AppMediaInterface::notifySoundModeChanged -- Callback]!!!
I/start   (  871): [TC:77678][TT:10921] [AppLauncher] [AppMediaInterface::notifySoundModeChanged -- Callback]!!!
I/start   (  871): [TC:77680][TT:10922] [AppLauncher] [AppMediaInterface::notifySoundModeChanged -- Callback]!!!
I/start   (  871): [TC:77685][TT:10927] [AppLauncher] [AppMediaInterface::notifySoundModeChanged -- Callback]!!!
I/start   (  871): [TC:77711][TT:10945] [AppLauncher] [AppMediaInterface::notifySoundModeChanged -- Callback]!!!
I/start   (  871): [TC:77742][TT:10968] [AppLauncher] [AppMediaInterface::notifySoundModeChanged -- Callback]!!!
I/start   (  871): [TC:77745][TT:10971] [AppLauncher] [AppMediaInterface::notifySoundModeChanged -- Callback]!!!
I/start   (  871): [TC:77746][TT:10972] [AppLauncher] [AppMediaInterface::notifySoundModeChanged -- Callback]!!!
I/start   (  871): [TC:77751][TT:10977] [AppLauncher] [AppMediaInterface::notifySoundModeChanged][end] !!!
I/start   (  871): [TC:77751][TT:10977] [AppLauncher] [AppMediaInterface::notifySoundModeChanged][begin] !!!
I/start   (  871): [TC:77752][TT:10977] [AppLauncher] [AppMediaInterface::notifySoundModeChanged -- Callback]!!!
I/start   (  871): [TC:77752][TT:10977] [AppLauncher] [AppMediaInterface::notifySoundModeChanged -- Callback]!!!
I/start   (  871): [TC:77752][TT:10977] [AppLauncher] [AppMediaInterface::notifySoundModeChanged -- Callback]!!!
I/start   (  871): [TC:77757][TT:10978] [AppLauncher] [AppMediaInterface::notifySoundModeChanged -- Callback]!!!
I/start   (  871): [TC:77763][TT:10979] [AppLauncher] [AppMediaInterface::notifySoundModeChanged -- Callback]!!!
I/start   (  871): [TC:77763][TT:10979] [AppLauncher] [AppMediaInterface::notifySoundModeChanged -- Callback]!!!
I/start   (  871): [TC:77763][TT:10979] [AppLauncher] [AppMediaInterface::notifySoundModeChanged -- Callback]!!!
I/start   (  871): [TC:77763][TT:10979] [AppLauncher] [AppMediaInterface::notifySoundModeChanged -- Callback]!!!
I/start   (  871): [TC:77769][TT:10980] [AppLauncher] [AppMediaInterface::notifySoundModeChanged -- Callback]!!!
I/start   (  871): [TC:77769][TT:10980] [AppLauncher] [AppMediaInterface::notifySoundModeChanged -- Callback]!!!
I/start   (  871): [TC:77769][TT:10980] [AppLauncher] [AppMediaInterface::notifySoundModeChanged -- Callback]!!!
I/start   (  871): [TC:77773][TT:10982] [AppLauncher] [AppMediaInterface::notifySoundModeChanged -- Callback]!!!
I/start   (  871): [TC:77777][TT:10983] [AppLauncher] [AppMediaInterface::notifySoundModeChanged -- Callback]!!!
I/start   (  871): [TC:77778][TT:10984] [AppLauncher] [AppMediaInterface::notifySoundModeChanged -- Callback]!!!
I/start   (  871): [TC:77778][TT:10984] [AppLauncher] [AppMediaInterface::notifySoundModeChanged -- Callback]!!!
I/start   (  871): [TC:77778][TT:10984] [AppLauncher] [AppMediaInterface::notifySoundModeChanged][end] !!!
I/start   (  871): [TC:77782][TT:10987] [UIFrameworkBase] [NGStatusNotifyHandler::onNotifyThemeChange][begin]
I/start   (  225): [TC:77782][TT:2] [AppControl] [SYNC_FINISHED] sync oper regu [4]
I/start   (  225): [TC:77782][TT:2] [AppControl] [SYNC_FINISHED] sync oper regu [nutshell.app.sync]
I/start   (  871): [TC:77782][TT:10987] [UIFrameworkBase] [NGStatusNotifyHandler::onNotifyThemeChange][end]
I/start   (  871): [TC:77782][TT:10987] [UIFrameworkBase] [NGStatusNotifyHandler::onNotifyLanguageChange][begin]
I/start   (  871): [TC:77782][TT:10987] [UIFrameworkBase] [NGResourceManager::setLanguage][begin] language = en-us
I/start   (  871): [TC:77782][TT:10987] [UIFrameworkBase] [NGResourceManager::loadResAfterSnapshot][begin]
I/start   (  871): [TC:77783][TT:10988] [UIFrameworkBase] [NGResourceManager::strReaderIdx][begin]
I/start   (  871): [TC:77783][TT:10988] [UIFrameworkBase] [NGResourceManager::strReaderIdx][end]
I/start   (  871): [TC:77783][TT:10988] [UIFrameworkBase] [NGResourceManager::strReaderIdx][begin]
I/start   (  871): [TC:77783][TT:10988] [UIFrameworkBase] [NGResourceManager::strReaderIdx][end]
I/start   (  871): [TC:77783][TT:10988] [UIFrameworkBase] [NGStatusNotifyHandler::onNotifyLanguageChange][language signal][begin]
I/start   (  871): [TC:77798][TT:11001] [---------QML---------] [NQApplication::onStatusContextChanged] app[SystemApp] type[2] [begin]
I/start   (  871): [TC:77927][TT:11058] [---------QML---------] [NQPrivateAPI::LoadFontByDestination][begin]!!!
I/start   (  871): [TC:77928][TT:11058] [---------QML---------] [NQPrivateAPI::LoadFontByDestination] [dstName: T0, dstCountry: China]
I/start   (  871): [TC:78045][TT:11115] [---------QML---------] [NQPrivateAPI::LoadFontByDestination][end]!!!
I/start   (  871): [TC:78050][TT:11120] [---------QML---------] [NQResourceManager::resetLanguage] [begin]
I/start   (  871): [TC:78132][TT:11149] [---------QML---------] [NQResourceManager::resetLanguage] [end]
I/start   (  871): [TC:78132][TT:11149] [---------QML---------] [NQApplication::onStatusContextChanged] [iter items] [begin]
I/start   (  871): [TC:78177][TT:11176] [---------QML---------] [NQApplication::onStatusContextChanged] [iter items] [end]
I/start   (  871): [TC:78183][TT:11181] [---------QML---------] [NQApplication::onStatusContextChanged] app[SystemApp] type[2] [end]
I/start   (  871): [TC:78184][TT:11182] [---------QML---------] [NQApplication::onStatusContextChanged] app[SystemApp] type[2] [begin]
I/start   (  871): [TC:78184][TT:11182] [---------QML---------] [NQPrivateAPI::LoadFontByDestination][begin]!!!
I/start   (  871): [TC:78184][TT:11182] [---------QML---------] [NQPrivateAPI::LoadFontByDestination] [dstName: T0, dstCountry: China]
I/start   (  871): [TC:78184][TT:11182] [---------QML---------] [NQPrivateAPI::LoadFontByDestination][end]!!!
I/start   (  871): [TC:78184][TT:11182] [---------QML---------] [NQResourceManager::resetLanguage] [begin]
I/start   (  871): [TC:78184][TT:11182] [---------QML---------] [NQResourceManager::resetLanguage] [end]
I/start   (  871): [TC:78184][TT:11182] [---------QML---------] [NQApplication::onStatusContextChanged] [iter items] [begin]
I/start   (  871): [TC:78195][TT:11192] [---------QML---------] [NQApplication::onStatusContextChanged] [iter items] [end]
I/start   (  871): [TC:78195][TT:11193] [---------QML---------] [NQApplication::onStatusContextChanged] app[SystemApp] type[2] [end]
I/start   (  871): [TC:78196][TT:11193] [---------QML---------] [NQApplication::onStatusContextChanged] app[SystemApp] type[2] [begin]
I/start   (  871): [TC:78196][TT:11193] [---------QML---------] [NQPrivateAPI::LoadFontByDestination][begin]!!!
I/start   (  871): [TC:78196][TT:11193] [---------QML---------] [NQPrivateAPI::LoadFontByDestination] [dstName: T0, dstCountry: China]
I/start   (  871): [TC:78196][TT:11193] [---------QML---------] [NQPrivateAPI::LoadFontByDestination][end]!!!
I/start   (  871): [TC:78196][TT:11193] [---------QML---------] [NQResourceManager::resetLanguage] [begin]
I/start   (  871): [TC:78196][TT:11193] [---------QML---------] [NQResourceManager::resetLanguage] [end]
I/start   (  871): [TC:78196][TT:11193] [---------QML---------] [NQApplication::onStatusContextChanged] [iter items] [begin]
I/start   (  871): [TC:78196][TT:11193] [---------QML---------] [NQApplication::onStatusContextChanged] [iter items] [end]
I/start   (  871): [TC:78196][TT:11193] [---------QML---------] [NQApplication::onStatusContextChanged] app[SystemApp] type[2] [end]
I/start   (  871): [TC:78197][TT:11194] [---------QML---------] [NQApplication::onStatusContextChanged] app[SystemApp] type[2] [begin]
I/start   (  871): [TC:78197][TT:11194] [---------QML---------] [NQPrivateAPI::LoadFontByDestination][begin]!!!
I/start   (  871): [TC:78197][TT:11194] [---------QML---------] [NQPrivateAPI::LoadFontByDestination] [dstName: T0, dstCountry: China]
I/start   (  871): [TC:78197][TT:11194] [---------QML---------] [NQPrivateAPI::LoadFontByDestination][end]!!!
I/start   (  871): [TC:78197][TT:11194] [---------QML---------] [NQResourceManager::resetLanguage] [begin]
I/start   (  871): [TC:78197][TT:11194] [---------QML---------] [NQResourceManager::resetLanguage] [end]
I/start   (  871): [TC:78197][TT:11194] [---------QML---------] [NQApplication::onStatusContextChanged] [iter items] [begin]
I/start   (  871): [TC:78197][TT:11195] [---------QML---------] [NQApplication::onStatusContextChanged] [iter items] [end]
I/start   (  871): [TC:78197][TT:11195] [---------QML---------] [NQApplication::onStatusContextChanged] app[SystemApp] type[2] [end]
I/start   (  871): [TC:78198][TT:11195] [---------QML---------] [NQApplication::onStatusContextChanged] app[SystemApp] type[2] [begin]
I/start   (  871): [TC:78198][TT:11195] [---------QML---------] [NQPrivateAPI::LoadFontByDestination][begin]!!!
I/start   (  871): [TC:78198][TT:11195] [---------QML---------] [NQPrivateAPI::LoadFontByDestination] [dstName: T0, dstCountry: China]
I/start   (  871): [TC:78198][TT:11195] [---------QML---------] [NQPrivateAPI::LoadFontByDestination][end]!!!
I/start   (  871): [TC:78198][TT:11195] [---------QML---------] [NQResourceManager::resetLanguage] [begin]
I/start   (  871): [TC:78198][TT:11195] [---------QML---------] [NQResourceManager::resetLanguage] [end]
I/start   (  871): [TC:78198][TT:11195] [---------QML---------] [NQApplication::onStatusContextChanged] [iter items] [begin]
I/start   (  871): [TC:78199][TT:11196] [---------QML---------] [NQApplication::onStatusContextChanged] [iter items] [end]
I/start   (  871): [TC:78199][TT:11196] [---------QML---------] [NQApplication::onStatusContextChanged] app[SystemApp] type[2] [end]
I/start   (  871): [TC:78199][TT:11196] [---------QML---------] [NQApplication::onStatusContextChanged] app[SystemApp] type[2] [begin]
I/start   (  871): [TC:78199][TT:11196] [---------QML---------] [NQPrivateAPI::LoadFontByDestination][begin]!!!
I/start   (  871): [TC:78199][TT:11196] [---------QML---------] [NQPrivateAPI::LoadFontByDestination] [dstName: T0, dstCountry: China]
I/start   (  871): [TC:78200][TT:11197] [---------QML---------] [NQPrivateAPI::LoadFontByDestination][end]!!!
I/start   (  871): [TC:78200][TT:11197] [---------QML---------] [NQResourceManager::resetLanguage] [begin]
I/start   (  871): [TC:78200][TT:11197] [---------QML---------] [NQResourceManager::resetLanguage] [end]
I/start   (  871): [TC:78200][TT:11197] [---------QML---------] [NQApplication::onStatusContextChanged] [iter items] [begin]
I/start   (  871): [TC:78201][TT:11197] [---------QML---------] [NQApplication::onStatusContextChanged] [iter items] [end]
I/start   (  871): [TC:78201][TT:11197] [---------QML---------] [NQApplication::onStatusContextChanged] app[SystemApp] type[2] [end]
I/start   (  871): [TC:78201][TT:11198] [---------QML---------] [NQApplication::onStatusContextChanged] app[SystemApp] type[2] [begin]
I/start   (  871): [TC:78201][TT:11198] [---------QML---------] [NQPrivateAPI::LoadFontByDestination][begin]!!!
I/start   (  871): [TC:78201][TT:11198] [---------QML---------] [NQPrivateAPI::LoadFontByDestination] [dstName: T0, dstCountry: China]
I/start   (  871): [TC:78201][TT:11198] [---------QML---------] [NQPrivateAPI::LoadFontByDestination][end]!!!
I/start   (  871): [TC:78201][TT:11198] [---------QML---------] [NQResourceManager::resetLanguage] [begin]
I/start   (  871): [TC:78201][TT:11198] [---------QML---------] [NQResourceManager::resetLanguage] [end]
I/start   (  871): [TC:78202][TT:11198] [---------QML---------] [NQApplication::onStatusContextChanged] [iter items] [begin]
I/start   (  871): [TC:78203][TT:11199] [---------QML---------] [NQApplication::onStatusContextChanged] [iter items] [end]
I/start   (  871): [TC:78203][TT:11199] [---------QML---------] [NQApplication::onStatusContextChanged] app[SystemApp] type[2] [end]
I/start   (  871): [TC:78203][TT:11200] [---------QML---------] [NQApplication::onStatusContextChanged] app[SystemApp] type[2] [begin]
I/start   (  871): [TC:78203][TT:11200] [---------QML---------] [NQPrivateAPI::LoadFontByDestination][begin]!!!
I/start   (  871): [TC:78203][TT:11200] [---------QML---------] [NQPrivateAPI::LoadFontByDestination] [dstName: T0, dstCountry: China]
I/start   (  871): [TC:78203][TT:11200] [---------QML---------] [NQPrivateAPI::LoadFontByDestination][end]!!!
I/start   (  871): [TC:78203][TT:11200] [---------QML---------] [NQResourceManager::resetLanguage] [begin]
I/start   (  871): [TC:78203][TT:11200] [---------QML---------] [NQResourceManager::resetLanguage] [end]
I/start   (  871): [TC:78203][TT:11200] [---------QML---------] [NQApplication::onStatusContextChanged] [iter items] [begin]
I/start   (  871): [TC:78203][TT:11200] [---------QML---------] [NQApplication::onStatusContextChanged] [iter items] [end]
I/start   (  871): [TC:78203][TT:11200] [---------QML---------] [NQApplication::onStatusContextChanged] app[SystemApp] type[2] [end]
I/start   (  871): [TC:78203][TT:11200] [UIFrameworkBase] [NGStatusNotifyHandler::onNotifyLanguageChange][language signal][end]
I/start   (  871): [TC:78210][TT:11207] [---------QML---------] [NQRootWindow::repaint] [begin]
I/start   (  871): [TC:78216][TT:11210] [---------QML---------] [APP::forcePaint] [begin]
I/start   (  871): [TC:78220][TT:11214] [---------QML---------] [NQPngTexture::bind] [begin]
I/start   (  871): [TC:78220][TT:11214] [---------QML---------] [NQPngTexture::bind] rebound ok [end]
I/start   (  871): [TC:78220][TT:11215] [---------QML---------] [NQPngTexture::bind] [begin]
I/start   (  871): [TC:78220][TT:11215] [---------QML---------] [NQPngTexture::bind] rebound ok [end]
I/start   (  871): [TC:78220][TT:11215] [---------QML---------] [NQPngTexture::bind] [begin]
I/start   (  871): [TC:78221][TT:11215] [---------QML---------] [NQPngTexture::bind] rebound ok [end]
I/start   (  871): [TC:78221][TT:11215] [---------QML---------] [NQPngTexture::bind] [begin]
I/start   (  871): [TC:78221][TT:11215] [---------QML---------] [NQPngTexture::bind] rebound ok [end]
I/start   (  871): [TC:78221][TT:11215] [---------QML---------] [NQPngTexture::bind] [begin]
I/start   (  871): [TC:78221][TT:11215] [---------QML---------] [NQPngTexture::bind] rebound ok [end]
I/start   (  871): [TC:78221][TT:11216] [---------QML---------] [NQPngTexture::bind] [begin]
I/start   (  871): [TC:78221][TT:11216] [---------QML---------] [NQPngTexture::bind] rebound ok [end]
I/start   (  871): [TC:78221][TT:11216] [---------QML---------] [NQPngTexture::bind] [begin]
I/start   (  871): [TC:78221][TT:11216] [---------QML---------] [NQPngTexture::bind] rebound ok [end]
I/start   (  871): [TC:78222][TT:11216] [---------QML---------] [NQPngTexture::bind] [begin]
I/start   (  871): [TC:78222][TT:11216] [---------QML---------] [NQPngTexture::bind] rebound ok [end]
I/start   (  871): [TC:78222][TT:11216] [---------QML---------] [NQPngTexture::bind] [begin]
I/start   (  871): [TC:78222][TT:11216] [---------QML---------] [NQPngTexture::bind] rebound ok [end]
I/start   (  871): [TC:78227][TT:11221] [---------QML---------] [APP::forcePaint] [end]
I/start   (  871): [TC:78227][TT:11221] [---------QML---------] [NQRootWindow::repaint] [end]
I/start   (  225): [TC:78230][TT:12] [AppControl] [SYNC_FINISHED] sync oper regu [1]
I/start   (  225): [TC:78230][TT:12] [AppControl] [SYNC_FINISHED] sync oper regu [nutshell.app.sync]
I/start   (  871): [TC:78231][TT:11221] [UIFrameworkBase] [NGStatusNotifyHandler::onNotifyLanguageChange][end]
I/start   (  871): [TC:78231][TT:11221] [AppLauncher] [AppContext::onUIAwake][begin] !!![net.suntec.app.TDHome.application]
I/start   (  871): [TC:78232][TT:11222] [TDHome] [NativeApp_Home::onAwake] [begin]
I/start   (  871): [TC:78238][TT:11227] [FCBase] [fnctl.media.srcselect onAwake] [begin]
I/start   (  871): [TC:78263][TT:11234] [FCBase] [fnctl.media.srcselect onAwake] [end]
I/start   (  871): [TC:78267][TT:11238] [FCBase] [fnctl.media.mrlmrc onAwake] [begin]
I/start   (  871): [TC:78273][TT:11239] [FCBase] [fnctl.media.mrlmrc onAwake] [end]
I/start   (  871): [TC:78274][TT:11240] [FCBase] [fnctl.vehicle.eco onAwake] [begin]
I/start   (  871): [TC:78299][TT:11255] [FCBase] [fnctl.vehicle.eco onAwake] [end]
I/start   (  871): [TC:78301][TT:11257] [FCBase] [fnctl.bt.phonebook onAwake] [begin]
I/start   (  871): [TC:78302][TT:11258] [FCBase] [fnctl.bt.phonebook onAwake] [end]
I/start   (  871): [TC:78305][TT:11260] [FCBase] [fnctl.bt.setting onAwake] [begin]
I/start   (  871): [TC:78306][TT:11262] [BtSettingFunctionControl] get Power Status
I/start   (  871): [TC:78308][TT:11263] [BtSettingFunctionControl] begin--get NCEnvironment
I/start   (  871): [TC:78313][TT:11265] [BtSettingFunctionControl] end--get NCEnvironment
I/start   (  871): [TC:78313][TT:11265] [BtSettingFunctionControl] begin modelUpdate power state
I/start   (  871): [TC:78323][TT:11274] [BtSettingFunctionControl] end modelUpdate power state
I/start   (  871): [TC:78323][TT:11274] [BtSettingFunctionControl] get Power Status End & get Paired Device Info Begin
I/start   (  871): [TC:78324][TT:11275] [BtSettingFunctionControl] begin--getPairedDeviceInfo
I/start   (  871): [TC:78327][TT:11276] [BtSettingFunctionControl] end--getPairedDeviceInfo
I/start   (  871): [TC:78327][TT:11276] [BtSettingFunctionControl] get Paired DeviceInfo End & get Supported Service Begin
I/start   (  871): [TC:78327][TT:11276] [BtSettingFunctionControl] begin--getSupportedServiceOfHeadUnit
I/start   (  871): [TC:78329][TT:11278] [BtSettingFunctionControl] end--getSupportedServiceOfHeadUnit
I/start   (  871): [TC:78329][TT:11278] [BtSettingFunctionControl] get Supported Service End
I/start   (  871): [TC:78329][TT:11278] [BtSettingFunctionControl] bt audio sync
I/start   (  871): [TC:78353][TT:11281] [BtSettingFunctionControl] bt audio sync end
I/start   (  871): [TC:78354][TT:11281] [FCBase] [fnctl.bt.setting onAwake] [end]
I/start   (  871): [TC:78354][TT:11281] [TDHome] [NativeApp_Home::onAwake] [readBool begin]
I/start   (  871): [TC:78356][TT:11283] [TDHome] [NativeApp_Home::onAwake] [readBool end]
I/start   (  871): [TC:78356][TT:11283] [TDHome] [NativeApp_Home::onAwake] [setAwakeStatus begin]
I/start   (  871): [TC:78357][TT:11284] [TDHome] [NativeApp_Home::onAwake] [setAwakeStatus end]
I/start   (  871): [TC:78357][TT:11284] [TDHome] [NativeApp_Home::onAwake] [readUInt begin]
I/start   (  871): [TC:78357][TT:11284] [TDHome] [NativeApp_Home::onAwake] [readUInt end]
I/start   (  871): [TC:78357][TT:11284] [TDHome] [NativeApp_Home::onAwake] [setHomeSetting start]
I/start   (  871): [TC:78480][TT:11299] [TDHome] [NativeApp_Home::onAwake] [setHomeSetting end]
I/start   (  871): [TC:78483][TT:11302] [TDHome] [NativeApp_Home::onAwake] [home setActivated begin]
I/start   (  871): [TC:78484][TT:11303] [TDHome] [NativeApp_Home::onAwake] [home onPreActive begin]
I/start   (  871): [TC:78484][TT:11303] [TDHome] [HomeControl::onPreActive] [begin]
I/start   (  871): [TC:78486][TT:11304] [TDHome] [HomeControl::onPreActive] [StartMenu onPreActive step]
I/start   (  871): [TC:78486][TT:11305] [StartMenu] [StartMenu::onPreActive()] [begin]
I/start   (  871): [TC:78486][TT:11305] [StartMenu] [StartMenu::onInitList()] [begin]
I/start   (  871): [TC:78487][TT:11305] [StartMenu] [StartMenu::checkDestMenu()] [begin]
I/start   (  871): [TC:78487][TT:11305] [StartMenu] [StartMenu::checkDestMenu()] [findItemByIndex()] [begin]
I/start   (  871): [TC:78488][TT:11307] [StartMenu] [StartMenu::checkDestMenu()] [findItemByIndex()] [end]
I/start   (  871): [TC:78500][TT:11309] [StartMenu] [StartMenu::checkDestMenu()] [removeTheItem()] [begin]
I/start   (  871): [TC:78501][TT:11309] [StartMenu] [StartMenu::checkDestMenu()] [removeTheItem()] [end]
I/start   (  871): [TC:78501][TT:11309] [StartMenu] [StartMenu::checkDestMenu()] [end]
I/start   (  871): [TC:78501][TT:11310] [StartMenu] [StartMenu::checkAudioMenu()] [begin]
I/start   (  871): [TC:78501][TT:11310] [StartMenu] [StartMenu::checkAudioMenu()] [findItemByIndex()] [begin]
I/start   (  871): [TC:78524][TT:11310] [StartMenu] [StartMenu::checkAudioMenu()] [findItemByIndex()] [end]
I/start   (  871): [TC:78524][TT:11310] [StartMenu] [StartMenu::checkAudioMenu()] [end]
I/start   (  871): [TC:78524][TT:11310] [StartMenu] [StartMenu::checkPhoneMenu()] [begin]
I/start   (  871): [TC:78524][TT:11310] [StartMenu] [StartMenu::checkPhoneMenu()] [findItemByIndex()] [begin]
I/start   (  871): [TC:78524][TT:11310] [StartMenu] [StartMenu::checkPhoneMenu()] [findItemByIndex()] [end]
I/start   (  871): [TC:78524][TT:11310] [StartMenu] [StartMenu::checkPhoneMenu()] [end]
I/start   (  871): [TC:78525][TT:11310] [StartMenu] [StartMenu::checkInfoMenu()] [begin]
I/start   (  871): [TC:78525][TT:11310] [StartMenu] [StartMenu::checkInfoMenu()] [findItemByIndex()] [begin]
I/start   (  871): [TC:78525][TT:11310] [StartMenu] [StartMenu::checkInfoMenu()] [findItemByIndex()] [end]
I/start   (  871): [TC:78525][TT:11310] [StartMenu] [StartMenu::checkInfoMenu()] [end]
I/start   (  871): [TC:78525][TT:11310] [StartMenu] [StartMenu::checkAppMenu()] [begin]
I/start   (  871): [TC:78525][TT:11310] [StartMenu] [StartMenu::checkAppMenu()] [findItemByIndex()] [begin]
I/start   (  871): [TC:78525][TT:11310] [StartMenu] [StartMenu::checkAppMenu()] [findItemByIndex()] [end]
I/start   (  871): [TC:78525][TT:11311] [StartMenu] [StartMenu::checkAppMenu()] [isSupportTsl()] [begin]
I/start   (  871): [TC:78525][TT:11311] [StartMenu] [StartMenu::checkAppMenu()] [isSupportTsl()] [end]
I/start   (  871): [TC:78525][TT:11311] [StartMenu] [StartMenu::checkAppMenu()] [isSupportMirrorLink()] [begin]
I/start   (  871): [TC:78525][TT:11311] [StartMenu] [StartMenu::checkAppMenu()] [isSupportMirrorLink()] [end]
I/start   (  871): [TC:78525][TT:11311] [StartMenu] [StartMenu::checkAppMenu()] [isRegion_EU()] [begin]
I/start   (  871): [TC:78525][TT:11311] [StartMenu] [StartMenu::checkAppMenu()] [isRegion_EU()] [end]
I/start   (  871): [TC:78525][TT:11311] [StartMenu] [StartMenu::checkAppMenu()] [end]
I/start   (  871): [TC:78525][TT:11311] [StartMenu] [StartMenu::checkClimateMenu()] [begin]
I/start   (  871): [TC:78525][TT:11311] [StartMenu] [StartMenu::checkClimateMenu()] [findItemByIndex()] [begin]
I/start   (  871): [TC:78525][TT:11311] [StartMenu] [StartMenu::checkClimateMenu()] [findItemByIndex()] [end]
I/start   (  871): [TC:78525][TT:11311] [StartMenu] [StartMenu::checkClimateMenu()] [getAirconSupportStatus()] [begin]
I/start   (  871): [TC:78525][TT:11311] [StartMenu] [StartMenu::checkClimateMenu()] [getAirconSupportStatus()] [end]
I/start   (  871): [TC:78525][TT:11311] [StartMenu] [StartMenu::checkClimateMenu()] [removeTheItem()] [begin]
I/start   (  871): [TC:78525][TT:11311] [StartMenu] [StartMenu::checkClimateMenu()] [removeTheItem()] [end]
I/start   (  871): [TC:78525][TT:11311] [StartMenu] [StartMenu::checkClimateMenu()] [end]
I/start   (  871): [TC:78525][TT:11311] [StartMenu] [StartMenu::checkSetupMenu()] [begin]
I/start   (  871): [TC:78525][TT:11311] [StartMenu] [StartMenu::checkSetupMenu()] [findItemByIndex()] [begin]
I/start   (  871): [TC:78525][TT:11311] [StartMenu] [StartMenu::checkSetupMenu()] [findItemByIndex()] [end]
I/start   (  871): [TC:78525][TT:11311] [StartMenu] [StartMenu::checkSetupMenu()] [end]
I/start   (  871): [TC:78525][TT:11311] [StartMenu] [StartMenu::onInitList()] [end]
I/start   (  871): [TC:78525][TT:11311] [StartMenu] [StartMenu::onPreActive()] [connect()] [begin]
I/start   (  871): [TC:78538][TT:11314] [StartMenu] [StartMenu::onPreActive()] [connect()] [end]
I/start   (  871): [TC:78538][TT:11314] [StartMenu] [StartMenun::onPreActive()] [end]
I/start   (  871): [TC:78540][TT:11317] [TDHome] [HomeControl::onPreActive] [clearLayout step]
I/start   (  871): [TC:78540][TT:11317] [TDHome] [CustomKey::clearLayout] [begin]
I/start   (  871): [TC:78540][TT:11317] [TDHome] [CustomKey::clearLayout] [end]
I/start   (  871): [TC:78540][TT:11317] [TDHome] [HomeControl::onPreActive] [createPattern step]
I/start   (  871): [TC:78542][TT:11319] [TDHome] [HomeControl::onPreActive] [setLayout step]
I/start   (  871): [TC:78543][TT:11319] [TDHome] [CustomKey::setLayout] [begin]
I/start   (  871): [TC:78543][TT:11319] [TDHome] [CustomKey::setLayout] [setViewPos step]
I/start   (  871): [TC:78563][TT:11330] [TDHome] [CustomKey::setLayout] [inView step]
I/start   (  871): [TC:78569][TT:11336] [---------QML---------] [NQQmlFileLoader::loadQmlView] id[PhoneHome_1_4] [begin]
I/start   (  871): [TC:78570][TT:11337] [---------QML---------] [NQQmlFileLoader::loadCache] qmlName[PhoneHome_1_4] [begin]
I/start   (  871): [TC:78571][TT:11338] [---------QML---------] [NQQmlFileLoader::loadCache] success qmlName[PhoneHome_1_4] [end]
I/start   (  871): [TC:78585][TT:11346] [---------QML---------] [NQQmlFileLoader::loadQmlView] id[PhoneHome_1_4] [end]
I/start   (  871): [TC:78588][TT:11349] [PhoneHome_1_4] [PhoneHome_1_4 Screen::onCreate()] [begin]
I/start   (  871): [TC:78590][TT:11352] [PhoneHome_1_4] [PhoneHome_1_4 Screen::onCreate()] [end]
I/start   (  871): [TC:78594][TT:11355] [PhoneHome_1_4] [PhoneHome_1_4 Screen::connet SystemInfoVehicleModel] [begin]
I/start   (  871): [TC:78595][TT:11356] [PhoneHome_1_4] [PhoneHome_1_4 Screen::connet SystemInfoVehicleModel] [end]
I/start   (  871): [TC:78595][TT:11356] [PhoneHome_1_4] [PhoneHome_1_4 Screen::connet SystemInfoBTModel] [begin]
I/start   (  871): [TC:78596][TT:11357] [PhoneHome_1_4] [PhoneHome_1_4 Screen::connet SystemInfoBTModel] [end]
I/start   (  871): [TC:78596][TT:11357] [PhoneHome_1_4] [PhoneHome_1_4 Screen::connet BtPhonebookFcProxy] [begin]
I/start   (  871): [TC:78598][TT:11359] [PhoneHome_1_4] [PhoneHome_1_4 Screen::connet BtPhonebookFcProxy] [end]
I/start   (  871): [TC:78604][TT:11362] [PhoneHome_1_4] [PhoneHome_1_4 Screen::getSystemInfoVehicleMirophone] [begin]
I/start   (  871): [TC:78624][TT:11370] [PhoneHome_1_4] [PhoneHome_1_4 Screen::getSystemInfoVehicleMirophone] [begin]
I/start   (  871): [TC:78624][TT:11370] [PhoneHome_1_4] [PhoneHome_1_4 Screen::getSystemInfoVehicleMirophone] [end]
I/start   (  871): [TC:78624][TT:11370] [PhoneHome_1_4] [PhoneHome_1_4 Screen:: setVisible] [begin]
I/start   (  871): [TC:78624][TT:11370] [PhoneHome_1_4] [PhoneHome_1_4 Screen:: setVisible] [end]
I/start   (  871): [TC:78624][TT:11370] [PhoneHome_1_4] [PhoneHome_1_4 Screen::getSystemInfoVehicleMirophone] [end]
I/start   (  871): [TC:78624][TT:11370] [PhoneHome_1_4] [PhoneHome_1_4 Screen:: setVisible] [begin]
I/start   (  871): [TC:78624][TT:11370] [PhoneHome_1_4] [PhoneHome_1_4 Screen:: setVisible] [end]
I/start   (  871): [TC:78624][TT:11370] [PhoneHome_1_4] [PhoneHome_1_4 Screen::setButtonBtnEnabled] [begin]
I/start   (  871): [TC:78630][TT:11373] [PhoneHome_1_4] [PhoneHome_1_4 Screen::setButtonBtnEnabled] [end]
I/start   (  871): [TC:78633][TT:11376] [---------QML---------] [NQViewBase::active] [begin]
I/start   (  871): [TC:78636][TT:11379] [---------QML---------] [NQText::setColorId] colorId[INVALID_COLORID] [begin]
I/start   (  871): [TC:78636][TT:11380] [---------QML---------] [NQText::setColorId] colorId[INVALID_COLORID] is invalid [end]
I/start   (  871): [TC:78636][TT:11380] [---------QML---------] [NQTextExtend::setStrId] [begin]
I/start   (  871): [TC:78637][TT:11380] [---------QML---------] [NQText::setStrId] strId[STR_MM_10_01_28_RES_01] [begin]
I/start   (  871): [TC:78639][TT:11382] [---------QML---------] [NQText::setStrId] strId[STR_MM_10_01_28_RES_01] is the same as before [end]
I/start   (  871): [TC:78639][TT:11382] [---------QML---------] [NQTextExtend::setStrId] [end]
I/start   (  871): [TC:78639][TT:11382] [---------QML---------] [NQText::setColorId] colorId[INVALID_COLORID] [begin]
I/start   (  871): [TC:78639][TT:11382] [---------QML---------] [NQText::setColorId] colorId[INVALID_COLORID] is invalid [end]
I/start   (  871): [TC:78639][TT:11382] [---------QML---------] [NQTextExtend::setStrId] [begin]
I/start   (  871): [TC:78639][TT:11382] [---------QML---------] [NQText::setStrId] strId[STR_MM_10_01_31_RES_02] [begin]
I/start   (  871): [TC:78644][TT:11383] [---------QML---------] [NQText::setStrId] strId[STR_MM_10_01_31_RES_02] is the same as before [end]
I/start   (  871): [TC:78644][TT:11383] [---------QML---------] [NQTextExtend::setStrId] [end]
I/start   (  871): [TC:78644][TT:11383] [---------QML---------] [NQText::setColorId] colorId[INVALID_COLORID] [begin]
I/start   (  871): [TC:78644][TT:11383] [---------QML---------] [NQText::setColorId] colorId[INVALID_COLORID] is invalid [end]
I/start   (  871): [TC:78644][TT:11383] [---------QML---------] [NQTextExtend::setStrId] [begin]
I/start   (  871): [TC:78644][TT:11383] [---------QML---------] [NQText::setStrId] strId[STR_MM_10_01_31_RES_03] [begin]
I/start   (  871): [TC:78645][TT:11384] [---------QML---------] [NQText::setStrId] strId[STR_MM_10_01_31_RES_03] is the same as before [end]
I/start   (  871): [TC:78645][TT:11384] [---------QML---------] [NQTextExtend::setStrId] [end]
I/start   (  871): [TC:78645][TT:11384] [---------QML---------] [NQText::setColorId] colorId[INVALID_COLORID] [begin]
I/start   (  871): [TC:78645][TT:11384] [---------QML---------] [NQText::setColorId] colorId[INVALID_COLORID] is invalid [end]
I/start   (  871): [TC:78645][TT:11384] [---------QML---------] [NQTextExtend::setStrId] [begin]
I/start   (  871): [TC:78645][TT:11384] [---------QML---------] [NQText::setStrId] strId[STR_MM_10_01_31_RES_04] [begin]
I/start   (  871): [TC:78645][TT:11384] [---------QML---------] [NQText::setStrId] strId[STR_MM_10_01_31_RES_04] is the same as before [end]
I/start   (  871): [TC:78645][TT:11384] [---------QML---------] [NQTextExtend::setStrId] [end]
I/start   (  871): [TC:78645][TT:11384] [---------QML---------] [NQText::setColorId] colorId[INVALID_COLORID] [begin]
I/start   (  871): [TC:78645][TT:11384] [---------QML---------] [NQText::setColorId] colorId[INVALID_COLORID] is invalid [end]
I/start   (  871): [TC:78645][TT:11384] [---------QML---------] [NQTextExtend::setStrId] [begin]
I/start   (  871): [TC:78645][TT:11384] [---------QML---------] [NQText::setStrId] strId[STR_MM_10_01_31_RES_05] [begin]
I/start   (  871): [TC:78645][TT:11384] [---------QML---------] [NQText::setStrId] strId[STR_MM_10_01_31_RES_05] is the same as before [end]
I/start   (  871): [TC:78645][TT:11384] [---------QML---------] [NQTextExtend::setStrId] [end]
I/start   (  871): [TC:78646][TT:11385] [---------QML---------] [NQText::setColorId] colorId[INVALID_COLORID] [begin]
I/start   (  871): [TC:78646][TT:11385] [---------QML---------] [NQText::setColorId] colorId[INVALID_COLORID] is invalid [end]
I/start   (  871): [TC:78646][TT:11385] [---------QML---------] [NQTextExtend::setStrId] [begin]
I/start   (  871): [TC:78646][TT:11385] [---------QML---------] [NQText::setStrId] strId[INVALID_STRID] [begin]
I/start   (  871): [TC:78647][TT:11386] [---------QML---------] [NQText::setText] n[] [begin]
I/start   (  871): [TC:78647][TT:11386] [---------QML---------] [NQText::setText] n[] is the same as before [end]
I/start   (  871): [TC:78647][TT:11386] [---------QML---------] [NQText::setStrId] strId[INVALID_STRID] is invalid [end]
I/start   (  871): [TC:78647][TT:11386] [---------QML---------] [NQTextExtend::setStyleId] [begin]
I/start   (  871): [TC:78647][TT:11386] [---------QML---------] [NQTextExtend::setStyleId] [end]
I/start   (  871): [TC:78647][TT:11386] [---------QML---------] [NQTextExtend::setStrId] [end]
I/start   (  871): [TC:78647][TT:11386] [---------QML---------] [NQText::setColorId] colorId[INVALID_COLORID] [begin]
I/start   (  871): [TC:78647][TT:11386] [---------QML---------] [NQText::setColorId] colorId[INVALID_COLORID] is invalid [end]
I/start   (  871): [TC:78647][TT:11386] [---------QML---------] [NQTextExtend::setStrId] [begin]
I/start   (  871): [TC:78647][TT:11386] [---------QML---------] [NQText::setStrId] strId[INVALID_STRID] [begin]
I/start   (  871): [TC:78647][TT:11386] [---------QML---------] [NQText::setText] n[] [begin]
I/start   (  871): [TC:78647][TT:11386] [---------QML---------] [NQText::setText] n[] is the same as before [end]
I/start   (  871): [TC:78648][TT:11386] [---------QML---------] [NQText::setStrId] strId[INVALID_STRID] is invalid [end]
I/start   (  871): [TC:78648][TT:11386] [---------QML---------] [NQTextExtend::setStyleId] [begin]
I/start   (  871): [TC:78648][TT:11387] [---------QML---------] [NQTextExtend::setStyleId] [end]
I/start   (  871): [TC:78648][TT:11387] [---------QML---------] [NQTextExtend::setStrId] [end]
I/start   (  871): [TC:78648][TT:11387] [---------QML---------] [NQText::setColorId] colorId[INVALID_COLORID] [begin]
I/start   (  871): [TC:78648][TT:11387] [---------QML---------] [NQText::setColorId] colorId[INVALID_COLORID] is invalid [end]
I/start   (  871): [TC:78648][TT:11387] [---------QML---------] [NQTextExtend::setStrId] [begin]
I/start   (  871): [TC:78648][TT:11387] [---------QML---------] [NQText::setStrId] strId[INVALID_STRID] [begin]
I/start   (  871): [TC:78648][TT:11387] [---------QML---------] [NQText::setText] n[] [begin]
I/start   (  871): [TC:78648][TT:11387] [---------QML---------] [NQText::setText] n[] is the same as before [end]
I/start   (  871): [TC:78648][TT:11387] [---------QML---------] [NQText::setStrId] strId[INVALID_STRID] is invalid [end]
I/start   (  871): [TC:78648][TT:11387] [---------QML---------] [NQTextExtend::setStyleId] [begin]
I/start   (  871): [TC:78648][TT:11387] [---------QML---------] [NQTextExtend::setStyleId] [end]
I/start   (  871): [TC:78648][TT:11387] [---------QML---------] [NQTextExtend::setStrId] [end]
I/start   (  871): [TC:78648][TT:11387] [---------QML---------] [NQText::setColorId] colorId[INVALID_COLORID] [begin]
I/start   (  871): [TC:78648][TT:11387] [---------QML---------] [NQText::setColorId] colorId[INVALID_COLORID] is invalid [end]
I/start   (  871): [TC:78648][TT:11387] [---------QML---------] [NQTextExtend::setStrId] [begin]
I/start   (  871): [TC:78648][TT:11387] [---------QML---------] [NQText::setStrId] strId[INVALID_STRID] [begin]
I/start   (  871): [TC:78648][TT:11387] [---------QML---------] [NQText::setText] n[] [begin]
I/start   (  871): [TC:78648][TT:11387] [---------QML---------] [NQText::setText] n[] is the same as before [end]
I/start   (  871): [TC:78648][TT:11387] [---------QML---------] [NQText::setStrId] strId[INVALID_STRID] is invalid [end]
I/start   (  871): [TC:78648][TT:11387] [---------QML---------] [NQTextExtend::setStyleId] [begin]
I/start   (  871): [TC:78648][TT:11387] [---------QML---------] [NQTextExtend::setStyleId] [end]
I/start   (  871): [TC:78648][TT:11387] [---------QML---------] [NQTextExtend::setStrId] [end]
I/start   (  871): [TC:78648][TT:11387] [---------QML---------] [NQText::setColorId] colorId[INVALID_COLORID] [begin]
I/start   (  871): [TC:78648][TT:11387] [---------QML---------] [NQText::setColorId] colorId[INVALID_COLORID] is invalid [end]
I/start   (  871): [TC:78648][TT:11387] [---------QML---------] [NQTextExtend::setStrId] [begin]
I/start   (  871): [TC:78648][TT:11387] [---------QML---------] [NQText::setStrId] strId[INVALID_STRID] [begin]
I/start   (  871): [TC:78648][TT:11387] [---------QML---------] [NQText::setText] n[] [begin]
I/start   (  871): [TC:78648][TT:11387] [---------QML---------] [NQText::setText] n[] is the same as before [end]
I/start   (  871): [TC:78648][TT:11387] [---------QML---------] [NQText::setStrId] strId[INVALID_STRID] is invalid [end]
I/start   (  871): [TC:78648][TT:11387] [---------QML---------] [NQTextExtend::setStyleId] [begin]
I/start   (  871): [TC:78648][TT:11387] [---------QML---------] [NQTextExtend::setStyleId] [end]
I/start   (  871): [TC:78648][TT:11387] [---------QML---------] [NQTextExtend::setStrId] [end]
I/start   (  871): [TC:78649][TT:11388] [---------QML---------] [NQText::setColorId] colorId[INVALID_COLORID] [begin]
I/start   (  871): [TC:78649][TT:11388] [---------QML---------] [NQText::setColorId] colorId[INVALID_COLORID] is invalid [end]
I/start   (  871): [TC:78649][TT:11388] [---------QML---------] [NQTextExtend::setStrId] [begin]
I/start   (  871): [TC:78649][TT:11388] [---------QML---------] [NQText::setStrId] strId[INVALID_STRID] [begin]
I/start   (  871): [TC:78649][TT:11388] [---------QML---------] [NQText::setText] n[] [begin]
I/start   (  871): [TC:78649][TT:11388] [---------QML---------] [NQText::setText] n[] is the same as before [end]
I/start   (  871): [TC:78649][TT:11388] [---------QML---------] [NQText::setStrId] strId[INVALID_STRID] is invalid [end]
I/start   (  871): [TC:78649][TT:11388] [---------QML---------] [NQTextExtend::setStyleId] [begin]
I/start   (  871): [TC:78649][TT:11388] [---------QML---------] [NQTextExtend::setStyleId] [end]
I/start   (  871): [TC:78649][TT:11388] [---------QML---------] [NQTextExtend::setStrId] [end]
I/start   (  871): [TC:78649][TT:11388] [---------QML---------] [NQText::setColorId] colorId[INVALID_COLORID] [begin]
I/start   (  871): [TC:78649][TT:11388] [---------QML---------] [NQText::setColorId] colorId[INVALID_COLORID] is invalid [end]
I/start   (  871): [TC:78649][TT:11388] [---------QML---------] [NQTextExtend::setStrId] [begin]
I/start   (  871): [TC:78649][TT:11388] [---------QML---------] [NQText::setStrId] strId[INVALID_STRID] [begin]
I/start   (  871): [TC:78649][TT:11388] [---------QML---------] [NQText::setText] n[] [begin]
I/start   (  871): [TC:78649][TT:11388] [---------QML---------] [NQText::setText] n[] is the same as before [end]
I/start   (  871): [TC:78649][TT:11388] [---------QML---------] [NQText::setStrId] strId[INVALID_STRID] is invalid [end]
I/start   (  871): [TC:78649][TT:11388] [---------QML---------] [NQTextExtend::setStyleId] [begin]
I/start   (  871): [TC:78649][TT:11388] [---------QML---------] [NQTextExtend::setStyleId] [end]
I/start   (  871): [TC:78649][TT:11388] [---------QML---------] [NQTextExtend::setStrId] [end]
I/start   (  871): [TC:78649][TT:11388] [---------QML---------] [NQText::setColorId] colorId[INVALID_COLORID] [begin]
I/start   (  871): [TC:78649][TT:11388] [---------QML---------] [NQText::setColorId] colorId[INVALID_COLORID] is invalid [end]
I/start   (  871): [TC:78649][TT:11388] [---------QML---------] [NQTextExtend::setStrId] [begin]
I/start   (  871): [TC:78649][TT:11388] [---------QML---------] [NQText::setStrId] strId[INVALID_STRID] [begin]
I/start   (  871): [TC:78649][TT:11388] [---------QML---------] [NQText::setText] n[] [begin]
I/start   (  871): [TC:78649][TT:11388] [---------QML---------] [NQText::setText] n[] is the same as before [end]
I/start   (  871): [TC:78649][TT:11388] [---------QML---------] [NQText::setStrId] strId[INVALID_STRID] is invalid [end]
I/start   (  871): [TC:78649][TT:11388] [---------QML---------] [NQTextExtend::setStyleId] [begin]
I/start   (  871): [TC:78649][TT:11388] [---------QML---------] [NQTextExtend::setStyleId] [end]
I/start   (  871): [TC:78649][TT:11388] [---------QML---------] [NQTextExtend::setStrId] [end]
I/start   (  871): [TC:78650][TT:11388] [---------QML---------] [NQViewBase::active] [end]
I/start   (  871): [TC:78696][TT:11431] [---------QML---------] [NQViewBase::active] [begin]
I/start   (  871): [TC:78696][TT:11432] [---------QML---------] [NQText::setColorId] colorId[INVALID_COLORID] [begin]
I/start   (  871): [TC:78696][TT:11432] [---------QML---------] [NQText::setColorId] colorId[INVALID_COLORID] is invalid [end]
I/start   (  871): [TC:78696][TT:11432] [---------QML---------] [NQTextExtend::setStrId] [begin]
I/start   (  871): [TC:78697][TT:11432] [---------QML---------] [NQText::setStrId] strId[STR_MM_10_01_28_RES_01] [begin]
I/start   (  871): [TC:78697][TT:11432] [---------QML---------] [NQText::setStrId] strId[STR_MM_10_01_28_RES_01] is the same as before [end]
I/start   (  871): [TC:78697][TT:11432] [---------QML---------] [NQTextExtend::setStrId] [end]
I/start   (  871): [TC:78697][TT:11432] [---------QML---------] [NQText::setColorId] colorId[INVALID_COLORID] [begin]
I/start   (  871): [TC:78697][TT:11432] [---------QML---------] [NQText::setColorId] colorId[INVALID_COLORID] is invalid [end]
I/start   (  871): [TC:78697][TT:11432] [---------QML---------] [NQTextExtend::setStrId] [begin]
I/start   (  871): [TC:78697][TT:11432] [---------QML---------] [NQText::setStrId] strId[STR_MM_10_01_31_RES_02] [begin]
I/start   (  871): [TC:78697][TT:11432] [---------QML---------] [NQText::setStrId] strId[STR_MM_10_01_31_RES_02] is the same as before [end]
I/start   (  871): [TC:78697][TT:11432] [---------QML---------] [NQTextExtend::setStrId] [end]
I/start   (  871): [TC:78697][TT:11432] [---------QML---------] [NQText::setColorId] colorId[INVALID_COLORID] [begin]
I/start   (  871): [TC:78697][TT:11432] [---------QML---------] [NQText::setColorId] colorId[INVALID_COLORID] is invalid [end]
I/start   (  871): [TC:78697][TT:11432] [---------QML---------] [NQTextExtend::setStrId] [begin]
I/start   (  871): [TC:78697][TT:11432] [---------QML---------] [NQText::setStrId] strId[STR_MM_10_01_31_RES_03] [begin]
I/start   (  871): [TC:78697][TT:11432] [---------QML---------] [NQText::setStrId] strId[STR_MM_10_01_31_RES_03] is the same as before [end]
I/start   (  871): [TC:78697][TT:11433] [---------QML---------] [NQTextExtend::setStrId] [end]
I/start   (  871): [TC:78697][TT:11433] [---------QML---------] [NQText::setColorId] colorId[INVALID_COLORID] [begin]
I/start   (  871): [TC:78697][TT:11433] [---------QML---------] [NQText::setColorId] colorId[INVALID_COLORID] is invalid [end]
I/start   (  871): [TC:78697][TT:11433] [---------QML---------] [NQTextExtend::setStrId] [begin]
I/start   (  871): [TC:78697][TT:11433] [---------QML---------] [NQText::setStrId] strId[STR_MM_10_01_31_RES_04] [begin]
I/start   (  871): [TC:78697][TT:11433] [---------QML---------] [NQText::setStrId] strId[STR_MM_10_01_31_RES_04] is the same as before [end]
I/start   (  871): [TC:78698][TT:11433] [---------QML---------] [NQTextExtend::setStrId] [end]
I/start   (  871): [TC:78698][TT:11433] [---------QML---------] [NQText::setColorId] colorId[INVALID_COLORID] [begin]
I/start   (  871): [TC:78698][TT:11433] [---------QML---------] [NQText::setColorId] colorId[INVALID_COLORID] is invalid [end]
I/start   (  871): [TC:78698][TT:11433] [---------QML---------] [NQTextExtend::setStrId] [begin]
I/start   (  871): [TC:78698][TT:11433] [---------QML---------] [NQText::setStrId] strId[STR_MM_10_01_31_RES_05] [begin]
I/start   (  871): [TC:78698][TT:11433] [---------QML---------] [NQText::setStrId] strId[STR_MM_10_01_31_RES_05] is the same as before [end]
I/start   (  871): [TC:78698][TT:11433] [---------QML---------] [NQTextExtend::setStrId] [end]
I/start   (  871): [TC:78698][TT:11433] [---------QML---------] [NQText::setColorId] colorId[INVALID_COLORID] [begin]
