I/start   (  871): [TC:80491][TT:12266] [---------QML---------] [NQTextExtend::setTextColor] [begin]
I/start   (  871): [TC:80491][TT:12266] [---------QML---------] [NQTextExtend::setTextColor] [end]
I/start   (  871): [TC:80491][TT:12266] [---------QML---------] [NQTextExtend::setTextEffect] [begin]
I/start   (  871): [TC:80491][TT:12266] [---------QML---------] [NQTextExtend::setTextEffect] [end]
I/start   (  871): [TC:80491][TT:12266] [---------QML---------] [NQTextExtend::initText] [end]
I/start   (  871): [TC:80491][TT:12266] [---------QML---------] [NQTextExtend::setStyleId] [end]
I/start   (  871): [TC:80491][TT:12266] [---------QML---------] [NQTextExtend::setStrId] [begin]
I/start   (  871): [TC:80491][TT:12266] [---------QML---------] [NQText::setStrId] strId[STR_MM_10_01_28_RES_00] [begin]
I/start   (  871): [TC:80492][TT:12267] [---------QML---------] [NQTextExtend::notifyTextChanged] text[Press & Hold to
I/start   (  871): Select Contact] [begin]
I/start   (  871): [TC:80492][TT:12267] [---------QML---------] [NQTextExtend::recalcSearchText] [begin]
I/start   (  871): [TC:80492][TT:12267] [---------QML---------] [NQTextExtend::recalcSearchText] [end]
I/start   (  871): [TC:80492][TT:12267] [---------QML---------] [NQTextExtend::notifyTextChanged] text[Press & Hold to
I/start   (  871): Select Contact] [end]
I/start   (  871): [TC:80492][TT:12267] [---------QML---------] [NQText::setStrId] strId[STR_MM_10_01_28_RES_00] [end]
I/start   (  871): [TC:80492][TT:12267] [---------QML---------] [NQTextExtend::setStrId] [end]
I/start   (  871): [TC:80493][TT:12268] [---------QML---------] [NQImageBase::setImage] imgId[INVALID_IMAGEID] [begin]
I/start   (  871): [TC:80493][TT:12268] [---------QML---------] [NQImageBase::setSource] url[] [begin]
I/start   (  871): [TC:80493][TT:12268] [---------QML---------] [NQImageBase::setSource] url[] is the same as before [end]
I/start   (  871): [TC:80493][TT:12268] [---------QML---------] [NQImageBase::setImage] imgId[INVALID_IMAGEID] d->m_LstImgSrcType[2] [end]
I/start   (  871): [TC:80494][TT:12268] [---------QML---------] [NQTextExtend::setStyleId] [begin]
I/start   (  871): [TC:80494][TT:12269] [---------QML---------] [NQTextExtend::initText] [begin]
I/start   (  871): [TC:80494][TT:12269] [---------QML---------] [NQText::setAscent] [begin]
I/start   (  871): [TC:80494][TT:12269] [---------QML---------] [NQText::setAscent] [end]
I/start   (  871): [TC:80494][TT:12269] [---------QML---------] [NQTextExtend::setTextColor] [begin]
I/start   (  871): [TC:80494][TT:12269] [---------QML---------] [NQTextExtend::setTextColor] [end]
I/start   (  871): [TC:80494][TT:12269] [---------QML---------] [NQTextExtend::setTextEffect] [begin]
I/start   (  871): [TC:80494][TT:12269] [---------QML---------] [NQTextExtend::setTextEffect] [end]
I/start   (  871): [TC:80494][TT:12269] [---------QML---------] [NQTextExtend::initText] [end]
I/start   (  871): [TC:80494][TT:12269] [---------QML---------] [NQTextExtend::setStyleId] [end]
I/start   (  871): [TC:80494][TT:12269] [---------QML---------] [NQTextExtend::setStrId] [begin]
I/start   (  871): [TC:80494][TT:12269] [---------QML---------] [NQText::setStrId] strId[STR_MM_10_01_28_RES_00] [begin]
I/start   (  871): [TC:80495][TT:12270] [---------QML---------] [NQTextExtend::notifyTextChanged] text[Press & Hold to
I/start   (  871): Select Contact] [begin]
I/start   (  871): [TC:80495][TT:12270] [---------QML---------] [NQTextExtend::recalcSearchText] [begin]
I/start   (  871): [TC:80495][TT:12270] [---------QML---------] [NQTextExtend::recalcSearchText] [end]
I/start   (  871): [TC:80495][TT:12270] [---------QML---------] [NQTextExtend::notifyTextChanged] text[Press & Hold to
I/start   (  871): Select Contact] [end]
I/start   (  871): [TC:80495][TT:12270] [---------QML---------] [NQText::setStrId] strId[STR_MM_10_01_28_RES_00] [end]
I/start   (  871): [TC:80496][TT:12270] [---------QML---------] [NQTextExtend::setStrId] [end]
I/start   (  871): [TC:80496][TT:12271] [---------QML---------] [NQImageBase::setImage] imgId[INVALID_IMAGEID] [begin]
I/start   (  871): [TC:80496][TT:12271] [---------QML---------] [NQImageBase::setSource] url[] [begin]
I/start   (  871): [TC:80496][TT:12271] [---------QML---------] [NQImageBase::setSource] url[] is the same as before [end]
I/start   (  871): [TC:80496][TT:12271] [---------QML---------] [NQImageBase::setImage] imgId[INVALID_IMAGEID] d->m_LstImgSrcType[2] [end]
I/start   (  871): [TC:80496][TT:12271] [---------QML---------] [NQTextExtend::setStyleId] [begin]
I/start   (  871): [TC:80496][TT:12271] [---------QML---------] [NQTextExtend::initText] [begin]
I/start   (  871): [TC:80497][TT:12271] [---------QML---------] [NQText::setAscent] [begin]
I/start   (  871): [TC:80497][TT:12271] [---------QML---------] [NQText::setAscent] [end]
I/start   (  871): [TC:80497][TT:12271] [---------QML---------] [NQTextExtend::setTextColor] [begin]
I/start   (  871): [TC:80497][TT:12271] [---------QML---------] [NQTextExtend::setTextColor] [end]
I/start   (  871): [TC:80497][TT:12271] [---------QML---------] [NQTextExtend::setTextEffect] [begin]
I/start   (  871): [TC:80497][TT:12271] [---------QML---------] [NQTextExtend::setTextEffect] [end]
I/start   (  871): [TC:80497][TT:12271] [---------QML---------] [NQTextExtend::initText] [end]
I/start   (  871): [TC:80497][TT:12271] [---------QML---------] [NQTextExtend::setStyleId] [end]
I/start   (  871): [TC:80497][TT:12271] [---------QML---------] [NQTextExtend::setStrId] [begin]
I/start   (  871): [TC:80497][TT:12272] [---------QML---------] [NQText::setStrId] strId[STR_MM_10_01_28_RES_00] [begin]
I/start   (  871): [TC:80498][TT:12272] [---------QML---------] [NQTextExtend::notifyTextChanged] text[Press & Hold to
I/start   (  871): Select Contact] [begin]
I/start   (  871): [TC:80498][TT:12273] [---------QML---------] [NQTextExtend::recalcSearchText] [begin]
I/start   (  871): [TC:80498][TT:12273] [---------QML---------] [NQTextExtend::recalcSearchText] [end]
I/start   (  871): [TC:80498][TT:12273] [---------QML---------] [NQTextExtend::notifyTextChanged] text[Press & Hold to
I/start   (  871): Select Contact] [end]
I/start   (  871): [TC:80498][TT:12273] [---------QML---------] [NQText::setStrId] strId[STR_MM_10_01_28_RES_00] [end]
I/start   (  871): [TC:80498][TT:12273] [---------QML---------] [NQTextExtend::setStrId] [end]
I/start   (  871): [TC:80499][TT:12273] [---------QML---------] [NQImageBase::setImage] imgId[INVALID_IMAGEID] [begin]
I/start   (  871): [TC:80499][TT:12273] [---------QML---------] [NQImageBase::setSource] url[] [begin]
I/start   (  871): [TC:80499][TT:12273] [---------QML---------] [NQImageBase::setSource] url[] is the same as before [end]
I/start   (  871): [TC:80499][TT:12273] [---------QML---------] [NQImageBase::setImage] imgId[INVALID_IMAGEID] d->m_LstImgSrcType[2] [end]
I/start   (  871): [TC:80499][TT:12274] [---------QML---------] [NQGuiApplication::notify] [triggerUpdateEvent] [begin]
I/start   (  871): [TC:80501][TT:12276] [---------QML---------] [NQGuiApplication::notify] [triggerUpdateEvent] [end]
I/start   (  871): [TC:80501][TT:12276] [---------QML---------] [QGuiApplication::notify] [begin]
I/start   (  871): [TC:80502][TT:12276] [---------QML---------] [NQText::updatePaintNode] [begin]
I/start   (  871): [TC:80502][TT:12276] [---------QML---------] [NQText::updatePaintNode] visible false [end]
I/start   (  871): [TC:80502][TT:12276] [---------QML---------] [NQText::updatePaintNode] [begin]
I/start   (  871): [TC:80502][TT:12276] [---------QML---------] [NQText::updatePaintNode] visible false [end]
I/start   (  871): [TC:80502][TT:12276] [---------QML---------] [NQText::updatePaintNode] [begin]
I/start   (  871): [TC:80502][TT:12276] [---------QML---------] [NQText::updatePaintNode] visible false [end]
I/start   (  871): [TC:80502][TT:12276] [---------QML---------] [NQText::updatePaintNode] [begin]
I/start   (  871): [TC:80502][TT:12276] [---------QML---------] [NQText::updatePaintNode] visible false [end]
I/start   (  871): [TC:80502][TT:12277] [---------QML---------] [NQPngTexture::bind] [begin]
I/start   (  871): [TC:80503][TT:12277] [---------QML---------] [NQPngTexture::bind] rebound ok [end]
I/start   (  871): [TC:80503][TT:12277] [---------QML---------] [NQPngTexture::bind] [begin]
I/start   (  871): [TC:80503][TT:12277] [---------QML---------] [NQPngTexture::bind] rebound ok [end]
I/start   (  871): [TC:80503][TT:12277] [---------QML---------] [NQPngTexture::bind] [begin]
I/start   (  871): [TC:80503][TT:12277] [---------QML---------] [NQPngTexture::bind] rebound ok [end]
I/start   (  871): [TC:80503][TT:12277] [---------QML---------] [NQPngTexture::bind] [begin]
I/start   (  871): [TC:80503][TT:12278] [---------QML---------] [NQPngTexture::bind] rebound ok [end]
I/start   (  871): [TC:80503][TT:12278] [---------QML---------] [NQPngTexture::bind] [begin]
I/start   (  871): [TC:80503][TT:12278] [---------QML---------] [NQPngTexture::bind] rebound ok [end]
I/start   (  871): [TC:80503][TT:12278] [---------QML---------] [NQPngTexture::bind] [begin]
I/start   (  871): [TC:80503][TT:12278] [---------QML---------] [NQPngTexture::bind] rebound ok [end]
I/start   (  871): [TC:80504][TT:12278] [---------QML---------] [NQPngTexture::bind] [begin]
I/start   (  871): [TC:80504][TT:12278] [---------QML---------] [NQPngTexture::bind] rebound ok [end]
I/start   (  871): [TC:80504][TT:12279] [---------QML---------] [NQPngTexture::bind] [begin]
I/start   (  871): [TC:80505][TT:12279] [---------QML---------] [NQPngTexture::bind] rebound ok [end]
I/start   (  871): [TC:80505][TT:12279] [---------QML---------] [NQPngTexture::bind] [begin]
I/start   (  871): [TC:80505][TT:12279] [---------QML---------] [NQPngTexture::bind] rebound ok [end]
I/start   (  871): [TC:80506][TT:12279] [---------QML---------] [NQPngTexture::bind] [begin]
I/start   (  871): [TC:80506][TT:12280] [---------QML---------] [NQPngTexture::bind] rebound ok [end]
I/start   (  871): [TC:80506][TT:12280] [---------QML---------] [NQPngTexture::bind] [begin]
I/start   (  871): [TC:80506][TT:12280] [---------QML---------] [NQPngTexture::bind] rebound ok [end]
I/start   (  871): [TC:80506][TT:12280] [---------QML---------] [NQPngTexture::bind] [begin]
I/start   (  871): [TC:80506][TT:12280] [---------QML---------] [NQPngTexture::bind] rebound ok [end]
I/start   (  871): [TC:80506][TT:12280] [---------QML---------] [NQPngTexture::bind] [begin]
I/start   (  871): [TC:80506][TT:12280] [---------QML---------] [NQPngTexture::bind] rebound ok [end]
I/start   (  871): [TC:80507][TT:12280] [---------QML---------] [NQPngTexture::bind] [begin]
I/start   (  871): [TC:80507][TT:12280] [---------QML---------] [NQPngTexture::bind] rebound ok [end]
I/start   (  871): [TC:80512][TT:12283] [---------QML---------] [QGuiApplication::notify] [end]
I/start   (  871): [TC:80512][TT:12283] [AppLauncher] [AppContext::onFrameConfirmed][begin] !!!
I/start   (  871): [TC:80514][TT:12283] [AppLauncher] [AppContext::onFrameConfirmed][end] !!!
I/start   (  149): [TC:80514][TT:41] [AppManager]   receive resp4activeShowApp, appid net.suntec.app.TDHome.application
I/start   (  149): [TC:80515][TT:81] [AppManager]   handle resp activeshow, appid net.suntec.app.TDHome.application
I/start   (  149): [TC:80520][TT:82] [AppManager]  send finished request, appid net.suntec.app.TDHome.application
I/start   (  225): [TC:80522][TT:0] [LastRestore] receive last mode started!
I/start   (  225): [TC:80522][TT:0] [AppControl] trigger_lastmode_started int startup control
I/start   (  149): [TC:80531][TT:3] [AppManager]   receive broadcast, appid nutshell.intent.br.LASTMODE_TRIGGERED
I/start   (  149): [TC:80531][TT:3] [AppManager] The first app has launched ()
I/start   (  149): [TC:80531][TT:3] [AppManager] awake forkwindowserver
I/start   (  149): [TC:80531][TT:3] [AppManager] awake all hibernate task.
I/start   (  149): [TC:80531][TT:3] [AppManager] send broadcast of bootcomplete
I/start   (  149): [TC:80531][TT:3] [AppManager]   receive broadcast, appid nutshell.intent.br.BOOT_COMPLETED
I/start   (  149): [TC:80538][TT:83] [AppManager]   handle request startApplication, appid net.suntec.app.TDHome.application
I/start   (  149): [TC:80539][TT:83] [AppManager]  send finished request, appid net.suntec.app.TDHome.application
I/start   (  149): [TC:80539][TT:83] [AppManager]   handle request startApplication, appid net.suntec.app.AV.application
I/start   (  149): [TC:80539][TT:84] [AppManager]  send req InitUI Awake, appid net.suntec.app.AV.application
I/start   (  149): [TC:80540][TT:84] [AppManager]   handle request startApplication, appid net.suntec.app.Phone.application
I/start   (  149): [TC:80540][TT:84] [AppManager]  send req InitUI Awake, appid net.suntec.app.Phone.application
I/start   (  149): [TC:80541][TT:85] [AppManager]   handle request startApplication, appid net.suntec.app.Info.application
I/start   (  149): [TC:80541][TT:85] [AppManager]  send req InitUI Awake, appid net.suntec.app.Info.application
I/start   (  149): [TC:80557][TT:86] [AppManager]   handle request startApplication, appid net.suntec.app.Setup.application
I/start   (  149): [TC:80560][TT:87] [AppManager]  send req InitUI Awake, appid net.suntec.app.Setup.application
I/start   (  149): [TC:80565][TT:88] [AppManager]   handle request startApplication, appid net.suntec.app.VR.application
I/start   (  149): [TC:80566][TT:88] [AppManager]  send req InitUI Awake, appid net.suntec.app.VR.application
I/start   (  149): [TC:80577][TT:89] [AppManager]   handle request startApplication, appid net.suntec.app.Apps.application
I/start   (  149): [TC:80577][TT:90] [AppManager]  send req InitUI Awake, appid net.suntec.app.Apps.application
I/start   (  871): [TC:80584][TT:12285] [AppLauncher] [AppContext::onUIAwake][begin] !!![net.suntec.app.AV.application]
I/start   (  149): [TC:80592][TT:0] [AppManager]  recv  forked/AWS/2033#, appid 
I/start   (  871): [TC:80598][TT:12296] [FCBase] [fnctl.system.alert onAwake] [begin]
I/start   (  871): [TC:80598][TT:12297] [FCBase] [fnctl.system.alert onAwake] [end]
I/start   (  871): [TC:80600][TT:12299] [FCBase] [fnctl.media.aux onAwake] [begin]
I/start   (  871): [TC:80600][TT:12299] [FCBase] [fnctl.media.aux onAwake] [end]
I/start   (  871): [TC:80612][TT:12305] [FCBase] [fnctl.voice.voicerecog onAwake] [begin]
I/start   (  871): [TC:80614][TT:12307] [FCBase] [fnctl.voice.voicerecog onAwake] [end]
I/start   (  149): [TC:80633][TT:5] [AppManager]   receive launchAppService, appid net.suntec.app.Apps.application
I/start   (  149): [TC:80635][TT:6] [AppManager]   receive launchAppService, appid net.suntec.app.AV.application
I/start   (  149): [TC:80637][TT:7] [AppManager]   receive launchAppService, appid net.suntec.app.Info.application
I/start   (  149): [TC:80639][TT:9] [AppManager]   receive launchAppService, appid net.suntec.app.Phone.application
I/start   (  149): [TC:80641][TT:10] [AppManager]   receive launchAppService, appid net.suntec.app.Setup.application
I/start   (  149): [TC:80644][TT:12] [AppManager]   receive launchAppService, appid net.suntec.app.VR.application
I/start   (  225): [TC:80699][TT:4] [LastRestore] set property appmgr.lazystart finished!
I/start   (  206): [TC:80772][TT:2] [NCDIAGService] NCDIAG_InitProcess::startServiceAndFileRelatedReq Start
I/start   (  146): [TC:80777][TT:198] [ServiceManager] askStartService [nutshell.media.ipod:2]
I/start   (  190): [TC:80784][TT:309] [Service] Before onAwake [nutshell.media.ipod]
I/start   (  146): [TC:80814][TT:198] [ServiceManager] askStartService [nutshell.media.disc:2]
I/start   (  146): [TC:80815][TT:199] [ServiceManager] askStartService [nutshell.media.tuner:2]
I/start   (  187): [TC:80820][TT:278] [Service] Before onAwake [nutshell.media.tuner]
I/start   (  166): [TC:80823][TT:286] [Service] Before onAwake [nutshell.media.disc]
I/start   (  163): [TC:80829][TT:11] [mediamanager] Disc
I/start   (  146): [TC:80841][TT:199] [ServiceManager] askStartService [nutshell.media.mediaplayer:0]
I/start   (  166): [TC:80941][TT:298] [Service] After onAwake [nutshell.media.disc]
I/start   (  166): [TC:80950][TT:300] [Service] notify status ready [nutshell.media.disc]
I/start   (  146): [TC:81021][TT:20] [ServiceManager] ServiceStatusChanged [nutshell.media.disc:3]
I/start   (  190): [TC:81041][TT:357] [Service] After onAwake [nutshell.media.ipod]
I/start   (  190): [TC:81044][TT:358] [Service] notify status ready [nutshell.media.ipod]
I/start   (  146): [TC:81044][TT:19] [ServiceManager] ServiceStatusChanged [nutshell.media.ipod:3]
I/start   (  146): [TC:81064][TT:201] [ServiceManager] askStartService [nutshell.media.audioservice:0]
I/start   (  146): [TC:81086][TT:202] [ServiceManager] askStartService [nutshell.media.btaudio:2]
I/start   (  192): [TC:81091][TT:286] [Service] Before onAwake [nutshell.media.btaudio]
I/start   (  146): [TC:81093][TT:202] [ServiceManager] askStartService [nutshell.media.usbsd:2]
I/start   (  189): [TC:81098][TT:344] [Service] Before onAwake [nutshell.media.usbsd]
I/start   (  146): [TC:81101][TT:202] [ServiceManager] askStartService [nutshell.media.aux:2]
I/start   (  163): [TC:81103][TT:11] [mediamanager] Radio
I/start   (  163): [TC:81104][TT:11] [mediamanager] Ipod
I/start   (  146): [TC:81104][TT:203] [ServiceManager] askStartService [nutshell.media.rse:2]
I/start   (  204): [TC:81111][TT:109] [Service] Before onAwake [nutshell.media.rse]
I/start   (  146): [TC:81115][TT:203] [ServiceManager] askStartService [nutshell.media.tsl:2]
I/start   (  146): [TC:81117][TT:205] [ServiceManager] askStartService [nutshell.media.iapservice:0]
I/start   (  205): [TC:81123][TT:252] [Service] Before onAwake [nutshell.media.tsl]
I/start   (  191): [TC:81136][TT:114] [Service] Before onAwake [nutshell.media.aux]
I/start   (  191): [TC:81152][TT:116] [Service] After onAwake [nutshell.media.aux]
I/start   (  163): [TC:81160][TT:11] [mediamanager] BTA
I/start   (  163): [TC:81160][TT:12] [mediamanager] AUX
I/start   (  191): [TC:81165][TT:121] [Service] notify status ready [nutshell.media.aux]
I/start   (  192): [TC:81170][TT:290] [Service] After onAwake [nutshell.media.btaudio]
I/start   (  192): [TC:81176][TT:296] [Service] notify status ready [nutshell.media.btaudio]
I/start   (  163): [TC:81205][TT:12] [mediamanager] RSE
I/start   (  204): [TC:81236][TT:122] [Service] After onAwake [nutshell.media.rse]
I/start   (  146): [TC:81274][TT:19] [ServiceManager] ServiceStatusChanged [nutshell.media.btaudio:3]
I/start   (  146): [TC:81342][TT:21] [ServiceManager] ServiceStatusChanged [nutshell.media.aux:3]
I/start   (  204): [TC:81387][TT:130] [Service] notify status ready [nutshell.media.rse]
I/start   (  146): [TC:81431][TT:19] [ServiceManager] ServiceStatusChanged [nutshell.media.rse:3]
I/start   (  163): [TC:81525][TT:13] [mediamanager] USB
I/start   (  871): [TC:81536][TT:12574] [AppLauncher] [AppContext::onUIInitialize][begin] !!![net.suntec.app.AV.application]
I/start   (  871): [TC:81537][TT:12574] [AppLauncher] [AppContext::onUIInitialize][end] !!![net.suntec.app.AV.application]
I/start   (  871): [TC:81537][TT:12574] [AppLauncher] [AppContext::onUIAwake][end] !!![net.suntec.app.AV.application]
I/start   (  871): [TC:81537][TT:12574] [AppLauncher] [AppContext::onUIAwake][begin] !!![net.suntec.app.Phone.application]
I/start   (  149): [TC:81539][TT:42] [AppManager]   receive resp4initAppUIAwake, appid net.suntec.app.AV.application
I/start   (  149): [TC:81539][TT:90] [AppManager]   handle resp initui_awake, appid net.suntec.app.AV.application
I/start   (  149): [TC:81540][TT:91] [AppManager]  send finished request, appid net.suntec.app.AV.application
I/start   (  149): [TC:81542][TT:92] [AppManager]   handle request launchAppService, appid net.suntec.app.AV.application
I/start   (  149): [TC:81542][TT:92] [AppManager]  send req StartAppService, appid net.suntec.app.AV.application
I/start   (  871): [TC:81546][TT:12576] [AppLauncher] [AppContext::onUIInitialize][begin] !!![net.suntec.app.Phone.application]
I/start   (  871): [TC:81546][TT:12576] [AppLauncher] [AppContext::onUIInitialize][end] !!![net.suntec.app.Phone.application]
I/start   (  871): [TC:81546][TT:12577] [AppLauncher] [AppContext::onUIAwake][end] !!![net.suntec.app.Phone.application]
I/start   (  871): [TC:81547][TT:12577] [AppLauncher] [AppContext::onUIAwake][begin] !!![net.suntec.app.Info.application]
I/start   (  149): [TC:81549][TT:42] [AppManager]   receive resp4initAppUIAwake, appid net.suntec.app.Phone.application
I/start   (  149): [TC:81549][TT:92] [AppManager]   handle resp initui_awake, appid net.suntec.app.Phone.application
I/start   (  149): [TC:81550][TT:93] [AppManager]  send finished request, appid net.suntec.app.Phone.application
I/start   (  149): [TC:81556][TT:94] [AppManager]   handle request launchAppService, appid net.suntec.app.Phone.application
I/start   (  149): [TC:81557][TT:94] [AppManager]  send req StartAppService, appid net.suntec.app.Phone.application
I/start   (  871): [TC:81560][TT:12579] [AppLauncher] [AppContext::onUIInitialize][begin] !!![net.suntec.app.Info.application]
I/start   (  871): [TC:81561][TT:12579] [AppLauncher] [AppContext::onUIInitialize][end] !!![net.suntec.app.Info.application]
I/start   (  871): [TC:81561][TT:12579] [AppLauncher] [AppContext::onUIAwake][end] !!![net.suntec.app.Info.application]
I/start   (  871): [TC:81561][TT:12579] [AppLauncher] [AppContext::onUIAwake][begin] !!![net.suntec.app.Setup.application]
I/start   (  149): [TC:81564][TT:43] [AppManager]   receive resp4initAppUIAwake, appid net.suntec.app.Info.application
I/start   (  149): [TC:81564][TT:95] [AppManager]   handle resp initui_awake, appid net.suntec.app.Info.application
I/start   (  149): [TC:81565][TT:96] [AppManager]  send finished request, appid net.suntec.app.Info.application
I/start   (  149): [TC:81567][TT:96] [AppManager]   handle request launchAppService, appid net.suntec.app.Info.application
I/start   (  149): [TC:81567][TT:97] [AppManager]  send req StartAppService, appid net.suntec.app.Info.application
I/start   (  871): [TC:81573][TT:12583] [FCBase] [fnctl.csr onAwake] [begin]
I/start   (  871): [TC:81573][TT:12583] [FCBase] [fnctl.csr onAwake] [end]
I/start   (  871): [TC:81575][TT:12585] [FCBase] [fnctl.vehicle.customize onAwake] [begin]
I/start   (  871): [TC:81575][TT:12586] [FCBase] [fnctl.vehicle.customize onAwake] [end]
I/start   (  189): [TC:81577][TT:410] [Service] After onAwake [nutshell.media.usbsd]
I/start   (  871): [TC:81579][TT:12588] [FCBase] [fnctl.vehicle.dms onAwake] [begin]
I/start   (  871): [TC:81580][TT:12589] [FCBase] [fnctl.vehicle.dms onAwake] [end]
I/start   (  871): [TC:81583][TT:12592] [FCBase] [fnctl.diag.sysdiag onAwake] [begin]
I/start   (  871): [TC:81585][TT:12593] [FCBase] [fnctl.diag.sysdiag onAwake] [end]
I/start   (  871): [TC:81592][TT:12599] [FCBase] [fnctl.debug onAwake] [begin]
I/start   (  871): [TC:81593][TT:12599] [FCBase] [fnctl.debug onAwake] [end]
I/start   (  871): [TC:81599][TT:12604] [FCBase] [fnctl.update.repro onAwake] [begin]
I/start   (  871): [TC:81600][TT:12606] [FCBase] [fnctl.update.repro onAwake] [end]
I/start   (  871): [TC:81610][TT:12613] [AppLauncher] [AppContext::onUIInitialize][begin] !!![net.suntec.app.Setup.application]
I/start   (  871): [TC:81610][TT:12613] [AppLauncher] [AppContext::onUIInitialize][end] !!![net.suntec.app.Setup.application]
I/start   (  149): [TC:81612][TT:43] [AppManager]   receive resp4initAppUIAwake, appid net.suntec.app.Setup.application
I/start   (  149): [TC:81613][TT:97] [AppManager]   handle resp initui_awake, appid net.suntec.app.Setup.application
I/start   (  149): [TC:81614][TT:98] [AppManager]  send finished request, appid net.suntec.app.Setup.application
I/start   (  149): [TC:81616][TT:98] [AppManager]   handle request launchAppService, appid net.suntec.app.Setup.application
I/start   (  149): [TC:81616][TT:99] [AppManager]  send req StartAppService, appid net.suntec.app.Setup.application
I/start   (  871): [TC:81622][TT:12613] [AppLauncher] [AppContext::onUIAwake][end] !!![net.suntec.app.Setup.application]
I/start   (  871): [TC:81622][TT:12613] [AppLauncher] [AppContext::onUIAwake][begin] !!![net.suntec.app.VR.application]
I/start   (  871): [TC:81622][TT:12613] [AppLauncher] [AppContext::onUIInitialize][begin] !!![net.suntec.app.VR.application]
I/start   (  871): [TC:81622][TT:12613] [AppLauncher] [AppContext::onUIInitialize][end] !!![net.suntec.app.VR.application]
I/start   (  149): [TC:81625][TT:44] [AppManager]   receive resp4initAppUIAwake, appid net.suntec.app.VR.application
I/start   (  149): [TC:81626][TT:100] [AppManager]   handle resp initui_awake, appid net.suntec.app.VR.application
I/start   (  149): [TC:81627][TT:101] [AppManager]  send finished request, appid net.suntec.app.VR.application
I/start   (  149): [TC:81629][TT:101] [AppManager]   handle request launchAppService, appid net.suntec.app.VR.application
I/start   (  149): [TC:81629][TT:101] [AppManager]  send req StartAppService, appid net.suntec.app.VR.application
I/start   (  871): [TC:81638][TT:12614] [AppLauncher] [AppContext::onUIAwake][end] !!![net.suntec.app.VR.application]
I/start   (  871): [TC:81639][TT:12614] [AppLauncher] [AppContext::onUIAwake][begin] !!![net.suntec.app.Apps.application]
I/start   (  189): [TC:81655][TT:413] [Service] notify status ready [nutshell.media.usbsd]
I/start   (  871): [TC:81661][TT:12621] [AppLauncher] [AppContext::onUIInitialize][begin] !!![net.suntec.app.Apps.application]
I/start   (  871): [TC:81661][TT:12621] [AppLauncher] [AppContext::onUIInitialize][end] !!![net.suntec.app.Apps.application]
I/start   (  149): [TC:81663][TT:44] [AppManager]   receive resp4initAppUIAwake, appid net.suntec.app.Apps.application
I/start   (  149): [TC:81664][TT:102] [AppManager]   handle resp initui_awake, appid net.suntec.app.Apps.application
I/start   (  149): [TC:81665][TT:103] [AppManager]  send finished request, appid net.suntec.app.Apps.application
I/start   (  149): [TC:81665][TT:103] [AppManager] send broadcast to app for notify awake finished
I/start   (  871): [TC:81669][TT:4] [AppManager] App Reciver AwakeFinished, set UI pri -4
I/start   (  149): [TC:81671][TT:103] [AppManager]   handle request launchAppService, appid net.suntec.app.Apps.application
I/start   (  149): [TC:81673][TT:104] [AppManager]  send req StartAppService, appid net.suntec.app.Apps.application
I/start   (  871): [TC:81677][TT:12622] [AppLauncher] [AppContext::onUIAwake][end] !!![net.suntec.app.Apps.application]
I/start   (  163): [TC:81679][TT:13] [mediamanager] Apps
I/start   (  149): [TC:81684][TT:45] [AppManager]   receive resp4serviceLaunched, appid net.suntec.app.AV.application
I/start   (  149): [TC:81685][TT:104] [AppManager]   handle resp startservice, appid net.suntec.app.AV.application
I/start   (  149): [TC:81686][TT:105] [AppManager]  send finished request, appid net.suntec.app.AV.application
I/start   (  149): [TC:81687][TT:105] [AppManager]   handle request launchAppService, appid net.suntec.app.AV.application
I/start   (  149): [TC:81687][TT:106] [AppManager]  send req StartAppService, appid net.suntec.app.AV.application
I/start   (  149): [TC:81698][TT:46] [AppManager]   receive resp4serviceLaunched, appid net.suntec.app.Phone.application
I/start   (  149): [TC:81698][TT:106] [AppManager]   handle resp startservice, appid net.suntec.app.Phone.application
I/start   (  149): [TC:81700][TT:107] [AppManager]  send finished request, appid net.suntec.app.Phone.application
I/start   (  149): [TC:81701][TT:107] [AppManager]   handle request launchAppService, appid net.suntec.app.Phone.application
I/start   (  149): [TC:81702][TT:108] [AppManager]  send req StartAppService, appid net.suntec.app.Phone.application
I/start   (  146): [TC:81734][TT:20] [ServiceManager] ServiceStatusChanged [nutshell.media.usbsd:3]
I/start   (  149): [TC:81764][TT:46] [AppManager]   receive resp4serviceLaunched, appid net.suntec.app.Info.application
I/start   (  149): [TC:81777][TT:109] [AppManager]   handle resp startservice, appid net.suntec.app.Info.application
I/start   (  149): [TC:81779][TT:110] [AppManager]  send finished request, appid net.suntec.app.Info.application
I/start   (  149): [TC:81779][TT:110] [AppManager]   handle request launchAppService, appid net.suntec.app.Info.application
I/start   (  149): [TC:81780][TT:110] [AppManager]  send req StartAppService, appid net.suntec.app.Info.application
I/start   (  149): [TC:81799][TT:47] [AppManager]   receive resp4serviceLaunched, appid net.suntec.app.Setup.application
I/start   (  149): [TC:81802][TT:111] [AppManager]   handle resp startservice, appid net.suntec.app.Setup.application
I/start   (  149): [TC:81804][TT:112] [AppManager]  send finished request, appid net.suntec.app.Setup.application
I/start   (  149): [TC:81805][TT:112] [AppManager]   handle request launchAppService, appid net.suntec.app.Setup.application
I/start   (  149): [TC:81805][TT:113] [AppManager]  send req StartAppService, appid net.suntec.app.Setup.application
I/start   (  150): [TC:81887][TT:5] [PowerManager] call PnpHandler doColdBoot succeed.
I/start   (  149): [TC:81893][TT:47] [AppManager]   receive resp4serviceLaunched, appid net.suntec.app.VR.application
I/start   (  149): [TC:81893][TT:113] [AppManager]   handle resp startservice, appid net.suntec.app.VR.application
I/start   (  149): [TC:81894][TT:114] [AppManager]  send finished request, appid net.suntec.app.VR.application
I/start   (  149): [TC:81897][TT:115] [AppManager]   handle request launchAppService, appid net.suntec.app.VR.application
I/start   (  149): [TC:81897][TT:115] [AppManager]  send req StartAppService, appid net.suntec.app.VR.application
I/start   (  149): [TC:81904][TT:48] [AppManager]   receive resp4serviceLaunched, appid net.suntec.app.Apps.application
I/start   (  149): [TC:81905][TT:115] [AppManager]   handle resp startservice, appid net.suntec.app.Apps.application
I/start   (  149): [TC:81908][TT:117] [AppManager]  send finished request, appid net.suntec.app.Apps.application
I/start   (  149): [TC:81908][TT:117] [AppManager]   handle request launchAppService, appid net.suntec.app.Apps.application
I/start   (  149): [TC:81910][TT:118] [AppManager]  send req StartAppService, appid net.suntec.app.Apps.application
I/start   (  149): [TC:81921][TT:49] [AppManager]   receive resp4serviceLaunched, appid net.suntec.app.AV.application
I/start   (  149): [TC:81922][TT:118] [AppManager]   handle resp startservice, appid net.suntec.app.AV.application
I/start   (  149): [TC:81923][TT:119] [AppManager]  send finished request, appid net.suntec.app.AV.application
I/start   (  149): [TC:81928][TT:49] [AppManager]   receive resp4serviceLaunched, appid net.suntec.app.Phone.application
I/start   (  149): [TC:81930][TT:120] [AppManager]   handle resp startservice, appid net.suntec.app.Phone.application
I/start   (  149): [TC:81931][TT:121] [AppManager]  send finished request, appid net.suntec.app.Phone.application
I/start   (  149): [TC:81935][TT:50] [AppManager]   receive resp4serviceLaunched, appid net.suntec.app.Info.application
I/start   (  149): [TC:81936][TT:121] [AppManager]   handle resp startservice, appid net.suntec.app.Info.application
I/start   (  149): [TC:81937][TT:122] [AppManager]  send finished request, appid net.suntec.app.Info.application
I/start   (  149): [TC:81942][TT:51] [AppManager]   receive resp4serviceLaunched, appid net.suntec.app.Setup.application
I/start   (  149): [TC:81943][TT:123] [AppManager]   handle resp startservice, appid net.suntec.app.Setup.application
I/start   (  149): [TC:81944][TT:123] [AppManager]  send finished request, appid net.suntec.app.Setup.application
I/start   (  149): [TC:81947][TT:52] [AppManager]   receive resp4serviceLaunched, appid net.suntec.app.VR.application
I/start   (  149): [TC:81947][TT:124] [AppManager]   handle resp startservice, appid net.suntec.app.VR.application
I/start   (  149): [TC:81948][TT:124] [AppManager]  send finished request, appid net.suntec.app.VR.application
I/start   (  149): [TC:81952][TT:52] [AppManager]   receive resp4serviceLaunched, appid net.suntec.app.Apps.application
I/start   (  149): [TC:81952][TT:125] [AppManager]   handle resp startservice, appid net.suntec.app.Apps.application
I/start   (  149): [TC:81953][TT:125] [AppManager]  send finished request, appid net.suntec.app.Apps.application
I/start   (  150): [TC:81889][TT:7] [PowerManager] Start other lazy services after first App ready. [21]
I/start   (  146): [TC:82058][TT:209] [ServiceManager] askStartService [nutshell.renewal.sysupdate:2]
I/start   (  146): [TC:82058][TT:209] [ServiceManager] askStartService [nutshell.vehicle.meter:2]
I/start   (  146): [TC:82058][TT:209] [ServiceManager] askStartService [nutshell.commu.telephony:2]
I/start   (  146): [TC:82058][TT:209] [ServiceManager] askStartService [nutshell.voice.tts:2]
I/start   (  146): [TC:82058][TT:209] [ServiceManager] askStartService [nutshell.voice.voicerecognizer:2]
I/start   (  146): [TC:82058][TT:209] [ServiceManager] askStartService [nutshell.picturechange.picturechange:2]
I/start   (  227): [TC:82072][TT:257] [Service] Before onAwake [nutshell.voice.tts]
I/start   (  230): [TC:82078][TT:94] [Service] Before onAwake [nutshell.renewal.sysupdate]
I/start   (  225): [TC:82084][TT:607] [Service] Before onAwake [nutshell.picturechange.picturechange]
I/start   (  225): [TC:82085][TT:608] [Service] After onAwake [nutshell.picturechange.picturechange]
I/start   (  226): [TC:82085][TT:444] [Service] Before onAwake [nutshell.commu.telephony]
I/start   (  226): [TC:82085][TT:444] [Service] After onAwake [nutshell.commu.telephony]
I/start   (  226): [TC:82086][TT:444] [Service] notify status ready [nutshell.commu.telephony]
I/start   (  227): [TC:82087][TT:264] [nutshell.voice.tts] nutshell.voice.tts[onAwake]
I/start   (  220): [TC:82088][TT:70] [Service] Before onAwake [nutshell.vehicle.meter]
I/start   (  225): [TC:82092][TT:609] [Service] notify status ready [nutshell.picturechange.picturechange]
I/start   (  146): [TC:82092][TT:20] [ServiceManager] ServiceStatusChanged [nutshell.commu.telephony:3]
I/start   (  146): [TC:82093][TT:22] [ServiceManager] ServiceStatusChanged [nutshell.picturechange.picturechange:3]
I/start   (  227): [TC:82130][TT:301] [Service] After onAwake [nutshell.voice.tts]
I/start   (  227): [TC:82161][TT:327] [Service] notify status ready [nutshell.voice.tts]
I/start   (  227): [TC:82139][TT:5] [TTS] [TTS]:Recieve onawake start
I/start   (  146): [TC:82198][TT:20] [ServiceManager] ServiceStatusChanged [nutshell.voice.tts:3]
I/start   (  871): [TC:82237][TT:12727] [statusbar] [NQStatusBar::checkTSL()] [check tsl icon index begin]
I/start   (  871): [TC:82237][TT:12727] [statusbar] [NQStatusBar::checkTSL()] [check tsl icon index end]
I/start   (  871): [TC:82237][TT:12727] [statusbar] [NQStatusBar::checkTSL()] [get product country (getUICFunc isSupportTsl) begin]
I/start   (  871): [TC:82237][TT:12727] [statusbar] [NQStatusBar::checkTSL()] [get product country (getUICFunc isSupportTsl) end]
I/start   (  871): [TC:82237][TT:12728] [statusbar] [NQStatusBar::checkTSL()] [get system info tsl status begin]
I/start   (  871): [TC:82237][TT:12728] [statusbar] [NQStatusBar::checkTSL()] [get system info tsl status end]
I/start   (  871): [TC:82237][TT:12728] [statusbar] [NQStatusBar::checkTSL()] [get tsl connect type begin]
I/start   (  871): [TC:82237][TT:12728] [statusbar] [NQStatusBar::checkTSL()] [get tsl connect type end]
I/start   (  871): [TC:82237][TT:12728] [statusbar] [NQStatusBar::checkTSL()] [get tsl app list transfer type begin]
I/start   (  871): [TC:82237][TT:12728] [statusbar] [NQStatusBar::checkTSL()] [get tsl app list transfer type end]
I/start   (  871): [TC:82238][TT:12729] [statusbar] [NQStatusBar::checkTSL()] [show tsl mark begin]
I/start   (  871): [TC:82238][TT:12729] [statusbar] [NQStatusBar::checkTSL()] [get tsl icon position begin]
I/start   (  871): [TC:82238][TT:12729] [statusbar] [NQStatusBar::checkTSL()] [get tsl icon position end]
I/start   (  230): [TC:82262][TT:97] [NCUpdateService] NCUpdateService::onAwake
I/start   (  187): [TC:82350][TT:354] [Service] After onAwake [nutshell.media.tuner]
I/start   (  871): [TC:82374][TT:12747] [statusbar] [NQStatusBar::checkTSL()] [delete tsl button update position]
I/start   (  187): [TC:82487][TT:355] [Service] notify status ready [nutshell.media.tuner]
I/start   (  146): [TC:82597][TT:21] [ServiceManager] ServiceStatusChanged [nutshell.media.tuner:3]
I/start   (  871): [TC:82777][TT:12785] [---------QML---------] [NQImageBase::setImage] imgId[] [begin]
I/start   (  871): [TC:82779][TT:12786] [---------QML---------] [NQImageBase::setImage] imgId[] [end]
I/start   (  871): [TC:82779][TT:12786] [---------QML---------] [NQImageBase::setImage] imgId[] [begin]
I/start   (  871): [TC:82779][TT:12787] [---------QML---------] [NQImageBase::setImage] imgId[] [end]
I/start   (  871): [TC:82779][TT:12787] [---------QML---------] [NQImageBase::setImage] imgId[TEX_PNG_BUHIN_02_1_51] [begin]
I/start   (  871): [TC:82779][TT:12787] [---------QML---------] [NQImageBase::setImage] imgId[TEX_PNG_BUHIN_02_1_51] [end]
I/start   (  228): [TC:83030][TT:949] [Service] Before onAwake [nutshell.voice.voicerecognizer]
I/start   (  220): [TC:83058][TT:138] [Service] After onAwake [nutshell.vehicle.meter]
I/start   (  228): [TC:83031][TT:951] [nutshell.voice.voicerecognizer] nutshell.voice.voicerecognizer[onAwake]
I/start   (  220): [TC:83140][TT:139] [Service] notify status ready [nutshell.vehicle.meter]
I/start   (  146): [TC:83141][TT:20] [ServiceManager] ServiceStatusChanged [nutshell.vehicle.meter:3]
I/start   (  871): [TC:83272][TT:12833] [---------QML---------] [NQGuiApplication::notify] [triggerUpdateEvent] [begin]
I/start   (  871): [TC:83274][TT:12835] [---------QML---------] [NQGuiApplication::notify] [triggerUpdateEvent] [end]
I/start   (  871): [TC:83274][TT:12835] [---------QML---------] [QGuiApplication::notify] [begin]
I/start   (  871): [TC:83275][TT:12835] [---------QML---------] [NQImage::updatePaintNode] [begin]
I/start   (  871): [TC:83275][TT:12836] [---------QML---------] [NQImage::updatePaintNode] [end]
I/start   (  871): [TC:83275][TT:12836] [---------QML---------] [NQImage::updatePaintNode] [begin]
I/start   (  871): [TC:83275][TT:12836] [---------QML---------] [NQImage::updatePaintNode] error [end]
I/start   (  871): [TC:83275][TT:12836] [---------QML---------] [NQImage::updatePaintNode] [begin]
I/start   (  871): [TC:83275][TT:12836] [---------QML---------] [NQImage::updatePaintNode] error [end]
I/start   (  871): [TC:83298][TT:12840] [---------QML---------] [NQPngTexture::bind] [begin]
I/start   (  871): [TC:83298][TT:12841] [---------QML---------] [NQPngTexture::bind] rebound ok [end]
I/start   (  871): [TC:83299][TT:12841] [---------QML---------] [NQPngTexture::bind] [begin]
I/start   (  871): [TC:83299][TT:12841] [---------QML---------] [NQPngTexture::bind] rebound ok [end]
I/start   (  871): [TC:83299][TT:12841] [---------QML---------] [NQPngTexture::bind] [begin]
I/start   (  871): [TC:83299][TT:12841] [---------QML---------] [NQPngTexture::bind] rebound ok [end]
I/start   (  871): [TC:83299][TT:12841] [---------QML---------] [NQPngTexture::bind] [begin]
I/start   (  871): [TC:83299][TT:12841] [---------QML---------] [NQPngTexture::bind] rebound ok [end]
I/start   (  871): [TC:83299][TT:12841] [---------QML---------] [NQPngTexture::bind] [begin]
I/start   (  871): [TC:83299][TT:12841] [---------QML---------] [NQPngTexture::bind] rebound ok [end]
I/start   (  871): [TC:83299][TT:12841] [---------QML---------] [NQPngTexture::bind] [begin]
I/start   (  871): [TC:83299][TT:12841] [---------QML---------] [NQPngTexture::bind] rebound ok [end]
I/start   (  871): [TC:83299][TT:12842] [---------QML---------] [NQPngTexture::bind] [begin]
I/start   (  871): [TC:83299][TT:12842] [---------QML---------] [NQPngTexture::bind] rebound ok [end]
I/start   (  871): [TC:83299][TT:12842] [---------QML---------] [NQPngTexture::bind] [begin]
I/start   (  871): [TC:83299][TT:12842] [---------QML---------] [NQPngTexture::bind] rebound ok [end]
I/start   (  871): [TC:83306][TT:12842] [---------QML---------] [NQPngTexture::bind] [begin]
I/start   (  871): [TC:83306][TT:12843] [---------QML---------] [NQPngTexture::bind] rebound ok [end]
I/start   (  871): [TC:83306][TT:12843] [---------QML---------] [NQPngTexture::bind] [begin]
I/start   (  871): [TC:83306][TT:12843] [---------QML---------] [NQPngTexture::bind] rebound ok [end]
I/start   (  871): [TC:83306][TT:12843] [---------QML---------] [NQPngTexture::bind] [begin]
I/start   (  206): [TC:83334][TT:81] [NCDIAGService] NCDIAG_InitProcess::startServiceAndFileRelatedReq End
I/start   (  871): [TC:83344][TT:12844] [---------QML---------] [NQPngTexture::bind] [end]
I/start   (  871): [TC:83345][TT:12845] [---------QML---------] [NQPngTexture::bind] [begin]
I/start   (  871): [TC:83345][TT:12845] [---------QML---------] [NQPngTexture::bind] rebound ok [end]
I/start   (  871): [TC:83346][TT:12845] [---------QML---------] [NQPngTexture::bind] [begin]
I/start   (  871): [TC:83347][TT:12845] [---------QML---------] [NQPngTexture::bind] rebound ok [end]
I/start   (  871): [TC:83348][TT:12846] [---------QML---------] [NQPngTexture::bind] [begin]
I/start   (  871): [TC:83348][TT:12846] [---------QML---------] [NQPngTexture::bind] rebound ok [end]
I/start   (  871): [TC:83348][TT:12846] [---------QML---------] [NQPngTexture::bind] [begin]
I/start   (  871): [TC:83348][TT:12846] [---------QML---------] [NQPngTexture::bind] rebound ok [end]
I/start   (  871): [TC:83388][TT:12848] [---------QML---------] [QGuiApplication::notify] [end]
I/start   (  230): [TC:83581][TT:178] [NCUpdateService] NCUpdateService::onAwake end
I/start   (  230): [TC:83581][TT:178] [Service] After onAwake [nutshell.renewal.sysupdate]
I/start   (  230): [TC:83662][TT:179] [Service] notify status ready [nutshell.renewal.sysupdate]
I/start   (  146): [TC:83714][TT:21] [ServiceManager] ServiceStatusChanged [nutshell.renewal.sysupdate:3]
I/start   (  228): [TC:83979][TT:1008] [Service] After onAwake [nutshell.voice.voicerecognizer]
I/start   (  228): [TC:83982][TT:1] [VoiceRecog] [VoiceRecog]:Recieve onawake start
I/start   (  228): [TC:84094][TT:1019] [Service] notify status ready [nutshell.voice.voicerecognizer]
I/start   (  871): [TC:84095][TT:12923] [SysUI_INT] [closePLCation] [begin]
I/start   (  871): [TC:84116][TT:12930] [---------QML---------] [NQViewBase::deactive] [begin]
I/start   (  871): [TC:84117][TT:12931] [---------QML---------] [NQViewBase::deactive] [end]
I/start   (  225): [TC:84142][TT:3] [appcontrol] [startQueryStartupMode]
I/start   (  225): [TC:84142][TT:3] [AppControl] [startLastMode] sendQueryStartupMode cur process  [6]
I/start   (  225): [TC:84147][TT:6] [AppControl] [startLastMode] sendQueryStartupMode error
I/start   (  225): [TC:84147][TT:7] [AppControl] [startLastMode] sendQueryStartupMode cur process  [7]
I/start   (  225): [TC:84147][TT:7] [AppControl] [startLastMode] sendQueryStartupMode error
I/start   (  225): [TC:84147][TT:7] [AppControl] [startLastMode] sendQueryStartupMode cur process  [5]
I/start   (  225): [TC:84147][TT:7] [AppControl] [startLastMode] sendQueryStartupMode error
I/start   (  225): [TC:84147][TT:7] [AppControl] [startLastMode] sendQueryStartupMode cur process  [9]
I/start   (  225): [TC:84147][TT:7] [AppControl] [startLastMode] sendQueryStartupMode error
I/start   (  225): [TC:84147][TT:7] [AppControl] [startLastMode] sendQueryStartupMode cur process  [2]
I/start   (  225): [TC:84148][TT:7] [AppControl] [startLastMode] sendQueryStartupMode error
I/start   (  225): [TC:84148][TT:7] [AppControl] [startLastMode] sendQueryStartupMode cur process  [8]
I/start   (  225): [TC:84149][TT:8] [AppControl] [startLastMode] sendQueryStartupMode cur process  [255]
I/start   (  225): [TC:84149][TT:8] [AppControl] [startLastMode] sendQueryStartupMode error
I/start   (  225): [TC:84149][TT:8] [AppControl] [startLastMode] queryStartupModeFinished 
I/start   (  205): [TC:84172][TT:421] [Service] After onAwake [nutshell.media.tsl]
I/start   (  205): [TC:84172][TT:422] [Service] notify status ready [nutshell.media.tsl]
I/start   (  146): [TC:84175][TT:23] [ServiceManager] ServiceStatusChanged [nutshell.voice.voicerecognizer:3]
I/start   (  871): [TC:84178][TT:12934] [---------QML---------] [NQViewBase::deactive] [begin]
I/start   (  871): [TC:84178][TT:12934] [---------QML---------] [NQViewBase::deactive] [end]
I/start   (  871): [TC:84181][TT:12937] [SysUI_INT] [closePLCation] [end]
I/start   (  146): [TC:84248][TT:21] [ServiceManager] ServiceStatusChanged [nutshell.media.tsl:3]
I/start   (  871): [TC:84304][TT:12956] [---------QML---------] [NQGuiApplication::notify] [triggerUpdateEvent] [begin]
I/start   (  871): [TC:84307][TT:12958] [---------QML---------] [NQGuiApplication::notify] [triggerUpdateEvent] [end]
I/start   (  871): [TC:84307][TT:12958] [---------QML---------] [QGuiApplication::notify] [begin]
I/start   (  871): [TC:84317][TT:12967] [---------QML---------] [NQPngTexture::bind] [begin]
I/start   (  871): [TC:84318][TT:12967] [---------QML---------] [NQPngTexture::bind] rebound ok [end]
I/start   (  871): [TC:84318][TT:12967] [---------QML---------] [NQPngTexture::bind] [begin]
I/start   (  871): [TC:84318][TT:12967] [---------QML---------] [NQPngTexture::bind] rebound ok [end]
I/start   (  871): [TC:84318][TT:12967] [---------QML---------] [NQPngTexture::bind] [begin]
I/start   (  871): [TC:84318][TT:12967] [---------QML---------] [NQPngTexture::bind] rebound ok [end]
I/start   (  871): [TC:84318][TT:12967] [---------QML---------] [NQPngTexture::bind] [begin]
I/start   (  871): [TC:84318][TT:12967] [---------QML---------] [NQPngTexture::bind] rebound ok [end]
I/start   (  871): [TC:84318][TT:12967] [---------QML---------] [NQPngTexture::bind] [begin]
I/start   (  871): [TC:84318][TT:12967] [---------QML---------] [NQPngTexture::bind] rebound ok [end]
I/start   (  871): [TC:84319][TT:12968] [---------QML---------] [NQPngTexture::bind] [begin]
I/start   (  871): [TC:84319][TT:12968] [---------QML---------] [NQPngTexture::bind] rebound ok [end]
I/start   (  871): [TC:84319][TT:12968] [---------QML---------] [NQPngTexture::bind] [begin]
I/start   (  871): [TC:84319][TT:12968] [---------QML---------] [NQPngTexture::bind] rebound ok [end]
I/start   (  871): [TC:84319][TT:12968] [---------QML---------] [NQPngTexture::bind] [begin]
I/start   (  871): [TC:84319][TT:12968] [---------QML---------] [NQPngTexture::bind] rebound ok [end]
I/start   (  871): [TC:84319][TT:12968] [---------QML---------] [NQPngTexture::bind] [begin]
I/start   (  871): [TC:84319][TT:12968] [---------QML---------] [NQPngTexture::bind] rebound ok [end]
I/start   (  871): [TC:84376][TT:12969] [---------QML---------] [NQPngTexture::bind] [begin]
I/start   (  871): [TC:84376][TT:12969] [---------QML---------] [NQPngTexture::bind] rebound ok [end]
I/start   (  871): [TC:84377][TT:12969] [---------QML---------] [NQPngTexture::bind] [begin]
I/start   (  871): [TC:84377][TT:12969] [---------QML---------] [NQPngTexture::bind] rebound ok [end]
I/start   (  871): [TC:84381][TT:12971] [---------QML---------] [QGuiApplication::notify] [end]
I/start   (  871): [TC:84505][TT:12986] [StartMenu] [StartMenu::checkAppMenu()] [begin]
I/start   (  871): [TC:84505][TT:12986] [StartMenu] [StartMenu::checkAppMenu()] [findItemByIndex()] [begin]
I/start   (  871): [TC:84505][TT:12986] [StartMenu] [StartMenu::checkAppMenu()] [findItemByIndex()] [end]
I/start   (  871): [TC:84505][TT:12986] [StartMenu] [StartMenu::checkAppMenu()] [isSupportTsl()] [begin]
I/start   (  871): [TC:84505][TT:12986] [StartMenu] [StartMenu::checkAppMenu()] [isSupportTsl()] [end]
I/start   (  871): [TC:84505][TT:12986] [StartMenu] [StartMenu::checkAppMenu()] [isSupportMirrorLink()] [begin]
I/start   (  871): [TC:84505][TT:12986] [StartMenu] [StartMenu::checkAppMenu()] [isSupportMirrorLink()] [end]
I/start   (  871): [TC:84505][TT:12986] [StartMenu] [StartMenu::checkAppMenu()] [isRegion_EU()] [begin]
I/start   (  871): [TC:84505][TT:12986] [StartMenu] [StartMenu::checkAppMenu()] [isRegion_EU()] [end]
I/start   (  871): [TC:84505][TT:12986] [StartMenu] [StartMenu::checkAppMenu()] [end]
I/start   (  871): [TC:84505][TT:12986] [StartMenu] [StartMenu::checkAppMenu()] [begin]
I/start   (  871): [TC:84505][TT:12986] [StartMenu] [StartMenu::checkAppMenu()] [findItemByIndex()] [begin]
I/start   (  871): [TC:84505][TT:12986] [StartMenu] [StartMenu::checkAppMenu()] [findItemByIndex()] [end]
I/start   (  871): [TC:84505][TT:12986] [StartMenu] [StartMenu::checkAppMenu()] [isSupportTsl()] [begin]
I/start   (  871): [TC:84505][TT:12986] [StartMenu] [StartMenu::checkAppMenu()] [isSupportTsl()] [end]
I/start   (  871): [TC:84505][TT:12986] [StartMenu] [StartMenu::checkAppMenu()] [isSupportMirrorLink()] [begin]
I/start   (  871): [TC:84505][TT:12986] [StartMenu] [StartMenu::checkAppMenu()] [isSupportMirrorLink()] [end]
I/start   (  871): [TC:84505][TT:12986] [StartMenu] [StartMenu::checkAppMenu()] [isRegion_EU()] [begin]
I/start   (  871): [TC:84505][TT:12986] [StartMenu] [StartMenu::checkAppMenu()] [isRegion_EU()] [end]
I/start   (  871): [TC:84505][TT:12986] [StartMenu] [StartMenu::checkAppMenu()] [end]
I/start   (  871): [TC:84579][TT:12995] [statusbar] [NQStatusBar::checkTSL()] [check tsl icon index begin]
I/start   (  871): [TC:84580][TT:12995] [statusbar] [NQStatusBar::checkTSL()] [check tsl icon index end]
I/start   (  871): [TC:84580][TT:12995] [statusbar] [NQStatusBar::checkTSL()] [get product country (getUICFunc isSupportTsl) begin]
I/start   (  871): [TC:84580][TT:12995] [statusbar] [NQStatusBar::checkTSL()] [get product country (getUICFunc isSupportTsl) end]
I/start   (  871): [TC:84580][TT:12995] [statusbar] [NQStatusBar::checkTSL()] [get system info tsl status begin]
